Archive member included to satisfy reference by file (symbol)

../../libDaisy/build/libdaisy.a(daisy_seed.o)
                              build/MIDIController.o (daisy::DaisySeed::Configure())
../../libDaisy/build/libdaisy.a(codec_ak4556.o)
                              ../../libDaisy/build/libdaisy.a(daisy_seed.o) (daisy::Ak4556::Init(dsy_gpio_pin))
../../libDaisy/build/libdaisy.a(codec_wm8731.o)
                              ../../libDaisy/build/libdaisy.a(daisy_seed.o) (daisy::Wm8731::Init(daisy::Wm8731::Config const&, daisy::I2CHandle))
../../libDaisy/build/libdaisy.a(sdram.o)
                              ../../libDaisy/build/libdaisy.a(daisy_seed.o) (SdramHandle::Init())
../../libDaisy/build/libdaisy.a(audio.o)
                              ../../libDaisy/build/libdaisy.a(daisy_seed.o) (daisy::AudioHandle::Init(daisy::AudioHandle::Config const&, daisy::SaiHandle))
../../libDaisy/build/libdaisy.a(logger.o)
                              build/MIDIController.o (daisy::Logger<(daisy::LoggerDestination)1>::Print(char const*, ...))
../../libDaisy/build/libdaisy.a(midi_parser.o)
                              build/MIDIController.o (daisy::MidiParser::Reset())
../../libDaisy/build/libdaisy.a(usb.o)
                              ../../libDaisy/build/libdaisy.a(logger.o) (daisy::UsbHandle::Init(daisy::UsbHandle::UsbPeriph))
../../libDaisy/build/libdaisy.a(usb_midi.o)
                              build/MIDIController.o (daisy::MidiUsbTransport::Init(daisy::MidiUsbTransport::Config))
../../libDaisy/build/libdaisy.a(adc.o)
                              build/MIDIController.o (daisy::AdcChannelConfig::InitSingle(dsy_gpio_pin, daisy::AdcChannelConfig::ConversionSpeed))
../../libDaisy/build/libdaisy.a(gpio.o)
                              build/MIDIController.o (daisy::GPIO::Init(daisy::Pin, daisy::GPIO::Mode, daisy::GPIO::Pull, daisy::GPIO::Speed))
../../libDaisy/build/libdaisy.a(i2c.o)
                              ../../libDaisy/build/libdaisy.a(daisy_seed.o) (daisy::I2CHandle::Init(daisy::I2CHandle::Config const&))
../../libDaisy/build/libdaisy.a(qspi.o)
                              ../../libDaisy/build/libdaisy.a(daisy_seed.o) (daisy::QSPIHandle::Init(daisy::QSPIHandle::Config const&))
../../libDaisy/build/libdaisy.a(sai.o)
                              ../../libDaisy/build/libdaisy.a(daisy_seed.o) (daisy::SaiHandle::Init(daisy::SaiHandle::Config const&))
../../libDaisy/build/libdaisy.a(system.o)
                              ../../libDaisy/build/libdaisy.a(daisy_seed.o) (daisy::System::DeInit())
../../libDaisy/build/libdaisy.a(system_stm32h7xx.o)
                              build/startup_stm32h750xx.o (SystemInit)
../../libDaisy/build/libdaisy.a(usbd_cdc_if.o)
                              ../../libDaisy/build/libdaisy.a(usb.o) (CDC_Transmit_FS)
../../libDaisy/build/libdaisy.a(usbd_conf.o)
                              ../../libDaisy/build/libdaisy.a(system.o) (hpcd_USB_OTG_HS)
../../libDaisy/build/libdaisy.a(usbd_desc.o)
                              ../../libDaisy/build/libdaisy.a(usb.o) (HS_Desc)
../../libDaisy/build/libdaisy.a(usbh_conf.o)
                              ../../libDaisy/build/libdaisy.a(system.o) (hhcd_USB_OTG_HS)
../../libDaisy/build/libdaisy.a(hal_map.o)
                              ../../libDaisy/build/libdaisy.a(gpio.o) (dsy_hal_map_get_port)
../../libDaisy/build/libdaisy.a(stm32h7xx_hal.o)
                              ../../libDaisy/build/libdaisy.a(system.o) (HAL_Init)
../../libDaisy/build/libdaisy.a(stm32h7xx_hal_adc.o)
                              ../../libDaisy/build/libdaisy.a(adc.o) (HAL_ADC_ConfigChannel)
../../libDaisy/build/libdaisy.a(stm32h7xx_hal_adc_ex.o)
                              ../../libDaisy/build/libdaisy.a(adc.o) (HAL_ADCEx_Calibration_Start)
../../libDaisy/build/libdaisy.a(stm32h7xx_hal_cortex.o)
                              ../../libDaisy/build/libdaisy.a(stm32h7xx_hal.o) (HAL_NVIC_SetPriorityGrouping)
../../libDaisy/build/libdaisy.a(stm32h7xx_hal_dma.o)
                              ../../libDaisy/build/libdaisy.a(adc.o) (HAL_DMA_Init)
../../libDaisy/build/libdaisy.a(stm32h7xx_hal_gpio.o)
                              ../../libDaisy/build/libdaisy.a(sdram.o) (HAL_GPIO_Init)
../../libDaisy/build/libdaisy.a(stm32h7xx_hal_hcd.o)
                              ../../libDaisy/build/libdaisy.a(usbh_conf.o) (HAL_HCD_HC_Init)
../../libDaisy/build/libdaisy.a(stm32h7xx_hal_i2c.o)
                              ../../libDaisy/build/libdaisy.a(i2c.o) (HAL_I2C_Init)
../../libDaisy/build/libdaisy.a(stm32h7xx_hal_i2c_ex.o)
                              ../../libDaisy/build/libdaisy.a(i2c.o) (HAL_I2CEx_ConfigAnalogFilter)
../../libDaisy/build/libdaisy.a(stm32h7xx_hal_pcd.o)
                              ../../libDaisy/build/libdaisy.a(usbd_conf.o) (HAL_PCD_Init)
../../libDaisy/build/libdaisy.a(stm32h7xx_hal_pcd_ex.o)
                              ../../libDaisy/build/libdaisy.a(usbd_conf.o) (HAL_PCDEx_SetTxFiFo)
../../libDaisy/build/libdaisy.a(stm32h7xx_hal_pwr_ex.o)
[...]
Memory Configuration

Name             Origin             Length             Attributes
FLASH            0x0000000008000000 0x0000000000020000 xr
DTCMRAM          0x0000000020000000 0x0000000000020000 xrw
SRAM             0x0000000024000000 0x0000000000080000 xrw
RAM_D2           0x0000000030000000 0x0000000000048000 xrw
RAM_D3           0x0000000038000000 0x0000000000010000 xrw
BACKUP_SRAM      0x0000000038800000 0x0000000000001000 xrw
ITCMRAM          0x0000000000000000 0x0000000000010000 xrw
SDRAM            0x00000000c0000000 0x0000000004000000 xrw
QSPIFLASH        0x0000000090000000 0x0000000000800000 xr
*default*        0x0000000000000000 0xffffffffffffffff

Linker script and memory map

LOAD /Library/DaisyToolchain/0.2.0/arm/bin/../lib/gcc/arm-none-eabi/10.3.1/thumb/v7e-m+dp/hard/crti.o
LOAD /Library/DaisyToolchain/0.2.0/arm/bin/../lib/gcc/arm-none-eabi/10.3.1/thumb/v7e-m+dp/hard/crtbegin.o
LOAD /Library/DaisyToolchain/0.2.0/arm/bin/../lib/gcc/arm-none-eabi/10.3.1/../../../../arm-none-eabi/lib/thumb/v7e-m+dp/hard/crt0.o
LOAD build/startup_stm32h750xx.o
LOAD build/MIDIController.o
LOAD ../../libDaisy/build/libdaisy.a
LOAD /Library/DaisyToolchain/0.2.0/arm/bin/../lib/gcc/arm-none-eabi/10.3.1/../../../../arm-none-eabi/lib/thumb/v7e-m+dp/hard/libnosys.a
LOAD ../../DaisySP/build/libdaisysp.a
LOAD /Library/DaisyToolchain/0.2.0/arm/bin/../lib/gcc/arm-none-eabi/10.3.1/../../../../arm-none-eabi/lib/thumb/v7e-m+dp/hard/libstdc++_nano.a
LOAD /Library/DaisyToolchain/0.2.0/arm/bin/../lib/gcc/arm-none-eabi/10.3.1/../../../../arm-none-eabi/lib/thumb/v7e-m+dp/hard/libm.a
LOAD /Library/DaisyToolchain/0.2.0/arm/bin/../lib/gcc/arm-none-eabi/10.3.1/../../../../arm-none-eabi/lib/thumb/v7e-m+dp/hard/libc_nano.a
START GROUP
LOAD /Library/DaisyToolchain/0.2.0/arm/bin/../lib/gcc/arm-none-eabi/10.3.1/thumb/v7e-m+dp/hard/libgcc.a
LOAD /Library/DaisyToolchain/0.2.0/arm/bin/../lib/gcc/arm-none-eabi/10.3.1/../../../../arm-none-eabi/lib/thumb/v7e-m+dp/hard/libc_nano.a
END GROUP
START GROUP
LOAD /Library/DaisyToolchain/0.2.0/arm/bin/../lib/gcc/arm-none-eabi/10.3.1/thumb/v7e-m+dp/hard/libgcc.a
LOAD /Library/DaisyToolchain/0.2.0/arm/bin/../lib/gcc/arm-none-eabi/10.3.1/../../../../arm-none-eabi/lib/thumb/v7e-m+dp/hard/libc_nano.a
LOAD /Library/DaisyToolchain/0.2.0/arm/bin/../lib/gcc/arm-none-eabi/10.3.1/../../../../arm-none-eabi/lib/thumb/v7e-m+dp/hard/libnosys.a
END GROUP
START GROUP
LOAD /Library/DaisyToolchain/0.2.0/arm/bin/../lib/gcc/arm-none-eabi/10.3.1/thumb/v7e-m+dp/hard/libgcc.a
LOAD /Library/DaisyToolchain/0.2.0/arm/bin/../lib/gcc/arm-none-eabi/10.3.1/../../../../arm-none-eabi/lib/thumb/v7e-m+dp/hard/libc_nano.a
LOAD /Library/DaisyToolchain/0.2.0/arm/bin/../lib/gcc/arm-none-eabi/10.3.1/../../../../arm-none-eabi/lib/thumb/v7e-m+dp/hard/libnosys.a
END GROUP
LOAD /Library/DaisyToolchain/0.2.0/arm/bin/../lib/gcc/arm-none-eabi/10.3.1/thumb/v7e-m+dp/hard/crtend.o
LOAD /Library/DaisyToolchain/0.2.0/arm/bin/../lib/gcc/arm-none-eabi/10.3.1/thumb/v7e-m+dp/hard/crtn.o
                0x0000000020020000                _estack = 0x20020000

.isr_vector     0x0000000008000000      0x298
                0x0000000008000000                . = ALIGN (0x4)
 *(.isr_vector)
 .isr_vector    0x0000000008000000      0x298 build/startup_stm32h750xx.o
                0x0000000008000000                g_pfnVectors
                0x0000000008000298                . = ALIGN (0x4)

.text           0x00000000080002a0    0x15bb8
                0x00000000080002a0                . = ALIGN (0x4)
                0x00000000080002a0                _stext = .
 *(.text)
 .text          0x00000000080002a0       0x40 /Library/DaisyToolchain/0.2.0/arm/bin/../lib/gcc/arm-none-eabi/10.3.1/thumb/v7e-m+dp/hard/crtbegin.o
 .text          0x00000000080002e0       0xa0 /Library/DaisyToolchain/0.2.0/arm/bin/../lib/gcc/arm-none-eabi/10.3.1/../../../../arm-none-eabi/lib/thumb/v7e-m+dp/hard/libc_nano.a(lib_a-memchr.o)
                0x00000000080002e0                memchr
 .text          0x0000000008000380       0x30 /Library/DaisyToolchain/0.2.0/arm/bin/../lib/gcc/arm-none-eabi/10.3.1/thumb/v7e-m+dp/hard/libgcc.a(_aeabi_uldivmod.o)
                0x0000000008000380                __aeabi_uldivmod
 .text          0x00000000080003b0      0x2d0 /Library/DaisyToolchain/0.2.0/arm/bin/../lib/gcc/arm-none-eabi/10.3.1/thumb/v7e-m+dp/hard/libgcc.a(_udivmoddi4.o)
                0x00000000080003b0                __udivmoddi4
 .text          0x0000000008000680        0x4 /Library/DaisyToolchain/0.2.0/arm/bin/../lib/gcc/arm-none-eabi/10.3.1/thumb/v7e-m+dp/hard/libgcc.a(_dvmd_tls.o)
                0x0000000008000680                __aeabi_ldiv0
                0x0000000008000680                __aeabi_idiv0
 *(.text*)
 .text.Default_Handler
                0x0000000008000684        0x4 build/startup_stm32h750xx.o
                0x0000000008000684                SAI1_IRQHandler
                0x0000000008000684                HASH_RNG_IRQHandler
                0x0000000008000684                EXTI2_IRQHandler
                0x0000000008000684                TIM8_CC_IRQHandler
                0x0000000008000684                HRTIM1_Master_IRQHandler
                0x0000000008000684                DebugMon_Handler
                0x0000000008000684                TIM1_CC_IRQHandler
                0x0000000008000684                BDMA_Channel6_IRQHandler
                0x0000000008000684                DMA2_Stream5_IRQHandler
                0x0000000008000684                HRTIM1_FLT_IRQHandler
                0x0000000008000684                JPEG_IRQHandler
                0x0000000008000684                BDMA_Channel1_IRQHandler
                0x0000000008000684                HRTIM1_TIMD_IRQHandler
                0x0000000008000684                TAMP_STAMP_IRQHandler
                0x0000000008000684                PendSV_Handler
                0x0000000008000684                NMI_Handler
                0x0000000008000684                EXTI3_IRQHandler
                0x0000000008000684                LPTIM4_IRQHandler
                0x0000000008000684                TIM8_TRG_COM_TIM14_IRQHandler
                0x0000000008000684                LPTIM2_IRQHandler
                0x0000000008000684                DFSDM1_FLT1_IRQHandler
                0x0000000008000684                DMAMUX2_OVR_IRQHandler
                0x0000000008000684                TIM8_UP_TIM13_IRQHandler
                0x0000000008000684                I2C3_ER_IRQHandler
                0x0000000008000684                DFSDM1_FLT2_IRQHandler
                0x0000000008000684                MDMA_IRQHandler
                0x0000000008000684                LPTIM3_IRQHandler
                0x0000000008000684                HSEM1_IRQHandler
                0x0000000008000684                EXTI0_IRQHandler
                0x0000000008000684                FPU_IRQHandler
                0x0000000008000684                OTG_HS_WKUP_IRQHandler
                0x0000000008000684                FDCAN1_IT1_IRQHandler
                0x0000000008000684                UsageFault_Handler
                0x0000000008000684                LTDC_ER_IRQHandler
                0x0000000008000684                HRTIM1_TIME_IRQHandler
                0x0000000008000684                TIM6_DAC_IRQHandler
                0x0000000008000684                DCMI_IRQHandler
                0x0000000008000684                HRTIM1_TIMC_IRQHandler
                0x0000000008000684                SAI2_IRQHandler
                0x0000000008000684                DFSDM1_FLT3_IRQHandler
                0x0000000008000684                TIM17_IRQHandler
                0x0000000008000684                CRYP_IRQHandler
                0x0000000008000684                BDMA_Channel7_IRQHandler
                0x0000000008000684                LPTIM5_IRQHandler
                0x0000000008000684                ADC3_IRQHandler
                0x0000000008000684                DMA2_Stream0_IRQHandler
                0x0000000008000684                BDMA_Channel2_IRQHandler
                0x0000000008000684                DMAMUX1_OVR_IRQHandler
                0x0000000008000684                TIM16_IRQHandler
                0x0000000008000684                BDMA_Channel5_IRQHandler
                0x0000000008000684                RCC_IRQHandler
                0x0000000008000684                TIM8_BRK_TIM12_IRQHandler
                0x0000000008000684                TIM1_TRG_COM_IRQHandler
                0x0000000008000684                Default_Handler
                0x0000000008000684                ECC_IRQHandler
                0x0000000008000684                CEC_IRQHandler
                0x0000000008000684                EXTI15_10_IRQHandler
                0x0000000008000684                BDMA_Channel0_IRQHandler
                0x0000000008000684                ADC_IRQHandler
                0x0000000008000684                DMA1_Stream7_IRQHandler
                0x0000000008000684                HRTIM1_TIMA_IRQHandler
                0x0000000008000684                TIM7_IRQHandler
                0x0000000008000684                SDMMC1_IRQHandler
                0x0000000008000684                DMA2_Stream7_IRQHandler
                0x0000000008000684                TIM15_IRQHandler
                0x0000000008000684                PVD_AVD_IRQHandler
                0x0000000008000684                EXTI9_5_IRQHandler
                0x0000000008000684                RTC_WKUP_IRQHandler
                0x0000000008000684                LTDC_IRQHandler
                0x0000000008000684                SAI3_IRQHandler
                0x0000000008000684                ETH_WKUP_IRQHandler
                0x0000000008000684                SPDIF_RX_IRQHandler
                0x0000000008000684                MemManage_Handler
                0x0000000008000684                SVC_Handler
                0x0000000008000684                CRS_IRQHandler
                0x0000000008000684                EXTI4_IRQHandler
                0x0000000008000684                HRTIM1_TIMB_IRQHandler
                0x0000000008000684                FDCAN2_IT1_IRQHandler
                0x0000000008000684                ETH_IRQHandler
                0x0000000008000684                TIM1_UP_IRQHandler
                0x0000000008000684                BDMA_Channel4_IRQHandler
                0x0000000008000684                WWDG_IRQHandler
                0x0000000008000684                SPI6_IRQHandler
                0x0000000008000684                I2C4_EV_IRQHandler
                0x0000000008000684                MDIOS_IRQHandler
                0x0000000008000684                FDCAN2_IT0_IRQHandler
                0x0000000008000684                FDCAN1_IT0_IRQHandler
                0x0000000008000684                OTG_FS_WKUP_IRQHandler
                0x0000000008000684                DMA2D_IRQHandler
                0x0000000008000684                TIM1_BRK_IRQHandler
                0x0000000008000684                EXTI1_IRQHandler
                0x0000000008000684                SDMMC2_IRQHandler
                0x0000000008000684                BDMA_Channel3_IRQHandler
                0x0000000008000684                MDIOS_WKUP_IRQHandler
                0x0000000008000684                DFSDM1_FLT0_IRQHandler
                0x0000000008000684                SAI4_IRQHandler
                0x0000000008000684                I2C2_ER_IRQHandler
                0x0000000008000684                DMA2_Stream1_IRQHandler
                0x0000000008000684                FLASH_IRQHandler
                0x0000000008000684                BusFault_Handler
                0x0000000008000684                WAKEUP_PIN_IRQHandler
                0x0000000008000684                I2C1_ER_IRQHandler
                0x0000000008000684                FMC_IRQHandler
                0x0000000008000684                FDCAN_CAL_IRQHandler
                0x0000000008000684                SWPMI1_IRQHandler
                0x0000000008000684                COMP1_IRQHandler
                0x0000000008000684                LPTIM1_IRQHandler
                0x0000000008000684                I2C4_ER_IRQHandler
                0x0000000008000684                DMA2_Stream6_IRQHandler
                0x0000000008000684                RTC_Alarm_IRQHandler
 .text.Reset_Handler
                0x0000000008000688       0x44 build/startup_stm32h750xx.o
                0x0000000008000688                Reset_Handler
 .text._ZN5daisy9DaisySeedD2Ev
                0x00000000080006cc        0x4 build/MIDIController.o
                0x00000000080006cc                daisy::DaisySeed::~DaisySeed()
                0x00000000080006cc                daisy::DaisySeed::~DaisySeed()
 .text._ZN5daisy11MidiHandlerINS_16MidiUsbTransportEED2Ev
                0x00000000080006d0        0x4 build/MIDIController.o
                0x00000000080006d0                daisy::MidiHandler<daisy::MidiUsbTransport>::~MidiHandler()
                0x00000000080006d0                daisy::MidiHandler<daisy::MidiUsbTransport>::~MidiHandler()
 .text._Z11initButtonsv
                0x00000000080006d4       0x54 build/MIDIController.o
                0x00000000080006d4                initButtons()
 .text._Z8testLEDsv
                0x0000000008000728       0x6c build/MIDIController.o
                0x0000000008000728                testLEDs()
 .text._Z11InitEncoderv
                0x0000000008000794       0x5c build/MIDIController.o
                0x0000000008000794                InitEncoder()
 .text._Z10InitFadersv
                0x00000000080007f0      0x148 build/MIDIController.o
                0x00000000080007f0                InitFaders()
 .text._Z11ReadEncoderb
                0x0000000008000938       0x70 build/MIDIController.o
                0x0000000008000938                ReadEncoder(bool)
 .text._Z14remapWithCurveff
                0x00000000080009a8       0x70 build/MIDIController.o
                0x00000000080009a8                remapWithCurve(float, float)
 .text._Z10UpdateLEDsv
                0x0000000008000a18      0x10c build/MIDIController.o
                0x0000000008000a18                UpdateLEDs()
 .text._Z10ReadFadersb
                0x0000000008000b24      0x3a0 build/MIDIController.o
                0x0000000008000b24                ReadFaders(bool)
 .text._Z11ReadButtonsb
                0x0000000008000ec4      0x21c build/MIDIController.o
                0x0000000008000ec4                ReadButtons(bool)
 .text.startup.main
                0x00000000080010e0       0x6c build/MIDIController.o
                0x00000000080010e0                main
 .text.startup._GLOBAL__sub_I_unison_active
                0x000000000800114c       0xe4 build/MIDIController.o
 .text._ZN5daisy9DaisySeed9ConfigureEv
                0x0000000008001230        0x4 ../../libDaisy/build/libdaisy.a(daisy_seed.o)
                0x0000000008001230                daisy::DaisySeed::Configure()
 .text._ZN5daisy9DaisySeed6GetPinEh
                0x0000000008001234       0x2c ../../libDaisy/build/libdaisy.a(daisy_seed.o)
                0x0000000008001234                daisy::DaisySeed::GetPin(unsigned char)
 .text._ZN5daisy9DaisySeed7DelayMsEj
                0x0000000008001260        0x8 ../../libDaisy/build/libdaisy.a(daisy_seed.o)
                0x0000000008001260                daisy::DaisySeed::DelayMs(unsigned int)
 .text._ZN5daisy9DaisySeed6SetLedEb
                0x0000000008001268        0x8 ../../libDaisy/build/libdaisy.a(daisy_seed.o)
                0x0000000008001268                daisy::DaisySeed::SetLed(bool)
 .text._ZN5daisy9DaisySeed17CheckBoardVersionEv
                0x0000000008001270       0x6c ../../libDaisy/build/libdaisy.a(daisy_seed.o)
                0x0000000008001270                daisy::DaisySeed::CheckBoardVersion()
 .text._ZN5daisy9DaisySeed14ConfigureAudioEv
                0x00000000080012dc      0x10c ../../libDaisy/build/libdaisy.a(daisy_seed.o)
                0x00000000080012dc                daisy::DaisySeed::ConfigureAudio()
 .text._ZN5daisy9DaisySeed4InitEb
                0x00000000080013e8      0x108 ../../libDaisy/build/libdaisy.a(daisy_seed.o)
                0x00000000080013e8                daisy::DaisySeed::Init(bool)
 .text._ZN5daisy6Ak45564InitE12dsy_gpio_pin
                0x00000000080014f0       0x44 ../../libDaisy/build/libdaisy.a(codec_ak4556.o)
                0x00000000080014f0                daisy::Ak4556::Init(dsy_gpio_pin)
 .text._ZN5daisy6Wm873120WriteControlRegisterEht
                0x0000000008001534       0x3c ../../libDaisy/build/libdaisy.a(codec_wm8731.o)
                0x0000000008001534                daisy::Wm8731::WriteControlRegister(unsigned char, unsigned short)
 .text._ZN5daisy6Wm87314InitERKNS0_6ConfigENS_9I2CHandleE
                0x0000000008001570      0x1bc ../../libDaisy/build/libdaisy.a(codec_wm8731.o)
                0x0000000008001570                daisy::Wm8731::Init(daisy::Wm8731::Config const&, daisy::I2CHandle)
 .text._ZN11SdramHandle10DeviceInitEv
                0x000000000800172c       0x98 ../../libDaisy/build/libdaisy.a(sdram.o)
                0x000000000800172c                SdramHandle::DeviceInit()
 .text._ZN11SdramHandle4InitEv
                0x00000000080017c4       0x7c ../../libDaisy/build/libdaisy.a(sdram.o)
                0x00000000080017c4                SdramHandle::Init()
 .text.HAL_SDRAM_MspInit
                0x0000000008001840      0x1a8 ../../libDaisy/build/libdaisy.a(sdram.o)
                0x0000000008001840                HAL_SDRAM_MspInit
 .text._ZN5daisy11AudioHandle4InitERKNS0_6ConfigENS_9SaiHandleE
                0x00000000080019e8       0x70 ../../libDaisy/build/libdaisy.a(audio.o)
                0x00000000080019e8                daisy::AudioHandle::Init(daisy::AudioHandle::Config const&, daisy::SaiHandle)
 .text._ZNK5daisy11AudioHandle9GetConfigEv
                0x0000000008001a58        0x8 ../../libDaisy/build/libdaisy.a(audio.o)
                0x0000000008001a58                daisy::AudioHandle::GetConfig() const
 .text._ZN5daisy11AudioHandle13GetSampleRateEv
                0x0000000008001a60        0x8 ../../libDaisy/build/libdaisy.a(audio.o)
                0x0000000008001a60                daisy::AudioHandle::GetSampleRate()
 .text.startup._GLOBAL__sub_I__ZN5daisy11AudioHandle4Impl4InitENS0_6ConfigENS_9SaiHandleE
                0x0000000008001a68       0x24 ../../libDaisy/build/libdaisy.a(audio.o)
 .text._ZN5daisy9UsbHandleD2Ev
                0x0000000008001a8c        0x4 ../../libDaisy/build/libdaisy.a(logger.o)
                0x0000000008001a8c                daisy::UsbHandle::~UsbHandle()
                0x0000000008001a8c                daisy::UsbHandle::~UsbHandle()
 .text._ZN5daisy6LoggerILNS_17LoggerDestinationE1EE11TransmitBufEv
                0x0000000008001a90       0x60 ../../libDaisy/build/libdaisy.a(logger.o)
                0x0000000008001a90                daisy::Logger<(daisy::LoggerDestination)1>::TransmitBuf()
 .text._ZN5daisy6LoggerILNS_17LoggerDestinationE1EE6PrintVEPKcSt9__va_list
                0x0000000008001af0       0x2c ../../libDaisy/build/libdaisy.a(logger.o)
                0x0000000008001af0                daisy::Logger<(daisy::LoggerDestination)1>::PrintV(char const*, std::__va_list)
 .text._ZN5daisy6LoggerILNS_17LoggerDestinationE1EE5PrintEPKcz
                0x0000000008001b1c       0x1c ../../libDaisy/build/libdaisy.a(logger.o)
                0x0000000008001b1c                daisy::Logger<(daisy::LoggerDestination)1>::Print(char const*, ...)
 .text._ZN5daisy6LoggerILNS_17LoggerDestinationE1EE13AppendNewLineEv
                0x0000000008001b38       0x60 ../../libDaisy/build/libdaisy.a(logger.o)
                0x0000000008001b38                daisy::Logger<(daisy::LoggerDestination)1>::AppendNewLine()
 .text._ZN5daisy6LoggerILNS_17LoggerDestinationE1EE10PrintLineVEPKcSt9__va_list
                0x0000000008001b98       0x30 ../../libDaisy/build/libdaisy.a(logger.o)
                0x0000000008001b98                daisy::Logger<(daisy::LoggerDestination)1>::PrintLineV(char const*, std::__va_list)
 .text._ZN5daisy6LoggerILNS_17LoggerDestinationE1EE9PrintLineEPKcz
                0x0000000008001bc8       0x1c ../../libDaisy/build/libdaisy.a(logger.o)
                0x0000000008001bc8                daisy::Logger<(daisy::LoggerDestination)1>::PrintLine(char const*, ...)
 .text.startup._GLOBAL__sub_I__ZN5daisy10LoggerImplILNS_17LoggerDestinationE1EE11usb_handle_E
                0x0000000008001be4       0x2c ../../libDaisy/build/libdaisy.a(logger.o)
 .text._ZN5daisy10MidiParser5ResetEv
                0x0000000008001c10        0xc ../../libDaisy/build/libdaisy.a(midi_parser.o)
                0x0000000008001c10                daisy::MidiParser::Reset()
 .text.DummyRxCallback
                0x0000000008001c1c        0x4 ../../libDaisy/build/libdaisy.a(usb.o)
                0x0000000008001c1c                DummyRxCallback
 .text._ZN5daisy9UsbHandle4InitENS0_9UsbPeriphE
                0x0000000008001c20      0x10c ../../libDaisy/build/libdaisy.a(usb.o)
                0x0000000008001c20                daisy::UsbHandle::Init(daisy::UsbHandle::UsbPeriph)
 .text._ZN5daisy9UsbHandle16TransmitInternalEPhj
                0x0000000008001d2c       0x14 ../../libDaisy/build/libdaisy.a(usb.o)
                0x0000000008001d2c                daisy::UsbHandle::TransmitInternal(unsigned char*, unsigned int)
 .text._ZN5daisy9UsbHandle16TransmitExternalEPhj
                0x0000000008001d40       0x14 ../../libDaisy/build/libdaisy.a(usb.o)
                0x0000000008001d40                daisy::UsbHandle::TransmitExternal(unsigned char*, unsigned int)
 .text._ZN5daisy9UsbHandle18SetReceiveCallbackEPFvPhPmENS0_9UsbPeriphE
                0x0000000008001d54       0x38 ../../libDaisy/build/libdaisy.a(usb.o)
                0x0000000008001d54                daisy::UsbHandle::SetReceiveCallback(void (*)(unsigned char*, unsigned long*), daisy::UsbHandle::UsbPeriph)
 .text.OTG_FS_EP1_OUT_IRQHandler
                0x0000000008001d8c        0xc ../../libDaisy/build/libdaisy.a(usb.o)
                0x0000000008001d8c                OTG_FS_EP1_OUT_IRQHandler
 .text.OTG_FS_EP1_IN_IRQHandler
                0x0000000008001d98        0xc ../../libDaisy/build/libdaisy.a(usb.o)
                0x0000000008001d98                OTG_FS_EP1_IN_IRQHandler
 .text.OTG_FS_IRQHandler
                0x0000000008001da4        0xc ../../libDaisy/build/libdaisy.a(usb.o)
                0x0000000008001da4                OTG_FS_IRQHandler
 .text._ZN5daisy16MidiUsbTransport4ImplD2Ev
                0x0000000008001db0        0x4 ../../libDaisy/build/libdaisy.a(usb_midi.o)
                0x0000000008001db0                daisy::MidiUsbTransport::Impl::~Impl()
                0x0000000008001db0                daisy::MidiUsbTransport::Impl::~Impl()
 .text._ZN5daisy16MidiUsbTransport4Impl15MidiToUsbSingleEPhj.part.0
                0x0000000008001db4      0x1b8 ../../libDaisy/build/libdaisy.a(usb_midi.o)
 .text._ZN5daisy16MidiUsbTransport4Impl2TxEPhj
                0x0000000008001f6c       0xa8 ../../libDaisy/build/libdaisy.a(usb_midi.o)
                0x0000000008001f6c                daisy::MidiUsbTransport::Impl::Tx(unsigned char*, unsigned int)
 .text._ZN5daisy16MidiUsbTransport4Impl5ParseEv
                0x0000000008002014       0x68 ../../libDaisy/build/libdaisy.a(usb_midi.o)
                0x0000000008002014                daisy::MidiUsbTransport::Impl::Parse()
 .text._Z15ReceiveCallbackPhPm
                0x000000000800207c       0x9c ../../libDaisy/build/libdaisy.a(usb_midi.o)
                0x000000000800207c                ReceiveCallback(unsigned char*, unsigned long*)
 .text._ZN5daisy16MidiUsbTransport4InitENS0_6ConfigE
                0x0000000008002118       0x54 ../../libDaisy/build/libdaisy.a(usb_midi.o)
                0x0000000008002118                daisy::MidiUsbTransport::Init(daisy::MidiUsbTransport::Config)
 .text._ZN5daisy16MidiUsbTransport2TxEPhj
                0x000000000800216c        0x8 ../../libDaisy/build/libdaisy.a(usb_midi.o)
                0x000000000800216c                daisy::MidiUsbTransport::Tx(unsigned char*, unsigned int)
 .text.startup._GLOBAL__sub_I__Z15ReceiveCallbackPhPm
                0x0000000008002174       0x60 ../../libDaisy/build/libdaisy.a(usb_midi.o)
 .text._ZN5daisy16AdcChannelConfig10InitSingleE12dsy_gpio_pinNS0_15ConversionSpeedE
                0x00000000080021d4       0x28 ../../libDaisy/build/libdaisy.a(adc.o)
                0x00000000080021d4                daisy::AdcChannelConfig::InitSingle(dsy_gpio_pin, daisy::AdcChannelConfig::ConversionSpeed)
 .text._ZN5daisy9AdcHandle4InitEPNS_16AdcChannelConfigEjNS0_12OverSamplingE
                0x00000000080021fc      0x41c ../../libDaisy/build/libdaisy.a(adc.o)
                0x00000000080021fc                daisy::AdcHandle::Init(daisy::AdcChannelConfig*, unsigned int, daisy::AdcHandle::OverSampling)
 .text._ZN5daisy9AdcHandle5StartEv
                0x0000000008002618       0x2c ../../libDaisy/build/libdaisy.a(adc.o)
                0x0000000008002618                daisy::AdcHandle::Start()
 .text._ZNK5daisy9AdcHandle8GetFloatEh
                0x0000000008002644       0x20 ../../libDaisy/build/libdaisy.a(adc.o)
                0x0000000008002644                daisy::AdcHandle::GetFloat(unsigned char) const
 .text.HAL_ADC_MspInit
                0x0000000008002664       0x98 ../../libDaisy/build/libdaisy.a(adc.o)
                0x0000000008002664                HAL_ADC_MspInit
 .text.DMA1_Stream2_IRQHandler
                0x00000000080026fc        0xc ../../libDaisy/build/libdaisy.a(adc.o)
                0x00000000080026fc                DMA1_Stream2_IRQHandler
 .text.HAL_ADC_ConvCpltCallback
                0x0000000008002708      0x148 ../../libDaisy/build/libdaisy.a(adc.o)
                0x0000000008002708                HAL_ADC_ConvCpltCallback
 .text.HAL_ADC_ErrorCallback
                0x0000000008002850        0x4 ../../libDaisy/build/libdaisy.a(adc.o)
                0x0000000008002850                HAL_ADC_ErrorCallback
 .text._ZN5daisy4GPIO4InitENS_3PinENS0_4ModeENS0_4PullENS0_5SpeedE
                0x0000000008002854      0x1cc ../../libDaisy/build/libdaisy.a(gpio.o)
                0x0000000008002854                daisy::GPIO::Init(daisy::Pin, daisy::GPIO::Mode, daisy::GPIO::Pull, daisy::GPIO::Speed)
 .text._ZN5daisy4GPIO4ReadEv
                0x0000000008002a20       0x18 ../../libDaisy/build/libdaisy.a(gpio.o)
                0x0000000008002a20                daisy::GPIO::Read()
 .text._ZN5daisy4GPIO5WriteEb
                0x0000000008002a38       0x14 ../../libDaisy/build/libdaisy.a(gpio.o)
                0x0000000008002a38                daisy::GPIO::Write(bool)
 .text.dsy_gpio_init
                0x0000000008002a4c      0x1b8 ../../libDaisy/build/libdaisy.a(gpio.o)
                0x0000000008002a4c                dsy_gpio_init
 .text.dsy_gpio_write
                0x0000000008002c04       0x24 ../../libDaisy/build/libdaisy.a(gpio.o)
                0x0000000008002c04                dsy_gpio_write
 .text._ZN5daisy9I2CHandle4Impl8InitPinsEv
                0x0000000008002c28       0x58 ../../libDaisy/build/libdaisy.a(i2c.o)
                0x0000000008002c28                daisy::I2CHandle::Impl::InitPins()
 .text.HAL_I2C_MspInit
                0x0000000008002c80      0x1b4 ../../libDaisy/build/libdaisy.a(i2c.o)
                0x0000000008002c80                HAL_I2C_MspInit
 .text.dsy_i2c_global_init
                0x0000000008002e34       0x78 ../../libDaisy/build/libdaisy.a(i2c.o)
                0x0000000008002e34                dsy_i2c_global_init
 .text.DMA1_Stream6_IRQHandler
                0x0000000008002eac       0x34 ../../libDaisy/build/libdaisy.a(i2c.o)
                0x0000000008002eac                DMA1_Stream6_IRQHandler
 .text.I2C1_EV_IRQHandler
                0x0000000008002ee0        0xc ../../libDaisy/build/libdaisy.a(i2c.o)
                0x0000000008002ee0                I2C1_EV_IRQHandler
 .text.I2C2_EV_IRQHandler
                0x0000000008002eec        0xc ../../libDaisy/build/libdaisy.a(i2c.o)
                0x0000000008002eec                I2C2_EV_IRQHandler
 .text.I2C3_EV_IRQHandler
                0x0000000008002ef8        0xc ../../libDaisy/build/libdaisy.a(i2c.o)
                0x0000000008002ef8                I2C3_EV_IRQHandler
 .text._ZN5daisy9I2CHandle4InitERKNS0_6ConfigE
                0x0000000008002f04      0x12c ../../libDaisy/build/libdaisy.a(i2c.o)
                0x0000000008002f04                daisy::I2CHandle::Init(daisy::I2CHandle::Config const&)
 .text._ZN5daisy9I2CHandle16TransmitBlockingEtPhtm
                0x0000000008003030       0x50 ../../libDaisy/build/libdaisy.a(i2c.o)
                0x0000000008003030                daisy::I2CHandle::TransmitBlocking(unsigned short, unsigned char*, unsigned short, unsigned long)
 .text.startup._GLOBAL__sub_I__ZN5daisy9I2CHandle4Impl10GlobalInitEv
                0x0000000008003080       0x18 ../../libDaisy/build/libdaisy.a(i2c.o)
 .text._ZN5daisy10QSPIHandle4Impl11WriteEnableEv
                0x0000000008003098       0x8c ../../libDaisy/build/libdaisy.a(qspi.o)
                0x0000000008003098                daisy::QSPIHandle::Impl::WriteEnable()
 *fill*         0x0000000008003124        0x4 
 .text._ZN5daisy10QSPIHandle4Impl17DummyCyclesConfigENS0_6Config6DeviceE
                0x0000000008003128      0x118 ../../libDaisy/build/libdaisy.a(qspi.o)
                0x0000000008003128                daisy::QSPIHandle::Impl::DummyCyclesConfig(daisy::QSPIHandle::Config::Device)
 .text._ZN5daisy10QSPIHandle4Impl10QuadEnableEv
                0x0000000008003240      0x158 ../../libDaisy/build/libdaisy.a(qspi.o)
                0x0000000008003240                daisy::QSPIHandle::Impl::QuadEnable()
 .text._ZN5daisy10QSPIHandle4InitERKNS0_6ConfigE
                0x0000000008003398      0x198 ../../libDaisy/build/libdaisy.a(qspi.o)
                0x0000000008003398                daisy::QSPIHandle::Init(daisy::QSPIHandle::Config const&)
 .text.HAL_QSPI_MspInit
                0x0000000008003530      0x11c ../../libDaisy/build/libdaisy.a(qspi.o)
                0x0000000008003530                HAL_QSPI_MspInit
 .text.HAL_QSPI_MspDeInit
                0x000000000800364c       0x54 ../../libDaisy/build/libdaisy.a(qspi.o)
                0x000000000800364c                HAL_QSPI_MspDeInit
 .text.QUADSPI_IRQHandler
                0x00000000080036a0        0xc ../../libDaisy/build/libdaisy.a(qspi.o)
                0x00000000080036a0                QUADSPI_IRQHandler
 .text.startup._GLOBAL__sub_I__ZN5daisy10QSPIHandle4Impl4InitERKNS0_6ConfigE
                0x00000000080036ac       0x28 ../../libDaisy/build/libdaisy.a(qspi.o)
 .text._ZN5daisy9SaiHandle4Impl7InitDmaENS1_15PeripheralBlockE
                0x00000000080036d4       0xa0 ../../libDaisy/build/libdaisy.a(sai.o)
                0x00000000080036d4                daisy::SaiHandle::Impl::InitDma(daisy::SaiHandle::Impl::PeripheralBlock)
 .text._ZN5daisy9SaiHandle4Impl8InitPinsEv
                0x0000000008003774       0xa8 ../../libDaisy/build/libdaisy.a(sai.o)
                0x0000000008003774                daisy::SaiHandle::Impl::InitPins()
 .text.HAL_SAI_MspInit
                0x000000000800381c      0x164 ../../libDaisy/build/libdaisy.a(sai.o)
                0x000000000800381c                HAL_SAI_MspInit
 .text.DMA1_Stream0_IRQHandler
                0x0000000008003980        0xc ../../libDaisy/build/libdaisy.a(sai.o)
                0x0000000008003980                DMA1_Stream0_IRQHandler
 .text.DMA1_Stream1_IRQHandler
                0x000000000800398c        0xc ../../libDaisy/build/libdaisy.a(sai.o)
                0x000000000800398c                DMA1_Stream1_IRQHandler
 .text.DMA1_Stream3_IRQHandler
                0x0000000008003998        0xc ../../libDaisy/build/libdaisy.a(sai.o)
                0x0000000008003998                DMA1_Stream3_IRQHandler
 .text.DMA1_Stream4_IRQHandler
                0x00000000080039a4        0xc ../../libDaisy/build/libdaisy.a(sai.o)
                0x00000000080039a4                DMA1_Stream4_IRQHandler
 .text._ZN5daisy9SaiHandle4InitERKNS0_6ConfigE
                0x00000000080039b0      0x1f0 ../../libDaisy/build/libdaisy.a(sai.o)
                0x00000000080039b0                daisy::SaiHandle::Init(daisy::SaiHandle::Config const&)
 .text._ZNK5daisy9SaiHandle9GetConfigEv
                0x0000000008003ba0        0x4 ../../libDaisy/build/libdaisy.a(sai.o)
                0x0000000008003ba0                daisy::SaiHandle::GetConfig() const
 .text._ZN5daisy9SaiHandle13GetSampleRateEv
                0x0000000008003ba4       0x24 ../../libDaisy/build/libdaisy.a(sai.o)
                0x0000000008003ba4                daisy::SaiHandle::GetSampleRate()
 .text._ZN5daisy11TimerHandleD2Ev
                0x0000000008003bc8        0x4 ../../libDaisy/build/libdaisy.a(system.o)
                0x0000000008003bc8                daisy::TimerHandle::~TimerHandle()
                0x0000000008003bc8                daisy::TimerHandle::~TimerHandle()
 .text.SysTick_Handler
                0x0000000008003bcc       0x10 ../../libDaisy/build/libdaisy.a(system.o)
                0x0000000008003bcc                SysTick_Handler
 .text.OTG_HS_EP1_OUT_IRQHandler
                0x0000000008003bdc       0x24 ../../libDaisy/build/libdaisy.a(system.o)
                0x0000000008003bdc                OTG_HS_EP1_OUT_IRQHandler
 .text.OTG_HS_EP1_IN_IRQHandler
                0x0000000008003c00       0x24 ../../libDaisy/build/libdaisy.a(system.o)
                0x0000000008003c00                OTG_HS_EP1_IN_IRQHandler
 .text.OTG_HS_IRQHandler
                0x0000000008003c24       0x24 ../../libDaisy/build/libdaisy.a(system.o)
                0x0000000008003c24                OTG_HS_IRQHandler
 .text.HardFault_Handler
                0x0000000008003c48       0xe0 ../../libDaisy/build/libdaisy.a(system.o)
                0x0000000008003c48                HardFault_Handler
 .text._ZN5daisy6System6GetNowEv
                0x0000000008003d28        0x4 ../../libDaisy/build/libdaisy.a(system.o)
                0x0000000008003d28                daisy::System::GetNow()
 .text._ZN5daisy6System5DelayEm
                0x0000000008003d2c        0x4 ../../libDaisy/build/libdaisy.a(system.o)
                0x0000000008003d2c                daisy::System::Delay(unsigned long)
 .text._ZN5daisy6System7DelayUsEm
                0x0000000008003d30        0xc ../../libDaisy/build/libdaisy.a(system.o)
                0x0000000008003d30                daisy::System::DelayUs(unsigned long)
 .text._ZN5daisy6System20GetBootloaderVersionEv
                0x0000000008003d3c       0x34 ../../libDaisy/build/libdaisy.a(system.o)
                0x0000000008003d3c                daisy::System::GetBootloaderVersion()
 .text._ZN5daisy6System15ConfigureClocksEv
                0x0000000008003d70      0x194 ../../libDaisy/build/libdaisy.a(system.o)
                0x0000000008003d70                daisy::System::ConfigureClocks()
 .text._ZN5daisy6System12ConfigureMpuEv
                0x0000000008003f04       0x7c ../../libDaisy/build/libdaisy.a(system.o)
                0x0000000008003f04                daisy::System::ConfigureMpu()
 .text._ZN5daisy6System4InitERKNS0_6ConfigE
                0x0000000008003f80       0xec ../../libDaisy/build/libdaisy.a(system.o)
                0x0000000008003f80                daisy::System::Init(daisy::System::Config const&)
 .text._ZN5daisy6System12GetPClk1FreqEv
                0x000000000800406c        0x4 ../../libDaisy/build/libdaisy.a(system.o)
                0x000000000800406c                daisy::System::GetPClk1Freq()
 .text._ZN5daisy6System22GetProgramMemoryRegionEv
                0x0000000008004070       0x78 ../../libDaisy/build/libdaisy.a(system.o)
                0x0000000008004070                daisy::System::GetProgramMemoryRegion()
 .text.startup._GLOBAL__sub_I__ZN5daisy9boot_infoE
                0x00000000080040e8       0x1c ../../libDaisy/build/libdaisy.a(system.o)
 .text.SystemInit
                0x0000000008004104       0x9c ../../libDaisy/build/libdaisy.a(system_stm32h7xx.o)
                0x0000000008004104                SystemInit
 .text.dummy_rx_callback
                0x00000000080041a0        0x4 ../../libDaisy/build/libdaisy.a(usbd_cdc_if.o)
                0x00000000080041a0                dummy_rx_callback
 .text.CDC_DeInit_FS
                0x00000000080041a4        0x4 ../../libDaisy/build/libdaisy.a(usbd_cdc_if.o)
 .text.CDC_Receive_FS
                0x00000000080041a8       0x2c ../../libDaisy/build/libdaisy.a(usbd_cdc_if.o)
 .text.CDC_Receive_HS
                0x00000000080041d4       0x2c ../../libDaisy/build/libdaisy.a(usbd_cdc_if.o)
 .text.CDC_Init_FS
                0x0000000008004200       0x3c ../../libDaisy/build/libdaisy.a(usbd_cdc_if.o)
 .text.CDC_Init_HS
                0x000000000800423c       0x3c ../../libDaisy/build/libdaisy.a(usbd_cdc_if.o)
 .text.CDC_Control_FS
                0x0000000008004278       0x34 ../../libDaisy/build/libdaisy.a(usbd_cdc_if.o)
 .text.CDC_Control_HS
                0x00000000080042ac       0x34 ../../libDaisy/build/libdaisy.a(usbd_cdc_if.o)
 .text.CDC_DeInit_HS
                0x00000000080042e0        0x4 ../../libDaisy/build/libdaisy.a(usbd_cdc_if.o)
 .text.CDC_Transmit_FS
                0x00000000080042e4       0x2c ../../libDaisy/build/libdaisy.a(usbd_cdc_if.o)
                0x00000000080042e4                CDC_Transmit_FS
 .text.CDC_Transmit_HS
                0x0000000008004310       0x2c ../../libDaisy/build/libdaisy.a(usbd_cdc_if.o)
                0x0000000008004310                CDC_Transmit_HS
 .text.CDC_Set_Rx_Callback_FS
                0x000000000800433c        0xc ../../libDaisy/build/libdaisy.a(usbd_cdc_if.o)
                0x000000000800433c                CDC_Set_Rx_Callback_FS
 .text.CDC_Set_Rx_Callback_HS
                0x0000000008004348        0xc ../../libDaisy/build/libdaisy.a(usbd_cdc_if.o)
                0x0000000008004348                CDC_Set_Rx_Callback_HS
 .text.HAL_PCD_MspInit
                0x0000000008004354      0x144 ../../libDaisy/build/libdaisy.a(usbd_conf.o)
                0x0000000008004354                HAL_PCD_MspInit
 .text.HAL_PCD_SetupStageCallback
                0x0000000008004498        0xc ../../libDaisy/build/libdaisy.a(usbd_conf.o)
                0x0000000008004498                HAL_PCD_SetupStageCallback
 .text.HAL_PCD_DataOutStageCallback
                0x00000000080044a4       0x14 ../../libDaisy/build/libdaisy.a(usbd_conf.o)
                0x00000000080044a4                HAL_PCD_DataOutStageCallback
 .text.HAL_PCD_DataInStageCallback
                0x00000000080044b8       0x14 ../../libDaisy/build/libdaisy.a(usbd_conf.o)
                0x00000000080044b8                HAL_PCD_DataInStageCallback
 .text.HAL_PCD_SOFCallback
                0x00000000080044cc        0x8 ../../libDaisy/build/libdaisy.a(usbd_conf.o)
                0x00000000080044cc                HAL_PCD_SOFCallback
 .text.HAL_PCD_ResetCallback
                0x00000000080044d4       0x24 ../../libDaisy/build/libdaisy.a(usbd_conf.o)
                0x00000000080044d4                HAL_PCD_ResetCallback
 .text.HAL_PCD_SuspendCallback
                0x00000000080044f8       0x30 ../../libDaisy/build/libdaisy.a(usbd_conf.o)
                0x00000000080044f8                HAL_PCD_SuspendCallback
 .text.HAL_PCD_ResumeCallback
                0x0000000008004528        0x8 ../../libDaisy/build/libdaisy.a(usbd_conf.o)
                0x0000000008004528                HAL_PCD_ResumeCallback
 .text.HAL_PCD_ISOOUTIncompleteCallback
                0x0000000008004530        0x8 ../../libDaisy/build/libdaisy.a(usbd_conf.o)
                0x0000000008004530                HAL_PCD_ISOOUTIncompleteCallback
 .text.HAL_PCD_ISOINIncompleteCallback
                0x0000000008004538        0x8 ../../libDaisy/build/libdaisy.a(usbd_conf.o)
                0x0000000008004538                HAL_PCD_ISOINIncompleteCallback
 .text.HAL_PCD_ConnectCallback
                0x0000000008004540        0x8 ../../libDaisy/build/libdaisy.a(usbd_conf.o)
                0x0000000008004540                HAL_PCD_ConnectCallback
 .text.HAL_PCD_DisconnectCallback
                0x0000000008004548        0x8 ../../libDaisy/build/libdaisy.a(usbd_conf.o)
                0x0000000008004548                HAL_PCD_DisconnectCallback
 .text.USBD_LL_Init
                0x0000000008004550       0xe4 ../../libDaisy/build/libdaisy.a(usbd_conf.o)
                0x0000000008004550                USBD_LL_Init
 .text.USBD_LL_Start
                0x0000000008004634       0x1c ../../libDaisy/build/libdaisy.a(usbd_conf.o)
                0x0000000008004634                USBD_LL_Start
 .text.USBD_LL_OpenEP
                0x0000000008004650       0x24 ../../libDaisy/build/libdaisy.a(usbd_conf.o)
                0x0000000008004650                USBD_LL_OpenEP
 .text.USBD_LL_CloseEP
                0x0000000008004674       0x1c ../../libDaisy/build/libdaisy.a(usbd_conf.o)
                0x0000000008004674                USBD_LL_CloseEP
 .text.USBD_LL_StallEP
                0x0000000008004690       0x1c ../../libDaisy/build/libdaisy.a(usbd_conf.o)
                0x0000000008004690                USBD_LL_StallEP
 .text.USBD_LL_ClearStallEP
                0x00000000080046ac       0x1c ../../libDaisy/build/libdaisy.a(usbd_conf.o)
                0x00000000080046ac                USBD_LL_ClearStallEP
 .text.USBD_LL_IsStallEP
                0x00000000080046c8       0x28 ../../libDaisy/build/libdaisy.a(usbd_conf.o)
                0x00000000080046c8                USBD_LL_IsStallEP
 .text.USBD_LL_SetUSBAddress
                0x00000000080046f0       0x1c ../../libDaisy/build/libdaisy.a(usbd_conf.o)
                0x00000000080046f0                USBD_LL_SetUSBAddress
 .text.USBD_LL_Transmit
                0x000000000800470c       0x1c ../../libDaisy/build/libdaisy.a(usbd_conf.o)
                0x000000000800470c                USBD_LL_Transmit
 .text.USBD_LL_PrepareReceive
                0x0000000008004728       0x1c ../../libDaisy/build/libdaisy.a(usbd_conf.o)
                0x0000000008004728                USBD_LL_PrepareReceive
 .text.USBD_LL_GetRxDataSize
                0x0000000008004744        0x8 ../../libDaisy/build/libdaisy.a(usbd_conf.o)
                0x0000000008004744                USBD_LL_GetRxDataSize
 .text.USBD_HS_DeviceDescriptor
                0x000000000800474c        0xc ../../libDaisy/build/libdaisy.a(usbd_desc.o)
                0x000000000800474c                USBD_HS_DeviceDescriptor
 .text.USBD_FS_DeviceDescriptor
                0x0000000008004758        0xc ../../libDaisy/build/libdaisy.a(usbd_desc.o)
                0x0000000008004758                USBD_FS_DeviceDescriptor
 .text.USBD_FS_LangIDStrDescriptor
                0x0000000008004764        0xc ../../libDaisy/build/libdaisy.a(usbd_desc.o)
                0x0000000008004764                USBD_FS_LangIDStrDescriptor
 .text.USBD_FS_ManufacturerStrDescriptor
                0x0000000008004770       0x1c ../../libDaisy/build/libdaisy.a(usbd_desc.o)
                0x0000000008004770                USBD_FS_ManufacturerStrDescriptor
 .text.USBD_HS_ProductStrDescriptor
                0x000000000800478c       0x1c ../../libDaisy/build/libdaisy.a(usbd_desc.o)
                0x000000000800478c                USBD_HS_ProductStrDescriptor
 .text.USBD_FS_ConfigStrDescriptor
                0x00000000080047a8       0x1c ../../libDaisy/build/libdaisy.a(usbd_desc.o)
                0x00000000080047a8                USBD_FS_ConfigStrDescriptor
 .text.USBD_FS_InterfaceStrDescriptor
                0x00000000080047c4       0x1c ../../libDaisy/build/libdaisy.a(usbd_desc.o)
                0x00000000080047c4                USBD_FS_InterfaceStrDescriptor
 .text.USBD_FS_ProductStrDescriptor
                0x00000000080047e0       0x1c ../../libDaisy/build/libdaisy.a(usbd_desc.o)
                0x00000000080047e0                USBD_FS_ProductStrDescriptor
 .text.USBD_HS_LangIDStrDescriptor
                0x00000000080047fc        0xc ../../libDaisy/build/libdaisy.a(usbd_desc.o)
                0x00000000080047fc                USBD_HS_LangIDStrDescriptor
 .text.USBD_HS_ManufacturerStrDescriptor
                0x0000000008004808       0x1c ../../libDaisy/build/libdaisy.a(usbd_desc.o)
                0x0000000008004808                USBD_HS_ManufacturerStrDescriptor
 .text.USBD_FS_SerialStrDescriptor
                0x0000000008004824      0x124 ../../libDaisy/build/libdaisy.a(usbd_desc.o)
                0x0000000008004824                USBD_FS_SerialStrDescriptor
 .text.USBD_HS_SerialStrDescriptor
                0x0000000008004948      0x124 ../../libDaisy/build/libdaisy.a(usbd_desc.o)
                0x0000000008004948                USBD_HS_SerialStrDescriptor
 .text.USBD_HS_InterfaceStrDescriptor
                0x0000000008004a6c       0x1c ../../libDaisy/build/libdaisy.a(usbd_desc.o)
                0x0000000008004a6c                USBD_HS_InterfaceStrDescriptor
 .text.USBD_HS_ConfigStrDescriptor
                0x0000000008004a88       0x1c ../../libDaisy/build/libdaisy.a(usbd_desc.o)
                0x0000000008004a88                USBD_HS_ConfigStrDescriptor
 .text.HAL_HCD_SOF_Callback
                0x0000000008004aa4        0x8 ../../libDaisy/build/libdaisy.a(usbh_conf.o)
                0x0000000008004aa4                HAL_HCD_SOF_Callback
 .text.HAL_HCD_Connect_Callback
                0x0000000008004aac        0x8 ../../libDaisy/build/libdaisy.a(usbh_conf.o)
                0x0000000008004aac                HAL_HCD_Connect_Callback
 .text.HAL_HCD_Disconnect_Callback
                0x0000000008004ab4        0x8 ../../libDaisy/build/libdaisy.a(usbh_conf.o)
                0x0000000008004ab4                HAL_HCD_Disconnect_Callback
 .text.HAL_HCD_HC_NotifyURBChange_Callback
                0x0000000008004abc        0x4 ../../libDaisy/build/libdaisy.a(usbh_conf.o)
                0x0000000008004abc                HAL_HCD_HC_NotifyURBChange_Callback
 .text.HAL_HCD_PortEnabled_Callback
                0x0000000008004ac0        0x8 ../../libDaisy/build/libdaisy.a(usbh_conf.o)
                0x0000000008004ac0                HAL_HCD_PortEnabled_Callback
 .text.HAL_HCD_PortDisabled_Callback
                0x0000000008004ac8        0x8 ../../libDaisy/build/libdaisy.a(usbh_conf.o)
                0x0000000008004ac8                HAL_HCD_PortDisabled_Callback
 .text.USBH_LL_Stop
                0x0000000008004ad0       0x1c ../../libDaisy/build/libdaisy.a(usbh_conf.o)
                0x0000000008004ad0                USBH_LL_Stop
 .text.dsy_hal_map_get_port
                0x0000000008004aec       0x10 ../../libDaisy/build/libdaisy.a(hal_map.o)
                0x0000000008004aec                dsy_hal_map_get_port
 .text.dsy_hal_map_get_pin
                0x0000000008004afc       0x10 ../../libDaisy/build/libdaisy.a(hal_map.o)
                0x0000000008004afc                dsy_hal_map_get_pin
 .text.dsy_hal_map_gpio_clk_enable
                0x0000000008004b0c      0x150 ../../libDaisy/build/libdaisy.a(hal_map.o)
                0x0000000008004b0c                dsy_hal_map_gpio_clk_enable
 .text.HAL_MspInit
                0x0000000008004c5c        0x4 ../../libDaisy/build/libdaisy.a(stm32h7xx_hal.o)
                0x0000000008004c5c                HAL_MspInit
 .text.HAL_InitTick
                0x0000000008004c60       0x4c ../../libDaisy/build/libdaisy.a(stm32h7xx_hal.o)
                0x0000000008004c60                HAL_InitTick
 .text.HAL_Init
                0x0000000008004cac       0x60 ../../libDaisy/build/libdaisy.a(stm32h7xx_hal.o)
                0x0000000008004cac                HAL_Init
 .text.HAL_IncTick
                0x0000000008004d0c       0x18 ../../libDaisy/build/libdaisy.a(stm32h7xx_hal.o)
                0x0000000008004d0c                HAL_IncTick
 .text.HAL_GetTick
                0x0000000008004d24        0xc ../../libDaisy/build/libdaisy.a(stm32h7xx_hal.o)
                0x0000000008004d24                HAL_GetTick
 .text.HAL_Delay
                0x0000000008004d30       0x24 ../../libDaisy/build/libdaisy.a(stm32h7xx_hal.o)
                0x0000000008004d30                HAL_Delay
 .text.HAL_GetREVID
                0x0000000008004d54        0xc ../../libDaisy/build/libdaisy.a(stm32h7xx_hal.o)
                0x0000000008004d54                HAL_GetREVID
 .text.HAL_ADC_ConvHalfCpltCallback
                0x0000000008004d60        0x4 ../../libDaisy/build/libdaisy.a(stm32h7xx_hal_adc.o)
                0x0000000008004d60                HAL_ADC_ConvHalfCpltCallback
 .text.ADC_DMAHalfConvCplt
                0x0000000008004d64        0xc ../../libDaisy/build/libdaisy.a(stm32h7xx_hal_adc.o)
                0x0000000008004d64                ADC_DMAHalfConvCplt
 .text.ADC_DMAConvCplt
                0x0000000008004d70       0x6c ../../libDaisy/build/libdaisy.a(stm32h7xx_hal_adc.o)
                0x0000000008004d70                ADC_DMAConvCplt
 .text.ADC_DMAError
                0x0000000008004ddc       0x1c ../../libDaisy/build/libdaisy.a(stm32h7xx_hal_adc.o)
                0x0000000008004ddc                ADC_DMAError
 .text.HAL_ADC_ConfigChannel
                0x0000000008004df8      0x3fc ../../libDaisy/build/libdaisy.a(stm32h7xx_hal_adc.o)
                0x0000000008004df8                HAL_ADC_ConfigChannel
 .text.ADC_Enable
                0x00000000080051f4       0xac ../../libDaisy/build/libdaisy.a(stm32h7xx_hal_adc.o)
                0x00000000080051f4                ADC_Enable
 .text.HAL_ADC_Start_DMA
                0x00000000080052a0      0x114 ../../libDaisy/build/libdaisy.a(stm32h7xx_hal_adc.o)
                0x00000000080052a0                HAL_ADC_Start_DMA
 .text.ADC_Disable
                0x00000000080053b4       0x68 ../../libDaisy/build/libdaisy.a(stm32h7xx_hal_adc.o)
                0x00000000080053b4                ADC_Disable
 .text.ADC_ConfigureBoostMode
                0x000000000800541c      0x184 ../../libDaisy/build/libdaisy.a(stm32h7xx_hal_adc.o)
                0x000000000800541c                ADC_ConfigureBoostMode
 .text.HAL_ADC_Init
                0x00000000080055a0      0x218 ../../libDaisy/build/libdaisy.a(stm32h7xx_hal_adc.o)
                0x00000000080055a0                HAL_ADC_Init
 .text.HAL_ADCEx_Calibration_Start
                0x00000000080057b8       0xa4 ../../libDaisy/build/libdaisy.a(stm32h7xx_hal_adc_ex.o)
                0x00000000080057b8                HAL_ADCEx_Calibration_Start
 .text.HAL_ADCEx_MultiModeConfigChannel
                0x000000000800585c       0xc4 ../../libDaisy/build/libdaisy.a(stm32h7xx_hal_adc_ex.o)
                0x000000000800585c                HAL_ADCEx_MultiModeConfigChannel
 .text.HAL_NVIC_SetPriorityGrouping
                0x0000000008005920       0x24 ../../libDaisy/build/libdaisy.a(stm32h7xx_hal_cortex.o)
                0x0000000008005920                HAL_NVIC_SetPriorityGrouping
 .text.HAL_NVIC_SetPriority
                0x0000000008005944       0x7c ../../libDaisy/build/libdaisy.a(stm32h7xx_hal_cortex.o)
                0x0000000008005944                HAL_NVIC_SetPriority
 .text.HAL_NVIC_EnableIRQ
                0x00000000080059c0       0x1c ../../libDaisy/build/libdaisy.a(stm32h7xx_hal_cortex.o)
                0x00000000080059c0                HAL_NVIC_EnableIRQ
 .text.HAL_NVIC_DisableIRQ
                0x00000000080059dc       0x28 ../../libDaisy/build/libdaisy.a(stm32h7xx_hal_cortex.o)
                0x00000000080059dc                HAL_NVIC_DisableIRQ
 .text.HAL_SYSTICK_Config
                0x0000000008005a04       0x2c ../../libDaisy/build/libdaisy.a(stm32h7xx_hal_cortex.o)
                0x0000000008005a04                HAL_SYSTICK_Config
 .text.HAL_MPU_Disable
                0x0000000008005a30       0x1c ../../libDaisy/build/libdaisy.a(stm32h7xx_hal_cortex.o)
                0x0000000008005a30                HAL_MPU_Disable
 .text.HAL_MPU_Enable
                0x0000000008005a4c       0x20 ../../libDaisy/build/libdaisy.a(stm32h7xx_hal_cortex.o)
                0x0000000008005a4c                HAL_MPU_Enable
 .text.HAL_MPU_ConfigRegion
                0x0000000008005a6c       0x64 ../../libDaisy/build/libdaisy.a(stm32h7xx_hal_cortex.o)
                0x0000000008005a6c                HAL_MPU_ConfigRegion
 .text.HAL_SYSTICK_Callback
                0x0000000008005ad0        0x4 ../../libDaisy/build/libdaisy.a(stm32h7xx_hal_cortex.o)
                0x0000000008005ad0                HAL_SYSTICK_Callback
 .text.HAL_SYSTICK_IRQHandler
                0x0000000008005ad4        0x8 ../../libDaisy/build/libdaisy.a(stm32h7xx_hal_cortex.o)
                0x0000000008005ad4                HAL_SYSTICK_IRQHandler
 .text.DMA_CalcBaseAndBitshift
                0x0000000008005adc       0xf4 ../../libDaisy/build/libdaisy.a(stm32h7xx_hal_dma.o)
 .text.DMA_CalcDMAMUXChannelBaseAndMask
                0x0000000008005bd0       0xd8 ../../libDaisy/build/libdaisy.a(stm32h7xx_hal_dma.o)
 .text.HAL_DMA_Init
                0x0000000008005ca8      0x37c ../../libDaisy/build/libdaisy.a(stm32h7xx_hal_dma.o)
                0x0000000008005ca8                HAL_DMA_Init
 .text.HAL_DMA_Start_IT
                0x0000000008006024      0x240 ../../libDaisy/build/libdaisy.a(stm32h7xx_hal_dma.o)
                0x0000000008006024                HAL_DMA_Start_IT
 .text.HAL_DMA_Abort_IT
                0x0000000008006264      0x134 ../../libDaisy/build/libdaisy.a(stm32h7xx_hal_dma.o)
                0x0000000008006264                HAL_DMA_Abort_IT
 .text.HAL_DMA_IRQHandler
                0x0000000008006398      0x6a0 ../../libDaisy/build/libdaisy.a(stm32h7xx_hal_dma.o)
                0x0000000008006398                HAL_DMA_IRQHandler
 .text.HAL_DMA_GetError
                0x0000000008006a38        0x4 ../../libDaisy/build/libdaisy.a(stm32h7xx_hal_dma.o)
                0x0000000008006a38                HAL_DMA_GetError
 .text.HAL_GPIO_Init
                0x0000000008006a3c      0x280 ../../libDaisy/build/libdaisy.a(stm32h7xx_hal_gpio.o)
                0x0000000008006a3c                HAL_GPIO_Init
 .text.HAL_GPIO_DeInit
                0x0000000008006cbc      0x190 ../../libDaisy/build/libdaisy.a(stm32h7xx_hal_gpio.o)
                0x0000000008006cbc                HAL_GPIO_DeInit
 .text.HAL_GPIO_ReadPin
                0x0000000008006e4c        0xc ../../libDaisy/build/libdaisy.a(stm32h7xx_hal_gpio.o)
                0x0000000008006e4c                HAL_GPIO_ReadPin
 .text.HAL_GPIO_WritePin
                0x0000000008006e58        0x8 ../../libDaisy/build/libdaisy.a(stm32h7xx_hal_gpio.o)
                0x0000000008006e58                HAL_GPIO_WritePin
 .text.HAL_HCD_IRQHandler
                0x0000000008006e60      0x780 ../../libDaisy/build/libdaisy.a(stm32h7xx_hal_hcd.o)
                0x0000000008006e60                HAL_HCD_IRQHandler
 .text.HAL_HCD_Stop
                0x00000000080075e0       0x28 ../../libDaisy/build/libdaisy.a(stm32h7xx_hal_hcd.o)
                0x00000000080075e0                HAL_HCD_Stop
 .text.I2C_WaitOnTXISFlagUntilTimeout
                0x0000000008007608       0xb8 ../../libDaisy/build/libdaisy.a(stm32h7xx_hal_i2c.o)
 .text.I2C_WaitOnSTOPFlagUntilTimeout
                0x00000000080076c0       0xac ../../libDaisy/build/libdaisy.a(stm32h7xx_hal_i2c.o)
 .text.HAL_I2C_Init
                0x000000000800776c       0xac ../../libDaisy/build/libdaisy.a(stm32h7xx_hal_i2c.o)
                0x000000000800776c                HAL_I2C_Init
 .text.HAL_I2C_Master_Transmit
                0x0000000008007818      0x1a8 ../../libDaisy/build/libdaisy.a(stm32h7xx_hal_i2c.o)
                0x0000000008007818                HAL_I2C_Master_Transmit
 .text.HAL_I2C_Slave_Transmit
                0x00000000080079c0      0x1c8 ../../libDaisy/build/libdaisy.a(stm32h7xx_hal_i2c.o)
                0x00000000080079c0                HAL_I2C_Slave_Transmit
 .text.HAL_I2C_EV_IRQHandler
                0x0000000008007b88       0x10 ../../libDaisy/build/libdaisy.a(stm32h7xx_hal_i2c.o)
                0x0000000008007b88                HAL_I2C_EV_IRQHandler
 .text.HAL_I2C_GetState
                0x0000000008007b98        0x8 ../../libDaisy/build/libdaisy.a(stm32h7xx_hal_i2c.o)
                0x0000000008007b98                HAL_I2C_GetState
 .text.HAL_I2CEx_ConfigAnalogFilter
                0x0000000008007ba0       0x54 ../../libDaisy/build/libdaisy.a(stm32h7xx_hal_i2c_ex.o)
                0x0000000008007ba0                HAL_I2CEx_ConfigAnalogFilter
 .text.HAL_I2CEx_ConfigDigitalFilter
                0x0000000008007bf4       0x58 ../../libDaisy/build/libdaisy.a(stm32h7xx_hal_i2c_ex.o)
                0x0000000008007bf4                HAL_I2CEx_ConfigDigitalFilter
 .text.HAL_PCD_Init
                0x0000000008007c4c      0x12c ../../libDaisy/build/libdaisy.a(stm32h7xx_hal_pcd.o)
                0x0000000008007c4c                HAL_PCD_Init
 .text.HAL_PCD_Start
                0x0000000008007d78       0x44 ../../libDaisy/build/libdaisy.a(stm32h7xx_hal_pcd.o)
                0x0000000008007d78                HAL_PCD_Start
 .text.HAL_PCD_IRQHandler
                0x0000000008007dbc      0x69c ../../libDaisy/build/libdaisy.a(stm32h7xx_hal_pcd.o)
                0x0000000008007dbc                HAL_PCD_IRQHandler
 .text.HAL_PCD_SetAddress
                0x0000000008008458       0x2c ../../libDaisy/build/libdaisy.a(stm32h7xx_hal_pcd.o)
                0x0000000008008458                HAL_PCD_SetAddress
 .text.HAL_PCD_EP_Open
                0x0000000008008484       0x7c ../../libDaisy/build/libdaisy.a(stm32h7xx_hal_pcd.o)
                0x0000000008008484                HAL_PCD_EP_Open
 .text.HAL_PCD_EP_Close
                0x0000000008008500       0x6c ../../libDaisy/build/libdaisy.a(stm32h7xx_hal_pcd.o)
                0x0000000008008500                HAL_PCD_EP_Close
 .text.HAL_PCD_EP_Receive
                0x000000000800856c       0x50 ../../libDaisy/build/libdaisy.a(stm32h7xx_hal_pcd.o)
                0x000000000800856c                HAL_PCD_EP_Receive
 .text.HAL_PCD_EP_GetRxCount
                0x00000000080085bc       0x14 ../../libDaisy/build/libdaisy.a(stm32h7xx_hal_pcd.o)
                0x00000000080085bc                HAL_PCD_EP_GetRxCount
 .text.HAL_PCD_EP_Transmit
                0x00000000080085d0       0x50 ../../libDaisy/build/libdaisy.a(stm32h7xx_hal_pcd.o)
                0x00000000080085d0                HAL_PCD_EP_Transmit
 .text.HAL_PCD_EP_SetStall
                0x0000000008008620       0x88 ../../libDaisy/build/libdaisy.a(stm32h7xx_hal_pcd.o)
                0x0000000008008620                HAL_PCD_EP_SetStall
 .text.HAL_PCD_EP_ClrStall
                0x00000000080086a8       0x78 ../../libDaisy/build/libdaisy.a(stm32h7xx_hal_pcd.o)
                0x00000000080086a8                HAL_PCD_EP_ClrStall
 .text.HAL_PCDEx_SetTxFiFo
                0x0000000008008720       0x54 ../../libDaisy/build/libdaisy.a(stm32h7xx_hal_pcd_ex.o)
                0x0000000008008720                HAL_PCDEx_SetTxFiFo
 .text.HAL_PCDEx_SetRxFiFo
                0x0000000008008774        0xc ../../libDaisy/build/libdaisy.a(stm32h7xx_hal_pcd_ex.o)
                0x0000000008008774                HAL_PCDEx_SetRxFiFo
 .text.HAL_PCDEx_ActivateLPM
                0x0000000008008780       0x30 ../../libDaisy/build/libdaisy.a(stm32h7xx_hal_pcd_ex.o)
                0x0000000008008780                HAL_PCDEx_ActivateLPM
 .text.HAL_PCDEx_LPM_Callback
                0x00000000080087b0        0x4 ../../libDaisy/build/libdaisy.a(stm32h7xx_hal_pcd_ex.o)
                0x00000000080087b0                HAL_PCDEx_LPM_Callback
 .text.HAL_PWREx_ConfigSupply
                0x00000000080087b4       0x4c ../../libDaisy/build/libdaisy.a(stm32h7xx_hal_pwr_ex.o)
                0x00000000080087b4                HAL_PWREx_ConfigSupply
 .text.HAL_PWREx_EnableUSBVoltageDetector
                0x0000000008008800       0x10 ../../libDaisy/build/libdaisy.a(stm32h7xx_hal_pwr_ex.o)
                0x0000000008008800                HAL_PWREx_EnableUSBVoltageDetector
 .text.QSPI_Config
                0x0000000008008810      0x174 ../../libDaisy/build/libdaisy.a(stm32h7xx_hal_qspi.o)
 .text.HAL_QSPI_Init
                0x0000000008008984       0xd8 ../../libDaisy/build/libdaisy.a(stm32h7xx_hal_qspi.o)
                0x0000000008008984                HAL_QSPI_Init
 .text.HAL_QSPI_DeInit
                0x0000000008008a5c       0x3c ../../libDaisy/build/libdaisy.a(stm32h7xx_hal_qspi.o)
                0x0000000008008a5c                HAL_QSPI_DeInit
 .text.HAL_QSPI_Command
                0x0000000008008a98       0xd4 ../../libDaisy/build/libdaisy.a(stm32h7xx_hal_qspi.o)
                0x0000000008008a98                HAL_QSPI_Command
 .text.HAL_QSPI_Transmit
                0x0000000008008b6c       0xfc ../../libDaisy/build/libdaisy.a(stm32h7xx_hal_qspi.o)
                0x0000000008008b6c                HAL_QSPI_Transmit
 .text.HAL_QSPI_Receive
                0x0000000008008c68      0x108 ../../libDaisy/build/libdaisy.a(stm32h7xx_hal_qspi.o)
                0x0000000008008c68                HAL_QSPI_Receive
 .text.HAL_QSPI_AutoPolling
                0x0000000008008d70       0xf0 ../../libDaisy/build/libdaisy.a(stm32h7xx_hal_qspi.o)
                0x0000000008008d70                HAL_QSPI_AutoPolling
 .text.HAL_QSPI_MemoryMapped
                0x0000000008008e60       0xc0 ../../libDaisy/build/libdaisy.a(stm32h7xx_hal_qspi.o)
                0x0000000008008e60                HAL_QSPI_MemoryMapped
 .text.HAL_QSPI_ErrorCallback
                0x0000000008008f20        0x4 ../../libDaisy/build/libdaisy.a(stm32h7xx_hal_qspi.o)
                0x0000000008008f20                HAL_QSPI_ErrorCallback
 .text.QSPI_DMAAbortCplt
                0x0000000008008f24       0x38 ../../libDaisy/build/libdaisy.a(stm32h7xx_hal_qspi.o)
 .text.HAL_QSPI_AbortCpltCallback
                0x0000000008008f5c        0x4 ../../libDaisy/build/libdaisy.a(stm32h7xx_hal_qspi.o)
                0x0000000008008f5c                HAL_QSPI_AbortCpltCallback
 .text.HAL_QSPI_CmdCpltCallback
                0x0000000008008f60        0x4 ../../libDaisy/build/libdaisy.a(stm32h7xx_hal_qspi.o)
                0x0000000008008f60                HAL_QSPI_CmdCpltCallback
 .text.HAL_QSPI_RxCpltCallback
                0x0000000008008f64        0x4 ../../libDaisy/build/libdaisy.a(stm32h7xx_hal_qspi.o)
                0x0000000008008f64                HAL_QSPI_RxCpltCallback
 .text.HAL_QSPI_TxCpltCallback
                0x0000000008008f68        0x4 ../../libDaisy/build/libdaisy.a(stm32h7xx_hal_qspi.o)
                0x0000000008008f68                HAL_QSPI_TxCpltCallback
 .text.HAL_QSPI_FifoThresholdCallback
                0x0000000008008f6c        0x4 ../../libDaisy/build/libdaisy.a(stm32h7xx_hal_qspi.o)
                0x0000000008008f6c                HAL_QSPI_FifoThresholdCallback
 .text.HAL_QSPI_StatusMatchCallback
                0x0000000008008f70        0x4 ../../libDaisy/build/libdaisy.a(stm32h7xx_hal_qspi.o)
                0x0000000008008f70                HAL_QSPI_StatusMatchCallback
 .text.HAL_QSPI_TimeOutCallback
                0x0000000008008f74        0x4 ../../libDaisy/build/libdaisy.a(stm32h7xx_hal_qspi.o)
                0x0000000008008f74                HAL_QSPI_TimeOutCallback
 .text.HAL_QSPI_IRQHandler
                0x0000000008008f78      0x210 ../../libDaisy/build/libdaisy.a(stm32h7xx_hal_qspi.o)
                0x0000000008008f78                HAL_QSPI_IRQHandler
 .text.HAL_RCC_OscConfig
                0x0000000008009188      0x51c ../../libDaisy/build/libdaisy.a(stm32h7xx_hal_rcc.o)
                0x0000000008009188                HAL_RCC_OscConfig
 .text.HAL_RCC_GetSysClockFreq
                0x00000000080096a4      0x140 ../../libDaisy/build/libdaisy.a(stm32h7xx_hal_rcc.o)
                0x00000000080096a4                HAL_RCC_GetSysClockFreq
 .text.HAL_RCC_ClockConfig
                0x00000000080097e4      0x234 ../../libDaisy/build/libdaisy.a(stm32h7xx_hal_rcc.o)
                0x00000000080097e4                HAL_RCC_ClockConfig
 .text.HAL_RCC_GetHCLKFreq
                0x0000000008009a18       0x2c ../../libDaisy/build/libdaisy.a(stm32h7xx_hal_rcc.o)
                0x0000000008009a18                HAL_RCC_GetHCLKFreq
 .text.HAL_RCC_GetPCLK1Freq
                0x0000000008009a44       0x38 ../../libDaisy/build/libdaisy.a(stm32h7xx_hal_rcc.o)
                0x0000000008009a44                HAL_RCC_GetPCLK1Freq
 .text.HAL_RCC_GetPCLK2Freq
                0x0000000008009a7c       0x38 ../../libDaisy/build/libdaisy.a(stm32h7xx_hal_rcc.o)
                0x0000000008009a7c                HAL_RCC_GetPCLK2Freq
 .text.RCCEx_PLL2_Config
                0x0000000008009ab4       0xf4 ../../libDaisy/build/libdaisy.a(stm32h7xx_hal_rcc_ex.o)
 .text.RCCEx_PLL3_Config
                0x0000000008009ba8       0xf4 ../../libDaisy/build/libdaisy.a(stm32h7xx_hal_rcc_ex.o)
 .text.HAL_RCCEx_PeriphCLKConfig
                0x0000000008009c9c      0xa7c ../../libDaisy/build/libdaisy.a(stm32h7xx_hal_rcc_ex.o)
                0x0000000008009c9c                HAL_RCCEx_PeriphCLKConfig
 .text.HAL_RCCEx_GetD3PCLK1Freq
                0x000000000800a718       0x24 ../../libDaisy/build/libdaisy.a(stm32h7xx_hal_rcc_ex.o)
                0x000000000800a718                HAL_RCCEx_GetD3PCLK1Freq
 .text.HAL_RCCEx_GetPLL2ClockFreq
                0x000000000800a73c      0x17c ../../libDaisy/build/libdaisy.a(stm32h7xx_hal_rcc_ex.o)
                0x000000000800a73c                HAL_RCCEx_GetPLL2ClockFreq
 .text.HAL_RCCEx_GetPLL3ClockFreq
                0x000000000800a8b8      0x17c ../../libDaisy/build/libdaisy.a(stm32h7xx_hal_rcc_ex.o)
                0x000000000800a8b8                HAL_RCCEx_GetPLL3ClockFreq
 .text.HAL_RCCEx_GetPLL1ClockFreq
                0x000000000800aa34      0x17c ../../libDaisy/build/libdaisy.a(stm32h7xx_hal_rcc_ex.o)
                0x000000000800aa34                HAL_RCCEx_GetPLL1ClockFreq
 .text.HAL_RCCEx_GetPeriphCLKFreq
                0x000000000800abb0      0x198 ../../libDaisy/build/libdaisy.a(stm32h7xx_hal_rcc_ex.o)
                0x000000000800abb0                HAL_RCCEx_GetPeriphCLKFreq
 .text.HAL_RCCEx_GetD1SysClockFreq
                0x000000000800ad48       0x2c ../../libDaisy/build/libdaisy.a(stm32h7xx_hal_rcc_ex.o)
                0x000000000800ad48                HAL_RCCEx_GetD1SysClockFreq
 .text.HAL_SAI_Init.part.0
                0x000000000800ad74      0x348 ../../libDaisy/build/libdaisy.a(stm32h7xx_hal_sai.o)
 .text.HAL_SAI_InitProtocol
                0x000000000800b0bc      0x178 ../../libDaisy/build/libdaisy.a(stm32h7xx_hal_sai.o)
                0x000000000800b0bc                HAL_SAI_InitProtocol
 .text.HAL_SDRAM_Init
                0x000000000800b234       0x54 ../../libDaisy/build/libdaisy.a(stm32h7xx_hal_sdram.o)
                0x000000000800b234                HAL_SDRAM_Init
 .text.HAL_SDRAM_SendCommand
                0x000000000800b288       0x40 ../../libDaisy/build/libdaisy.a(stm32h7xx_hal_sdram.o)
                0x000000000800b288                HAL_SDRAM_SendCommand
 .text.HAL_SDRAM_ProgramRefreshRate
                0x000000000800b2c8       0x30 ../../libDaisy/build/libdaisy.a(stm32h7xx_hal_sdram.o)
                0x000000000800b2c8                HAL_SDRAM_ProgramRefreshRate
 .text.FMC_SDRAM_Init
                0x000000000800b2f8       0x7c ../../libDaisy/build/libdaisy.a(stm32h7xx_ll_fmc.o)
                0x000000000800b2f8                FMC_SDRAM_Init
 .text.FMC_SDRAM_Timing_Init
                0x000000000800b374       0x98 ../../libDaisy/build/libdaisy.a(stm32h7xx_ll_fmc.o)
                0x000000000800b374                FMC_SDRAM_Timing_Init
 .text.FMC_SDRAM_SendCommand
                0x000000000800b40c       0x28 ../../libDaisy/build/libdaisy.a(stm32h7xx_ll_fmc.o)
                0x000000000800b40c                FMC_SDRAM_SendCommand
 .text.FMC_SDRAM_ProgramRefreshRate
                0x000000000800b434       0x1c ../../libDaisy/build/libdaisy.a(stm32h7xx_ll_fmc.o)
                0x000000000800b434                FMC_SDRAM_ProgramRefreshRate
 .text.USB_CoreInit
                0x000000000800b450      0x124 ../../libDaisy/build/libdaisy.a(stm32h7xx_ll_usb.o)
                0x000000000800b450                USB_CoreInit
 .text.USB_SetTurnaroundTime
                0x000000000800b574      0x104 ../../libDaisy/build/libdaisy.a(stm32h7xx_ll_usb.o)
                0x000000000800b574                USB_SetTurnaroundTime
 .text.USB_EnableGlobalInt
                0x000000000800b678       0x10 ../../libDaisy/build/libdaisy.a(stm32h7xx_ll_usb.o)
                0x000000000800b678                USB_EnableGlobalInt
 .text.USB_DisableGlobalInt
                0x000000000800b688       0x10 ../../libDaisy/build/libdaisy.a(stm32h7xx_ll_usb.o)
                0x000000000800b688                USB_DisableGlobalInt
 .text.USB_SetCurrentMode
                0x000000000800b698       0x30 ../../libDaisy/build/libdaisy.a(stm32h7xx_ll_usb.o)
                0x000000000800b698                USB_SetCurrentMode
 .text.USB_DevInit
                0x000000000800b6c8      0x20c ../../libDaisy/build/libdaisy.a(stm32h7xx_ll_usb.o)
                0x000000000800b6c8                USB_DevInit
 .text.USB_FlushTxFifo
                0x000000000800b8d4       0x34 ../../libDaisy/build/libdaisy.a(stm32h7xx_ll_usb.o)
                0x000000000800b8d4                USB_FlushTxFifo
 .text.USB_GetDevSpeed
                0x000000000800b908       0x24 ../../libDaisy/build/libdaisy.a(stm32h7xx_ll_usb.o)
                0x000000000800b908                USB_GetDevSpeed
 .text.USB_ActivateEndpoint
                0x000000000800b92c       0x90 ../../libDaisy/build/libdaisy.a(stm32h7xx_ll_usb.o)
                0x000000000800b92c                USB_ActivateEndpoint
 .text.USB_DeactivateEndpoint
                0x000000000800b9bc       0x84 ../../libDaisy/build/libdaisy.a(stm32h7xx_ll_usb.o)
                0x000000000800b9bc                USB_DeactivateEndpoint
 .text.USB_EPStartXfer
                0x000000000800ba40      0x230 ../../libDaisy/build/libdaisy.a(stm32h7xx_ll_usb.o)
                0x000000000800ba40                USB_EPStartXfer
 .text.USB_EP0StartXfer
                0x000000000800bc70      0x174 ../../libDaisy/build/libdaisy.a(stm32h7xx_ll_usb.o)
                0x000000000800bc70                USB_EP0StartXfer
 .text.USB_WritePacket
                0x000000000800bde4       0x2c ../../libDaisy/build/libdaisy.a(stm32h7xx_ll_usb.o)
                0x000000000800bde4                USB_WritePacket
 .text.USB_ReadPacket
                0x000000000800be10       0x20 ../../libDaisy/build/libdaisy.a(stm32h7xx_ll_usb.o)
                0x000000000800be10                USB_ReadPacket
 .text.USB_EPSetStall
                0x000000000800be30       0x68 ../../libDaisy/build/libdaisy.a(stm32h7xx_ll_usb.o)
                0x000000000800be30                USB_EPSetStall
 .text.USB_EPClearStall
                0x000000000800be98       0x58 ../../libDaisy/build/libdaisy.a(stm32h7xx_ll_usb.o)
                0x000000000800be98                USB_EPClearStall
 .text.USB_SetDevAddress
                0x000000000800bef0       0x24 ../../libDaisy/build/libdaisy.a(stm32h7xx_ll_usb.o)
                0x000000000800bef0                USB_SetDevAddress
 .text.USB_DevConnect
                0x000000000800bf14       0x1c ../../libDaisy/build/libdaisy.a(stm32h7xx_ll_usb.o)
                0x000000000800bf14                USB_DevConnect
 .text.USB_DevDisconnect
                0x000000000800bf30       0x1c ../../libDaisy/build/libdaisy.a(stm32h7xx_ll_usb.o)
                0x000000000800bf30                USB_DevDisconnect
 .text.USB_ReadInterrupts
                0x000000000800bf4c       0x14 ../../libDaisy/build/libdaisy.a(stm32h7xx_ll_usb.o)
                0x000000000800bf4c                USB_ReadInterrupts
 .text.USB_ReadDevAllOutEpInterrupt
                0x000000000800bf60       0x1c ../../libDaisy/build/libdaisy.a(stm32h7xx_ll_usb.o)
                0x000000000800bf60                USB_ReadDevAllOutEpInterrupt
 .text.USB_ReadDevAllInEpInterrupt
                0x000000000800bf7c       0x1c ../../libDaisy/build/libdaisy.a(stm32h7xx_ll_usb.o)
                0x000000000800bf7c                USB_ReadDevAllInEpInterrupt
 .text.USB_ReadDevOutEPInterrupt
                0x000000000800bf98       0x1c ../../libDaisy/build/libdaisy.a(stm32h7xx_ll_usb.o)
                0x000000000800bf98                USB_ReadDevOutEPInterrupt
 .text.USB_ReadDevInEPInterrupt
                0x000000000800bfb4       0x38 ../../libDaisy/build/libdaisy.a(stm32h7xx_ll_usb.o)
                0x000000000800bfb4                USB_ReadDevInEPInterrupt
 .text.USB_GetMode
                0x000000000800bfec        0x8 ../../libDaisy/build/libdaisy.a(stm32h7xx_ll_usb.o)
                0x000000000800bfec                USB_GetMode
 .text.USB_ActivateSetup
                0x000000000800bff4       0x38 ../../libDaisy/build/libdaisy.a(stm32h7xx_ll_usb.o)
                0x000000000800bff4                USB_ActivateSetup
 .text.USB_EP0_OutStart
                0x000000000800c02c       0x58 ../../libDaisy/build/libdaisy.a(stm32h7xx_ll_usb.o)
                0x000000000800c02c                USB_EP0_OutStart
 .text.USB_InitFSLSPClkSel
                0x000000000800c084       0x44 ../../libDaisy/build/libdaisy.a(stm32h7xx_ll_usb.o)
                0x000000000800c084                USB_InitFSLSPClkSel
 .text.USB_HC_ReadInterrupt
                0x000000000800c0c8        0x8 ../../libDaisy/build/libdaisy.a(stm32h7xx_ll_usb.o)
                0x000000000800c0c8                USB_HC_ReadInterrupt
 .text.USB_HC_Halt
                0x000000000800c0d0       0xc0 ../../libDaisy/build/libdaisy.a(stm32h7xx_ll_usb.o)
                0x000000000800c0d0                USB_HC_Halt
 .text.USB_StopHost
                0x000000000800c190      0x2ec ../../libDaisy/build/libdaisy.a(stm32h7xx_ll_usb.o)
                0x000000000800c190                USB_StopHost
 .text.USBD_CDC_EP0_RxReady
                0x000000000800c47c       0x2c ../../libDaisy/build/libdaisy.a(usbd_cdc.o)
 .text.USBD_CDC_GetFSCfgDesc
                0x000000000800c4a8       0x24 ../../libDaisy/build/libdaisy.a(usbd_cdc.o)
 .text.USBD_CDC_GetHSCfgDesc
                0x000000000800c4cc       0x24 ../../libDaisy/build/libdaisy.a(usbd_cdc.o)
 .text.USBD_CDC_GetOtherSpeedCfgDesc
                0x000000000800c4f0       0x24 ../../libDaisy/build/libdaisy.a(usbd_cdc.o)
 .text.USBD_CDC_GetDeviceQualifierDescriptor
                0x000000000800c514       0x10 ../../libDaisy/build/libdaisy.a(usbd_cdc.o)
                0x000000000800c514                USBD_CDC_GetDeviceQualifierDescriptor
 .text.USBD_CDC_DataOut
                0x000000000800c524       0x30 ../../libDaisy/build/libdaisy.a(usbd_cdc.o)
 .text.USBD_CDC_DataIn
                0x000000000800c554       0x50 ../../libDaisy/build/libdaisy.a(usbd_cdc.o)
 .text.USBD_CDC_Setup
                0x000000000800c5a4       0xcc ../../libDaisy/build/libdaisy.a(usbd_cdc.o)
 .text.USBD_CDC_DeInit
                0x000000000800c670       0x44 ../../libDaisy/build/libdaisy.a(usbd_cdc.o)
 .text.USBD_CDC_Init
                0x000000000800c6b4       0x94 ../../libDaisy/build/libdaisy.a(usbd_cdc.o)
 .text.USBD_CDC_RegisterInterface
                0x000000000800c748       0x10 ../../libDaisy/build/libdaisy.a(usbd_cdc.o)
                0x000000000800c748                USBD_CDC_RegisterInterface
 .text.USBD_CDC_SetTxBuffer
                0x000000000800c758       0x14 ../../libDaisy/build/libdaisy.a(usbd_cdc.o)
                0x000000000800c758                USBD_CDC_SetTxBuffer
 .text.USBD_CDC_SetRxBuffer
                0x000000000800c76c       0x10 ../../libDaisy/build/libdaisy.a(usbd_cdc.o)
                0x000000000800c76c                USBD_CDC_SetRxBuffer
 .text.USBD_CDC_TransmitPacket
                0x000000000800c77c       0x34 ../../libDaisy/build/libdaisy.a(usbd_cdc.o)
                0x000000000800c77c                USBD_CDC_TransmitPacket
 .text.USBD_CDC_ReceivePacket
                0x000000000800c7b0       0x38 ../../libDaisy/build/libdaisy.a(usbd_cdc.o)
                0x000000000800c7b0                USBD_CDC_ReceivePacket
 .text.USBD_Init
                0x000000000800c7e8       0x44 ../../libDaisy/build/libdaisy.a(usbd_core.o)
                0x000000000800c7e8                USBD_Init
 .text.USBD_RegisterClass
                0x000000000800c82c       0x2c ../../libDaisy/build/libdaisy.a(usbd_core.o)
                0x000000000800c82c                USBD_RegisterClass
 .text.USBD_Start
                0x000000000800c858        0xc ../../libDaisy/build/libdaisy.a(usbd_core.o)
                0x000000000800c858                USBD_Start
 .text.USBD_SetClassConfig
                0x000000000800c864       0x14 ../../libDaisy/build/libdaisy.a(usbd_core.o)
                0x000000000800c864                USBD_SetClassConfig
 .text.USBD_ClrClassConfig
                0x000000000800c878       0x10 ../../libDaisy/build/libdaisy.a(usbd_core.o)
                0x000000000800c878                USBD_ClrClassConfig
 .text.USBD_LL_SetupStage
                0x000000000800c888       0x5c ../../libDaisy/build/libdaisy.a(usbd_core.o)
                0x000000000800c888                USBD_LL_SetupStage
 .text.USBD_LL_DataOutStage
                0x000000000800c8e4       0x7c ../../libDaisy/build/libdaisy.a(usbd_core.o)
                0x000000000800c8e4                USBD_LL_DataOutStage
 .text.USBD_LL_DataInStage
                0x000000000800c960       0xcc ../../libDaisy/build/libdaisy.a(usbd_core.o)
                0x000000000800c960                USBD_LL_DataInStage
 .text.USBD_LL_Reset
                0x000000000800ca2c       0x50 ../../libDaisy/build/libdaisy.a(usbd_core.o)
                0x000000000800ca2c                USBD_LL_Reset
 .text.USBD_LL_SetSpeed
                0x000000000800ca7c        0x8 ../../libDaisy/build/libdaisy.a(usbd_core.o)
                0x000000000800ca7c                USBD_LL_SetSpeed
 .text.USBD_LL_Suspend
                0x000000000800ca84       0x14 ../../libDaisy/build/libdaisy.a(usbd_core.o)
                0x000000000800ca84                USBD_LL_Suspend
 .text.USBD_LL_Resume
                0x000000000800ca98       0x10 ../../libDaisy/build/libdaisy.a(usbd_core.o)
                0x000000000800ca98                USBD_LL_Resume
 .text.USBD_LL_SOF
                0x000000000800caa8       0x1c ../../libDaisy/build/libdaisy.a(usbd_core.o)
                0x000000000800caa8                USBD_LL_SOF
 .text.USBD_LL_IsoINIncomplete
                0x000000000800cac4        0x4 ../../libDaisy/build/libdaisy.a(usbd_core.o)
                0x000000000800cac4                USBD_LL_IsoINIncomplete
 .text.USBD_LL_IsoOUTIncomplete
                0x000000000800cac8        0x4 ../../libDaisy/build/libdaisy.a(usbd_core.o)
                0x000000000800cac8                USBD_LL_IsoOUTIncomplete
 .text.USBD_LL_DevConnected
                0x000000000800cacc        0x4 ../../libDaisy/build/libdaisy.a(usbd_core.o)
                0x000000000800cacc                USBD_LL_DevConnected
 .text.USBD_LL_DevDisconnected
                0x000000000800cad0       0x18 ../../libDaisy/build/libdaisy.a(usbd_core.o)
                0x000000000800cad0                USBD_LL_DevDisconnected
 .text.USBD_StdDevReq
                0x000000000800cae8      0x304 ../../libDaisy/build/libdaisy.a(usbd_ctlreq.o)
                0x000000000800cae8                USBD_StdDevReq
 .text.USBD_StdItfReq
                0x000000000800cdec       0x68 ../../libDaisy/build/libdaisy.a(usbd_ctlreq.o)
                0x000000000800cdec                USBD_StdItfReq
 .text.USBD_StdEPReq
                0x000000000800ce54      0x13c ../../libDaisy/build/libdaisy.a(usbd_ctlreq.o)
                0x000000000800ce54                USBD_StdEPReq
 .text.USBD_ParseSetupRequest
                0x000000000800cf90       0x28 ../../libDaisy/build/libdaisy.a(usbd_ctlreq.o)
                0x000000000800cf90                USBD_ParseSetupRequest
 .text.USBD_CtlError
                0x000000000800cfb8       0x18 ../../libDaisy/build/libdaisy.a(usbd_ctlreq.o)
                0x000000000800cfb8                USBD_CtlError
 .text.USBD_GetString
                0x000000000800cfd0       0x54 ../../libDaisy/build/libdaisy.a(usbd_ctlreq.o)
                0x000000000800cfd0                USBD_GetString
 .text.USBD_CtlSendData
                0x000000000800d024       0x1c ../../libDaisy/build/libdaisy.a(usbd_ioreq.o)
                0x000000000800d024                USBD_CtlSendData
 .text.USBD_CtlContinueSendData
                0x000000000800d040       0x14 ../../libDaisy/build/libdaisy.a(usbd_ioreq.o)
                0x000000000800d040                USBD_CtlContinueSendData
 .text.USBD_CtlPrepareRx
                0x000000000800d054       0x1c ../../libDaisy/build/libdaisy.a(usbd_ioreq.o)
                0x000000000800d054                USBD_CtlPrepareRx
 .text.USBD_CtlContinueRx
                0x000000000800d070       0x14 ../../libDaisy/build/libdaisy.a(usbd_ioreq.o)
                0x000000000800d070                USBD_CtlContinueRx
 .text.USBD_CtlSendStatus
                0x000000000800d084       0x18 ../../libDaisy/build/libdaisy.a(usbd_ioreq.o)
                0x000000000800d084                USBD_CtlSendStatus
 .text.USBD_CtlReceiveStatus
                0x000000000800d09c       0x18 ../../libDaisy/build/libdaisy.a(usbd_ioreq.o)
                0x000000000800d09c                USBD_CtlReceiveStatus
 .text.USBH_LL_IncTimer
                0x000000000800d0b4       0x20 ../../libDaisy/build/libdaisy.a(usbh_core.o)
                0x000000000800d0b4                USBH_LL_IncTimer
 .text.USBH_LL_PortEnabled
                0x000000000800d0d4        0x8 ../../libDaisy/build/libdaisy.a(usbh_core.o)
                0x000000000800d0d4                USBH_LL_PortEnabled
 .text.USBH_LL_PortDisabled
                0x000000000800d0dc        0x8 ../../libDaisy/build/libdaisy.a(usbh_core.o)
                0x000000000800d0dc                USBH_LL_PortDisabled
 .text.USBH_LL_Connect
                0x000000000800d0e4       0x18 ../../libDaisy/build/libdaisy.a(usbh_core.o)
                0x000000000800d0e4                USBH_LL_Connect
 .text.USBH_LL_Disconnect
                0x000000000800d0fc       0x2c ../../libDaisy/build/libdaisy.a(usbh_core.o)
                0x000000000800d0fc                USBH_LL_Disconnect
 .text.USBH_FreePipe
                0x000000000800d128       0x18 ../../libDaisy/build/libdaisy.a(usbh_pipes.o)
                0x000000000800d128                USBH_FreePipe
 .text._ZN5daisy6Random4InitEv
                0x000000000800d140       0x3c ../../libDaisy/build/libdaisy.a(rng.o)
                0x000000000800d140                daisy::Random::Init()
 .text._ZN5daisy9SpiHandle4Impl7InitDmaEv
                0x000000000800d17c       0xec ../../libDaisy/build/libdaisy.a(spi.o)
                0x000000000800d17c                daisy::SpiHandle::Impl::InitDma()
 .text._ZN5daisy9SpiHandle4Impl10StartDmaTxEPhjPFvPvEPFvS3_NS0_6ResultEES3_
                0x000000000800d268       0xc8 ../../libDaisy/build/libdaisy.a(spi.o)
                0x000000000800d268                daisy::SpiHandle::Impl::StartDmaTx(unsigned char*, unsigned int, void (*)(void*), void (*)(void*, daisy::SpiHandle::Result), void*)
 .text._ZN5daisy9SpiHandle4Impl10StartDmaRxEPhjPFvPvEPFvS3_NS0_6ResultEES3_
                0x000000000800d330       0xc8 ../../libDaisy/build/libdaisy.a(spi.o)
                0x000000000800d330                daisy::SpiHandle::Impl::StartDmaRx(unsigned char*, unsigned int, void (*)(void*), void (*)(void*, daisy::SpiHandle::Result), void*)
 .text._ZN5daisy9SpiHandle4Impl12StartDmaRxTxEPhS2_jPFvPvEPFvS3_NS0_6ResultEES3_
                0x000000000800d3f8       0xcc ../../libDaisy/build/libdaisy.a(spi.o)
                0x000000000800d3f8                daisy::SpiHandle::Impl::StartDmaRxTx(unsigned char*, unsigned char*, unsigned int, void (*)(void*), void (*)(void*, daisy::SpiHandle::Result), void*)
 .text._ZN5daisy9SpiHandle4Impl8InitPinsEv
                0x000000000800d4c4      0x274 ../../libDaisy/build/libdaisy.a(spi.o)
                0x000000000800d4c4                daisy::SpiHandle::Impl::InitPins()
 .text.HAL_SPI_MspInit
                0x000000000800d738      0x1a8 ../../libDaisy/build/libdaisy.a(spi.o)
                0x000000000800d738                HAL_SPI_MspInit
 .text.dsy_spi_global_init
                0x000000000800d8e0       0x80 ../../libDaisy/build/libdaisy.a(spi.o)
                0x000000000800d8e0                dsy_spi_global_init
 .text.SPI1_IRQHandler
                0x000000000800d960        0xc ../../libDaisy/build/libdaisy.a(spi.o)
                0x000000000800d960                SPI1_IRQHandler
 .text.SPI2_IRQHandler
                0x000000000800d96c        0xc ../../libDaisy/build/libdaisy.a(spi.o)
                0x000000000800d96c                SPI2_IRQHandler
 .text.SPI3_IRQHandler
                0x000000000800d978        0xc ../../libDaisy/build/libdaisy.a(spi.o)
                0x000000000800d978                SPI3_IRQHandler
 .text.SPI4_IRQHandler
                0x000000000800d984        0xc ../../libDaisy/build/libdaisy.a(spi.o)
                0x000000000800d984                SPI4_IRQHandler
 .text.SPI5_IRQHandler
                0x000000000800d990        0xc ../../libDaisy/build/libdaisy.a(spi.o)
                0x000000000800d990                SPI5_IRQHandler
 .text.DMA2_Stream2_IRQHandler
                0x000000000800d99c       0x34 ../../libDaisy/build/libdaisy.a(spi.o)
                0x000000000800d99c                DMA2_Stream2_IRQHandler
 .text.DMA2_Stream3_IRQHandler
                0x000000000800d9d0       0x38 ../../libDaisy/build/libdaisy.a(spi.o)
                0x000000000800d9d0                DMA2_Stream3_IRQHandler
 .text.HAL_SPI_TxCpltCallback
                0x000000000800da08       0xc4 ../../libDaisy/build/libdaisy.a(spi.o)
                0x000000000800da08                HAL_SPI_TxCpltCallback
 .text.HAL_SPI_RxCpltCallback
                0x000000000800dacc       0xc4 ../../libDaisy/build/libdaisy.a(spi.o)
                0x000000000800dacc                HAL_SPI_RxCpltCallback
 .text.HAL_SPI_TxRxCpltCallback
                0x000000000800db90       0xc4 ../../libDaisy/build/libdaisy.a(spi.o)
                0x000000000800db90                HAL_SPI_TxRxCpltCallback
 .text.HAL_SPI_ErrorCallback
                0x000000000800dc54       0xc8 ../../libDaisy/build/libdaisy.a(spi.o)
                0x000000000800dc54                HAL_SPI_ErrorCallback
 .text.startup._GLOBAL__sub_I__Z19MapInstanceToHandleP11SPI_TypeDef
                0x000000000800dd1c      0x1b0 ../../libDaisy/build/libdaisy.a(spi.o)
 .text.HAL_TIM_Base_MspInit
                0x000000000800decc      0x1e0 ../../libDaisy/build/libdaisy.a(tim.o)
                0x000000000800decc                HAL_TIM_Base_MspInit
 .text.HAL_TIM_PeriodElapsedCallback
                0x000000000800e0ac       0x44 ../../libDaisy/build/libdaisy.a(tim.o)
                0x000000000800e0ac                HAL_TIM_PeriodElapsedCallback
 .text.TIM2_IRQHandler
                0x000000000800e0f0        0xc ../../libDaisy/build/libdaisy.a(tim.o)
                0x000000000800e0f0                TIM2_IRQHandler
 .text.TIM3_IRQHandler
                0x000000000800e0fc        0xc ../../libDaisy/build/libdaisy.a(tim.o)
                0x000000000800e0fc                TIM3_IRQHandler
 .text.TIM4_IRQHandler
                0x000000000800e108        0xc ../../libDaisy/build/libdaisy.a(tim.o)
                0x000000000800e108                TIM4_IRQHandler
 .text.TIM5_IRQHandler
                0x000000000800e114        0xc ../../libDaisy/build/libdaisy.a(tim.o)
                0x000000000800e114                TIM5_IRQHandler
 .text._ZN5daisy11TimerHandle4InitERKNS0_6ConfigE
                0x000000000800e120       0xd0 ../../libDaisy/build/libdaisy.a(tim.o)
                0x000000000800e120                daisy::TimerHandle::Init(daisy::TimerHandle::Config const&)
 .text._ZN5daisy11TimerHandle5StartEv
                0x000000000800e1f0       0x24 ../../libDaisy/build/libdaisy.a(tim.o)
                0x000000000800e1f0                daisy::TimerHandle::Start()
 .text._ZN5daisy11TimerHandle7DelayUsEm
                0x000000000800e214       0x34 ../../libDaisy/build/libdaisy.a(tim.o)
                0x000000000800e214                daisy::TimerHandle::DelayUs(unsigned long)
 .text.startup._GLOBAL__sub_I__ZN5daisy11TimerHandle4Impl4InitERKNS0_6ConfigE
                0x000000000800e248       0x38 ../../libDaisy/build/libdaisy.a(tim.o)
 .text._ZL20UART_CheckRxListenerPN5daisy11UartHandler4ImplE
                0x000000000800e280       0x84 ../../libDaisy/build/libdaisy.a(uart.o)
 .text._ZN5daisy11UartHandler4Impl10StartDmaTxEPhjPFvPvEPFvS3_NS0_6ResultEES3_
                0x000000000800e304      0x184 ../../libDaisy/build/libdaisy.a(uart.o)
                0x000000000800e304                daisy::UartHandler::Impl::StartDmaTx(unsigned char*, unsigned int, void (*)(void*), void (*)(void*, daisy::UartHandler::Result), void*)
 .text._ZN5daisy11UartHandler4Impl10StartDmaRxEPhjPFvPvEPFvS3_NS0_6ResultEES3_
                0x000000000800e488      0x184 ../../libDaisy/build/libdaisy.a(uart.o)
                0x000000000800e488                daisy::UartHandler::Impl::StartDmaRx(unsigned char*, unsigned int, void (*)(void*), void (*)(void*, daisy::UartHandler::Result), void*)
 .text._ZN5daisy11UartHandler4Impl19DmaTransferFinishedEP20__UART_HandleTypeDefNS0_6ResultE
                0x000000000800e60c       0xc0 ../../libDaisy/build/libdaisy.a(uart.o)
                0x000000000800e60c                daisy::UartHandler::Impl::DmaTransferFinished(__UART_HandleTypeDef*, daisy::UartHandler::Result)
 .text._ZN5daisy11UartHandler4Impl8InitPinsEv
                0x000000000800e6cc      0x154 ../../libDaisy/build/libdaisy.a(uart.o)
                0x000000000800e6cc                daisy::UartHandler::Impl::InitPins()
 .text.HAL_UART_MspInit
                0x000000000800e820      0x210 ../../libDaisy/build/libdaisy.a(uart.o)
                0x000000000800e820                HAL_UART_MspInit
 .text.dsy_uart_global_init
                0x000000000800ea30       0xfc ../../libDaisy/build/libdaisy.a(uart.o)
                0x000000000800ea30                dsy_uart_global_init
 .text.USART1_IRQHandler
                0x000000000800eb2c       0x2c ../../libDaisy/build/libdaisy.a(uart.o)
                0x000000000800eb2c                USART1_IRQHandler
 .text.USART2_IRQHandler
                0x000000000800eb58       0x34 ../../libDaisy/build/libdaisy.a(uart.o)
                0x000000000800eb58                USART2_IRQHandler
 .text.USART3_IRQHandler
                0x000000000800eb8c       0x34 ../../libDaisy/build/libdaisy.a(uart.o)
                0x000000000800eb8c                USART3_IRQHandler
 .text.UART4_IRQHandler
                0x000000000800ebc0       0x34 ../../libDaisy/build/libdaisy.a(uart.o)
                0x000000000800ebc0                UART4_IRQHandler
 .text.UART5_IRQHandler
                0x000000000800ebf4       0x34 ../../libDaisy/build/libdaisy.a(uart.o)
                0x000000000800ebf4                UART5_IRQHandler
 .text.USART6_IRQHandler
                0x000000000800ec28       0x34 ../../libDaisy/build/libdaisy.a(uart.o)
                0x000000000800ec28                USART6_IRQHandler
 .text.UART7_IRQHandler
                0x000000000800ec5c       0x34 ../../libDaisy/build/libdaisy.a(uart.o)
                0x000000000800ec5c                UART7_IRQHandler
 .text.UART8_IRQHandler
                0x000000000800ec90       0x34 ../../libDaisy/build/libdaisy.a(uart.o)
                0x000000000800ec90                UART8_IRQHandler
 .text.LPUART1_IRQHandler
                0x000000000800ecc4       0x34 ../../libDaisy/build/libdaisy.a(uart.o)
                0x000000000800ecc4                LPUART1_IRQHandler
 .text.DMA1_Stream5_IRQHandler
                0x000000000800ecf8       0x34 ../../libDaisy/build/libdaisy.a(uart.o)
                0x000000000800ecf8                DMA1_Stream5_IRQHandler
 .text.DMA2_Stream4_IRQHandler
                0x000000000800ed2c       0x38 ../../libDaisy/build/libdaisy.a(uart.o)
                0x000000000800ed2c                DMA2_Stream4_IRQHandler
 .text.HAL_UART_TxCpltCallback
                0x000000000800ed64        0x8 ../../libDaisy/build/libdaisy.a(uart.o)
                0x000000000800ed64                HAL_UART_TxCpltCallback
 .text.HAL_UART_RxCpltCallback
                0x000000000800ed6c       0x94 ../../libDaisy/build/libdaisy.a(uart.o)
                0x000000000800ed6c                HAL_UART_RxCpltCallback
 .text.HAL_UART_RxHalfCpltCallback
                0x000000000800ee00       0x90 ../../libDaisy/build/libdaisy.a(uart.o)
                0x000000000800ee00                HAL_UART_RxHalfCpltCallback
 .text.HAL_UART_ErrorCallback
                0x000000000800ee90        0x8 ../../libDaisy/build/libdaisy.a(uart.o)
                0x000000000800ee90                HAL_UART_ErrorCallback
 .text.startup._GLOBAL__sub_I__Z19MapInstanceToHandleP13USART_TypeDef
                0x000000000800ee98      0x194 ../../libDaisy/build/libdaisy.a(uart.o)
 .text.dsy_dma_init
                0x000000000800f02c      0x100 ../../libDaisy/build/libdaisy.a(dma.o)
                0x000000000800f02c                dsy_dma_init
 .text.dsy_dma_invalidate_cache_for_buffer
                0x000000000800f12c       0x2c ../../libDaisy/build/libdaisy.a(dma.o)
                0x000000000800f12c                dsy_dma_invalidate_cache_for_buffer
 .text.HAL_MDMA_Abort_IT
                0x000000000800f158       0x2c ../../libDaisy/build/libdaisy.a(stm32h7xx_hal_mdma.o)
                0x000000000800f158                HAL_MDMA_Abort_IT
 .text.SPI_CloseTransfer
                0x000000000800f184       0xb8 ../../libDaisy/build/libdaisy.a(stm32h7xx_hal_spi.o)
 .text.HAL_SPI_Init