Archive member included to satisfy reference by file (symbol)

../../libDaisy/build/libdaisy.a(daisy_seed.o)
                              build/MIDIController.o (daisy::DaisySeed::DelayMs(unsigned int))
../../libDaisy/build/libdaisy.a(codec_ak4556.o)
                              ../../libDaisy/build/libdaisy.a(daisy_seed.o) (daisy::Ak4556::Init(dsy_gpio_pin))
../../libDaisy/build/libdaisy.a(codec_wm8731.o)
                              ../../libDaisy/build/libdaisy.a(daisy_seed.o) (daisy::Wm8731::Init(daisy::Wm8731::Config const&, daisy::I2CHandle))
../../libDaisy/build/libdaisy.a(sdram.o)
                              ../../libDaisy/build/libdaisy.a(daisy_seed.o) (SdramHandle::Init())
../../libDaisy/build/libdaisy.a(audio.o)
                              ../../libDaisy/build/libdaisy.a(daisy_seed.o) (daisy::AudioHandle::Init(daisy::AudioHandle::Config const&, daisy::SaiHandle))
../../libDaisy/build/libdaisy.a(logger.o)
                              build/MIDIController.o (daisy::Logger<(daisy::LoggerDestination)1>::PrintLine(char const*, ...))
../../libDaisy/build/libdaisy.a(midi_parser.o)
                              build/MIDIController.o (daisy::MidiParser::Reset())
../../libDaisy/build/libdaisy.a(usb.o)
                              ../../libDaisy/build/libdaisy.a(logger.o) (daisy::UsbHandle::Init(daisy::UsbHandle::UsbPeriph))
../../libDaisy/build/libdaisy.a(usb_midi.o)
                              build/MIDIController.o (daisy::MidiUsbTransport::Init(daisy::MidiUsbTransport::Config))
../../libDaisy/build/libdaisy.a(gpio.o)
                              build/MIDIController.o (daisy::GPIO::Init(daisy::Pin, daisy::GPIO::Mode, daisy::GPIO::Pull, daisy::GPIO::Speed))
../../libDaisy/build/libdaisy.a(i2c.o)
                              ../../libDaisy/build/libdaisy.a(daisy_seed.o) (daisy::I2CHandle::Init(daisy::I2CHandle::Config const&))
../../libDaisy/build/libdaisy.a(qspi.o)
                              ../../libDaisy/build/libdaisy.a(daisy_seed.o) (daisy::QSPIHandle::Init(daisy::QSPIHandle::Config const&))
../../libDaisy/build/libdaisy.a(sai.o)
                              ../../libDaisy/build/libdaisy.a(daisy_seed.o) (daisy::SaiHandle::Init(daisy::SaiHandle::Config const&))
../../libDaisy/build/libdaisy.a(system.o)
                              ../../libDaisy/build/libdaisy.a(daisy_seed.o) (daisy::System::DeInit())
../../libDaisy/build/libdaisy.a(system_stm32h7xx.o)
                              build/startup_stm32h750xx.o (SystemInit)
../../libDaisy/build/libdaisy.a(usbd_cdc_if.o)
                              ../../libDaisy/build/libdaisy.a(usb.o) (CDC_Transmit_FS)
../../libDaisy/build/libdaisy.a(usbd_conf.o)
                              ../../libDaisy/build/libdaisy.a(system.o) (hpcd_USB_OTG_HS)
../../libDaisy/build/libdaisy.a(usbd_desc.o)
                              ../../libDaisy/build/libdaisy.a(usb.o) (HS_Desc)
../../libDaisy/build/libdaisy.a(usbh_conf.o)
                              ../../libDaisy/build/libdaisy.a(system.o) (hhcd_USB_OTG_HS)
../../libDaisy/build/libdaisy.a(hal_map.o)
                              ../../libDaisy/build/libdaisy.a(gpio.o) (dsy_hal_map_get_port)
../../libDaisy/build/libdaisy.a(stm32h7xx_hal.o)
                              ../../libDaisy/build/libdaisy.a(system.o) (HAL_Init)
../../libDaisy/build/libdaisy.a(stm32h7xx_hal_cortex.o)
                              ../../libDaisy/build/libdaisy.a(stm32h7xx_hal.o) (HAL_NVIC_SetPriorityGrouping)
../../libDaisy/build/libdaisy.a(stm32h7xx_hal_dma.o)
                              ../../libDaisy/build/libdaisy.a(i2c.o) (HAL_DMA_Init)
../../libDaisy/build/libdaisy.a(stm32h7xx_hal_gpio.o)
                              ../../libDaisy/build/libdaisy.a(sdram.o) (HAL_GPIO_Init)
../../libDaisy/build/libdaisy.a(stm32h7xx_hal_hcd.o)
                              ../../libDaisy/build/libdaisy.a(usbh_conf.o) (HAL_HCD_HC_Init)
../../libDaisy/build/libdaisy.a(stm32h7xx_hal_i2c.o)
                              ../../libDaisy/build/libdaisy.a(i2c.o) (HAL_I2C_Init)
../../libDaisy/build/libdaisy.a(stm32h7xx_hal_i2c_ex.o)
                              ../../libDaisy/build/libdaisy.a(i2c.o) (HAL_I2CEx_ConfigAnalogFilter)
../../libDaisy/build/libdaisy.a(stm32h7xx_hal_pcd.o)
                              ../../libDaisy/build/libdaisy.a(usbd_conf.o) (HAL_PCD_Init)
../../libDaisy/build/libdaisy.a(stm32h7xx_hal_pcd_ex.o)
                              ../../libDaisy/build/libdaisy.a(usbd_conf.o) (HAL_PCDEx_SetTxFiFo)
../../libDaisy/build/libdaisy.a(stm32h7xx_hal_pwr_ex.o)
                              ../../libDaisy/build/libdaisy.a(system.o) (HAL_PWREx_ConfigSupply)
../../libDaisy/build/libdaisy.a(stm32h7xx_hal_qspi.o)
                              ../../libDaisy/build/libdaisy.a(qspi.o) (HAL_QSPI_Init)
../../libDaisy/build/libdaisy.a(stm32h7xx_hal_rcc.o)
                              ../../libDaisy/build/libdaisy.a(system.o) (HAL_RCC_OscConfig)
../../libDaisy/build/libdaisy.a(stm32h7xx_hal_rcc_ex.o)
[...]
Memory Configuration

Name             Origin             Length             Attributes
FLASH            0x0000000008000000 0x0000000000020000 xr
DTCMRAM          0x0000000020000000 0x0000000000020000 xrw
SRAM             0x0000000024000000 0x0000000000080000 xrw
RAM_D2           0x0000000030000000 0x0000000000048000 xrw
RAM_D3           0x0000000038000000 0x0000000000010000 xrw
BACKUP_SRAM      0x0000000038800000 0x0000000000001000 xrw
ITCMRAM          0x0000000000000000 0x0000000000010000 xrw
SDRAM            0x00000000c0000000 0x0000000004000000 xrw
QSPIFLASH        0x0000000090000000 0x0000000000800000 xr
*default*        0x0000000000000000 0xffffffffffffffff

Linker script and memory map

LOAD /Library/DaisyToolchain/0.2.0/arm/bin/../lib/gcc/arm-none-eabi/10.3.1/thumb/v7e-m+dp/hard/crti.o
LOAD /Library/DaisyToolchain/0.2.0/arm/bin/../lib/gcc/arm-none-eabi/10.3.1/thumb/v7e-m+dp/hard/crtbegin.o
LOAD /Library/DaisyToolchain/0.2.0/arm/bin/../lib/gcc/arm-none-eabi/10.3.1/../../../../arm-none-eabi/lib/thumb/v7e-m+dp/hard/crt0.o
LOAD build/startup_stm32h750xx.o
LOAD build/MIDIController.o
LOAD ../../libDaisy/build/libdaisy.a
LOAD /Library/DaisyToolchain/0.2.0/arm/bin/../lib/gcc/arm-none-eabi/10.3.1/../../../../arm-none-eabi/lib/thumb/v7e-m+dp/hard/libnosys.a
LOAD ../../DaisySP/build/libdaisysp.a
LOAD /Library/DaisyToolchain/0.2.0/arm/bin/../lib/gcc/arm-none-eabi/10.3.1/../../../../arm-none-eabi/lib/thumb/v7e-m+dp/hard/libstdc++_nano.a
LOAD /Library/DaisyToolchain/0.2.0/arm/bin/../lib/gcc/arm-none-eabi/10.3.1/../../../../arm-none-eabi/lib/thumb/v7e-m+dp/hard/libm.a
LOAD /Library/DaisyToolchain/0.2.0/arm/bin/../lib/gcc/arm-none-eabi/10.3.1/../../../../arm-none-eabi/lib/thumb/v7e-m+dp/hard/libc_nano.a
START GROUP
LOAD /Library/DaisyToolchain/0.2.0/arm/bin/../lib/gcc/arm-none-eabi/10.3.1/thumb/v7e-m+dp/hard/libgcc.a
LOAD /Library/DaisyToolchain/0.2.0/arm/bin/../lib/gcc/arm-none-eabi/10.3.1/../../../../arm-none-eabi/lib/thumb/v7e-m+dp/hard/libc_nano.a
END GROUP
START GROUP
LOAD /Library/DaisyToolchain/0.2.0/arm/bin/../lib/gcc/arm-none-eabi/10.3.1/thumb/v7e-m+dp/hard/libgcc.a
LOAD /Library/DaisyToolchain/0.2.0/arm/bin/../lib/gcc/arm-none-eabi/10.3.1/../../../../arm-none-eabi/lib/thumb/v7e-m+dp/hard/libc_nano.a
LOAD /Library/DaisyToolchain/0.2.0/arm/bin/../lib/gcc/arm-none-eabi/10.3.1/../../../../arm-none-eabi/lib/thumb/v7e-m+dp/hard/libnosys.a
END GROUP
START GROUP
LOAD /Library/DaisyToolchain/0.2.0/arm/bin/../lib/gcc/arm-none-eabi/10.3.1/thumb/v7e-m+dp/hard/libgcc.a
LOAD /Library/DaisyToolchain/0.2.0/arm/bin/../lib/gcc/arm-none-eabi/10.3.1/../../../../arm-none-eabi/lib/thumb/v7e-m+dp/hard/libc_nano.a
LOAD /Library/DaisyToolchain/0.2.0/arm/bin/../lib/gcc/arm-none-eabi/10.3.1/../../../../arm-none-eabi/lib/thumb/v7e-m+dp/hard/libnosys.a
END GROUP
LOAD /Library/DaisyToolchain/0.2.0/arm/bin/../lib/gcc/arm-none-eabi/10.3.1/thumb/v7e-m+dp/hard/crtend.o
LOAD /Library/DaisyToolchain/0.2.0/arm/bin/../lib/gcc/arm-none-eabi/10.3.1/thumb/v7e-m+dp/hard/crtn.o
                0x0000000020020000                _estack = 0x20020000

.isr_vector     0x0000000008000000      0x298
                0x0000000008000000                . = ALIGN (0x4)
 *(.isr_vector)
 .isr_vector    0x0000000008000000      0x298 build/startup_stm32h750xx.o
                0x0000000008000000                g_pfnVectors
                0x0000000008000298                . = ALIGN (0x4)

.text           0x00000000080002a0    0x114c4
                0x00000000080002a0                . = ALIGN (0x4)
                0x00000000080002a0                _stext = .
 *(.text)
 .text          0x00000000080002a0       0x40 /Library/DaisyToolchain/0.2.0/arm/bin/../lib/gcc/arm-none-eabi/10.3.1/thumb/v7e-m+dp/hard/crtbegin.o
 .text          0x00000000080002e0       0xa0 /Library/DaisyToolchain/0.2.0/arm/bin/../lib/gcc/arm-none-eabi/10.3.1/../../../../arm-none-eabi/lib/thumb/v7e-m+dp/hard/libc_nano.a(lib_a-memchr.o)
                0x00000000080002e0                memchr
 .text          0x0000000008000380       0x30 /Library/DaisyToolchain/0.2.0/arm/bin/../lib/gcc/arm-none-eabi/10.3.1/thumb/v7e-m+dp/hard/libgcc.a(_aeabi_uldivmod.o)
                0x0000000008000380                __aeabi_uldivmod
 .text          0x00000000080003b0      0x2d0 /Library/DaisyToolchain/0.2.0/arm/bin/../lib/gcc/arm-none-eabi/10.3.1/thumb/v7e-m+dp/hard/libgcc.a(_udivmoddi4.o)
                0x00000000080003b0                __udivmoddi4
 .text          0x0000000008000680        0x4 /Library/DaisyToolchain/0.2.0/arm/bin/../lib/gcc/arm-none-eabi/10.3.1/thumb/v7e-m+dp/hard/libgcc.a(_dvmd_tls.o)
                0x0000000008000680                __aeabi_ldiv0
                0x0000000008000680                __aeabi_idiv0
 *(.text*)
 .text.Default_Handler
                0x0000000008000684        0x4 build/startup_stm32h750xx.o
                0x0000000008000684                SAI1_IRQHandler
                0x0000000008000684                HASH_RNG_IRQHandler
                0x0000000008000684                EXTI2_IRQHandler
                0x0000000008000684                TIM8_CC_IRQHandler
                0x0000000008000684                HRTIM1_Master_IRQHandler
                0x0000000008000684                DebugMon_Handler
                0x0000000008000684                TIM1_CC_IRQHandler
                0x0000000008000684                BDMA_Channel6_IRQHandler
                0x0000000008000684                DMA2_Stream5_IRQHandler
                0x0000000008000684                HRTIM1_FLT_IRQHandler
                0x0000000008000684                JPEG_IRQHandler
                0x0000000008000684                BDMA_Channel1_IRQHandler
                0x0000000008000684                HRTIM1_TIMD_IRQHandler
                0x0000000008000684                TAMP_STAMP_IRQHandler
                0x0000000008000684                PendSV_Handler
                0x0000000008000684                NMI_Handler
                0x0000000008000684                EXTI3_IRQHandler
                0x0000000008000684                LPTIM4_IRQHandler
                0x0000000008000684                TIM8_TRG_COM_TIM14_IRQHandler
                0x0000000008000684                LPTIM2_IRQHandler
                0x0000000008000684                DFSDM1_FLT1_IRQHandler
                0x0000000008000684                DMAMUX2_OVR_IRQHandler
                0x0000000008000684                TIM8_UP_TIM13_IRQHandler
                0x0000000008000684                I2C3_ER_IRQHandler
                0x0000000008000684                DFSDM1_FLT2_IRQHandler
                0x0000000008000684                MDMA_IRQHandler
                0x0000000008000684                LPTIM3_IRQHandler
                0x0000000008000684                HSEM1_IRQHandler
                0x0000000008000684                EXTI0_IRQHandler
                0x0000000008000684                DMA1_Stream2_IRQHandler
                0x0000000008000684                FPU_IRQHandler
                0x0000000008000684                OTG_HS_WKUP_IRQHandler
                0x0000000008000684                FDCAN1_IT1_IRQHandler
                0x0000000008000684                UsageFault_Handler
                0x0000000008000684                LTDC_ER_IRQHandler
                0x0000000008000684                HRTIM1_TIME_IRQHandler
                0x0000000008000684                TIM6_DAC_IRQHandler
                0x0000000008000684                DCMI_IRQHandler
                0x0000000008000684                HRTIM1_TIMC_IRQHandler
                0x0000000008000684                SAI2_IRQHandler
                0x0000000008000684                DFSDM1_FLT3_IRQHandler
                0x0000000008000684                TIM17_IRQHandler
                0x0000000008000684                CRYP_IRQHandler
                0x0000000008000684                BDMA_Channel7_IRQHandler
                0x0000000008000684                LPTIM5_IRQHandler
                0x0000000008000684                ADC3_IRQHandler
                0x0000000008000684                DMA2_Stream0_IRQHandler
                0x0000000008000684                BDMA_Channel2_IRQHandler
                0x0000000008000684                DMAMUX1_OVR_IRQHandler
                0x0000000008000684                TIM16_IRQHandler
                0x0000000008000684                BDMA_Channel5_IRQHandler
                0x0000000008000684                RCC_IRQHandler
                0x0000000008000684                TIM8_BRK_TIM12_IRQHandler
                0x0000000008000684                TIM1_TRG_COM_IRQHandler
                0x0000000008000684                Default_Handler
                0x0000000008000684                ECC_IRQHandler
                0x0000000008000684                CEC_IRQHandler
                0x0000000008000684                EXTI15_10_IRQHandler
                0x0000000008000684                BDMA_Channel0_IRQHandler
                0x0000000008000684                ADC_IRQHandler
                0x0000000008000684                DMA1_Stream7_IRQHandler
                0x0000000008000684                HRTIM1_TIMA_IRQHandler
                0x0000000008000684                TIM7_IRQHandler
                0x0000000008000684                SDMMC1_IRQHandler
                0x0000000008000684                DMA2_Stream7_IRQHandler
                0x0000000008000684                TIM15_IRQHandler
                0x0000000008000684                PVD_AVD_IRQHandler
                0x0000000008000684                EXTI9_5_IRQHandler
                0x0000000008000684                RTC_WKUP_IRQHandler
                0x0000000008000684                LTDC_IRQHandler
                0x0000000008000684                SAI3_IRQHandler
                0x0000000008000684                ETH_WKUP_IRQHandler
                0x0000000008000684                SPDIF_RX_IRQHandler
                0x0000000008000684                MemManage_Handler
                0x0000000008000684                SVC_Handler
                0x0000000008000684                CRS_IRQHandler
                0x0000000008000684                EXTI4_IRQHandler
                0x0000000008000684                HRTIM1_TIMB_IRQHandler
                0x0000000008000684                FDCAN2_IT1_IRQHandler
                0x0000000008000684                ETH_IRQHandler
                0x0000000008000684                TIM1_UP_IRQHandler
                0x0000000008000684                BDMA_Channel4_IRQHandler
                0x0000000008000684                WWDG_IRQHandler
                0x0000000008000684                SPI6_IRQHandler
                0x0000000008000684                I2C4_EV_IRQHandler
                0x0000000008000684                MDIOS_IRQHandler
                0x0000000008000684                FDCAN2_IT0_IRQHandler
                0x0000000008000684                FDCAN1_IT0_IRQHandler
                0x0000000008000684                OTG_FS_WKUP_IRQHandler
                0x0000000008000684                DMA2D_IRQHandler
                0x0000000008000684                TIM1_BRK_IRQHandler
                0x0000000008000684                EXTI1_IRQHandler
                0x0000000008000684                SDMMC2_IRQHandler
                0x0000000008000684                BDMA_Channel3_IRQHandler
                0x0000000008000684                MDIOS_WKUP_IRQHandler
                0x0000000008000684                DFSDM1_FLT0_IRQHandler
                0x0000000008000684                SAI4_IRQHandler
                0x0000000008000684                I2C2_ER_IRQHandler
                0x0000000008000684                DMA2_Stream1_IRQHandler
                0x0000000008000684                FLASH_IRQHandler
                0x0000000008000684                BusFault_Handler
                0x0000000008000684                WAKEUP_PIN_IRQHandler
                0x0000000008000684                I2C1_ER_IRQHandler
                0x0000000008000684                FMC_IRQHandler
                0x0000000008000684                FDCAN_CAL_IRQHandler
                0x0000000008000684                SWPMI1_IRQHandler
                0x0000000008000684                COMP1_IRQHandler
                0x0000000008000684                LPTIM1_IRQHandler
                0x0000000008000684                I2C4_ER_IRQHandler
                0x0000000008000684                DMA2_Stream6_IRQHandler
                0x0000000008000684                RTC_Alarm_IRQHandler
 .text.Reset_Handler
                0x0000000008000688       0x44 build/startup_stm32h750xx.o
                0x0000000008000688                Reset_Handler
 .text._ZN5daisy9DaisySeedD2Ev
                0x00000000080006cc        0x4 build/MIDIController.o
                0x00000000080006cc                daisy::DaisySeed::~DaisySeed()
                0x00000000080006cc                daisy::DaisySeed::~DaisySeed()
 .text._ZN5daisy11MidiHandlerINS_16MidiUsbTransportEED2Ev
                0x00000000080006d0        0x4 build/MIDIController.o
                0x00000000080006d0                daisy::MidiHandler<daisy::MidiUsbTransport>::~MidiHandler()
                0x00000000080006d0                daisy::MidiHandler<daisy::MidiUsbTransport>::~MidiHandler()
 .text.startup.main
                0x00000000080006d4       0xc4 build/MIDIController.o
                0x00000000080006d4                main
 .text.startup._GLOBAL__sub_I_hw
                0x0000000008000798       0x64 build/MIDIController.o
 .text._ZN5daisy9DaisySeed7DelayMsEj
                0x00000000080007fc        0x8 ../../libDaisy/build/libdaisy.a(daisy_seed.o)
                0x00000000080007fc                daisy::DaisySeed::DelayMs(unsigned int)
 .text._ZN5daisy9DaisySeed6SetLedEb
                0x0000000008000804        0x8 ../../libDaisy/build/libdaisy.a(daisy_seed.o)
                0x0000000008000804                daisy::DaisySeed::SetLed(bool)
 .text._ZN5daisy9DaisySeed17CheckBoardVersionEv
                0x000000000800080c       0x6c ../../libDaisy/build/libdaisy.a(daisy_seed.o)
                0x000000000800080c                daisy::DaisySeed::CheckBoardVersion()
 .text._ZN5daisy9DaisySeed14ConfigureAudioEv
                0x0000000008000878      0x10c ../../libDaisy/build/libdaisy.a(daisy_seed.o)
                0x0000000008000878                daisy::DaisySeed::ConfigureAudio()
 .text._ZN5daisy9DaisySeed4InitEb
                0x0000000008000984      0x108 ../../libDaisy/build/libdaisy.a(daisy_seed.o)
                0x0000000008000984                daisy::DaisySeed::Init(bool)
 .text._ZN5daisy6Ak45564InitE12dsy_gpio_pin
                0x0000000008000a8c       0x44 ../../libDaisy/build/libdaisy.a(codec_ak4556.o)
                0x0000000008000a8c                daisy::Ak4556::Init(dsy_gpio_pin)
 .text._ZN5daisy6Wm873120WriteControlRegisterEht
                0x0000000008000ad0       0x3c ../../libDaisy/build/libdaisy.a(codec_wm8731.o)
                0x0000000008000ad0                daisy::Wm8731::WriteControlRegister(unsigned char, unsigned short)
 .text._ZN5daisy6Wm87314InitERKNS0_6ConfigENS_9I2CHandleE
                0x0000000008000b0c      0x1bc ../../libDaisy/build/libdaisy.a(codec_wm8731.o)
                0x0000000008000b0c                daisy::Wm8731::Init(daisy::Wm8731::Config const&, daisy::I2CHandle)
 .text._ZN11SdramHandle10DeviceInitEv
                0x0000000008000cc8       0x98 ../../libDaisy/build/libdaisy.a(sdram.o)
                0x0000000008000cc8                SdramHandle::DeviceInit()
 .text._ZN11SdramHandle4InitEv
                0x0000000008000d60       0x7c ../../libDaisy/build/libdaisy.a(sdram.o)
                0x0000000008000d60                SdramHandle::Init()
 .text.HAL_SDRAM_MspInit
                0x0000000008000ddc      0x1a8 ../../libDaisy/build/libdaisy.a(sdram.o)
                0x0000000008000ddc                HAL_SDRAM_MspInit
 .text._ZN5daisy11AudioHandle4InitERKNS0_6ConfigENS_9SaiHandleE
                0x0000000008000f84       0x70 ../../libDaisy/build/libdaisy.a(audio.o)
                0x0000000008000f84                daisy::AudioHandle::Init(daisy::AudioHandle::Config const&, daisy::SaiHandle)
 .text._ZNK5daisy11AudioHandle9GetConfigEv
                0x0000000008000ff4        0x8 ../../libDaisy/build/libdaisy.a(audio.o)
                0x0000000008000ff4                daisy::AudioHandle::GetConfig() const
 .text._ZN5daisy11AudioHandle13GetSampleRateEv
                0x0000000008000ffc        0x8 ../../libDaisy/build/libdaisy.a(audio.o)
                0x0000000008000ffc                daisy::AudioHandle::GetSampleRate()
 .text.startup._GLOBAL__sub_I__ZN5daisy11AudioHandle4Impl4InitENS0_6ConfigENS_9SaiHandleE
                0x0000000008001004       0x24 ../../libDaisy/build/libdaisy.a(audio.o)
 .text._ZN5daisy9UsbHandleD2Ev
                0x0000000008001028        0x4 ../../libDaisy/build/libdaisy.a(logger.o)
                0x0000000008001028                daisy::UsbHandle::~UsbHandle()
                0x0000000008001028                daisy::UsbHandle::~UsbHandle()
 .text._ZN5daisy6LoggerILNS_17LoggerDestinationE1EE11TransmitBufEv
                0x000000000800102c       0x60 ../../libDaisy/build/libdaisy.a(logger.o)
                0x000000000800102c                daisy::Logger<(daisy::LoggerDestination)1>::TransmitBuf()
 .text._ZN5daisy6LoggerILNS_17LoggerDestinationE1EE13AppendNewLineEv
                0x000000000800108c       0x60 ../../libDaisy/build/libdaisy.a(logger.o)
                0x000000000800108c                daisy::Logger<(daisy::LoggerDestination)1>::AppendNewLine()
 .text._ZN5daisy6LoggerILNS_17LoggerDestinationE1EE10PrintLineVEPKcSt9__va_list
                0x00000000080010ec       0x30 ../../libDaisy/build/libdaisy.a(logger.o)
                0x00000000080010ec                daisy::Logger<(daisy::LoggerDestination)1>::PrintLineV(char const*, std::__va_list)
 .text._ZN5daisy6LoggerILNS_17LoggerDestinationE1EE9PrintLineEPKcz
                0x000000000800111c       0x1c ../../libDaisy/build/libdaisy.a(logger.o)
                0x000000000800111c                daisy::Logger<(daisy::LoggerDestination)1>::PrintLine(char const*, ...)
 .text.startup._GLOBAL__sub_I__ZN5daisy10LoggerImplILNS_17LoggerDestinationE1EE11usb_handle_E
                0x0000000008001138       0x2c ../../libDaisy/build/libdaisy.a(logger.o)
 .text._ZN5daisy10MidiParser5ResetEv
                0x0000000008001164        0xc ../../libDaisy/build/libdaisy.a(midi_parser.o)
                0x0000000008001164                daisy::MidiParser::Reset()
 .text.DummyRxCallback
                0x0000000008001170        0x4 ../../libDaisy/build/libdaisy.a(usb.o)
                0x0000000008001170                DummyRxCallback
 .text._ZN5daisy9UsbHandle4InitENS0_9UsbPeriphE
                0x0000000008001174      0x10c ../../libDaisy/build/libdaisy.a(usb.o)
                0x0000000008001174                daisy::UsbHandle::Init(daisy::UsbHandle::UsbPeriph)
 .text._ZN5daisy9UsbHandle16TransmitInternalEPhj
                0x0000000008001280       0x14 ../../libDaisy/build/libdaisy.a(usb.o)
                0x0000000008001280                daisy::UsbHandle::TransmitInternal(unsigned char*, unsigned int)
 .text._ZN5daisy9UsbHandle16TransmitExternalEPhj
                0x0000000008001294       0x14 ../../libDaisy/build/libdaisy.a(usb.o)
                0x0000000008001294                daisy::UsbHandle::TransmitExternal(unsigned char*, unsigned int)
 .text._ZN5daisy9UsbHandle18SetReceiveCallbackEPFvPhPmENS0_9UsbPeriphE
                0x00000000080012a8       0x38 ../../libDaisy/build/libdaisy.a(usb.o)
                0x00000000080012a8                daisy::UsbHandle::SetReceiveCallback(void (*)(unsigned char*, unsigned long*), daisy::UsbHandle::UsbPeriph)
 .text.OTG_FS_EP1_OUT_IRQHandler
                0x00000000080012e0        0xc ../../libDaisy/build/libdaisy.a(usb.o)
                0x00000000080012e0                OTG_FS_EP1_OUT_IRQHandler
 .text.OTG_FS_EP1_IN_IRQHandler
                0x00000000080012ec        0xc ../../libDaisy/build/libdaisy.a(usb.o)
                0x00000000080012ec                OTG_FS_EP1_IN_IRQHandler
 .text.OTG_FS_IRQHandler
                0x00000000080012f8        0xc ../../libDaisy/build/libdaisy.a(usb.o)
                0x00000000080012f8                OTG_FS_IRQHandler
 .text._ZN5daisy16MidiUsbTransport4ImplD2Ev
                0x0000000008001304        0x4 ../../libDaisy/build/libdaisy.a(usb_midi.o)
                0x0000000008001304                daisy::MidiUsbTransport::Impl::~Impl()
                0x0000000008001304                daisy::MidiUsbTransport::Impl::~Impl()
 .text._ZN5daisy16MidiUsbTransport4Impl15MidiToUsbSingleEPhj.part.0
                0x0000000008001308      0x1b8 ../../libDaisy/build/libdaisy.a(usb_midi.o)
 .text._ZN5daisy16MidiUsbTransport4Impl2TxEPhj
                0x00000000080014c0       0xa8 ../../libDaisy/build/libdaisy.a(usb_midi.o)
                0x00000000080014c0                daisy::MidiUsbTransport::Impl::Tx(unsigned char*, unsigned int)
 .text._ZN5daisy16MidiUsbTransport4Impl5ParseEv
                0x0000000008001568       0x68 ../../libDaisy/build/libdaisy.a(usb_midi.o)
                0x0000000008001568                daisy::MidiUsbTransport::Impl::Parse()
 .text._Z15ReceiveCallbackPhPm
                0x00000000080015d0       0x9c ../../libDaisy/build/libdaisy.a(usb_midi.o)
                0x00000000080015d0                ReceiveCallback(unsigned char*, unsigned long*)
 .text._ZN5daisy16MidiUsbTransport4InitENS0_6ConfigE
                0x000000000800166c       0x54 ../../libDaisy/build/libdaisy.a(usb_midi.o)
                0x000000000800166c                daisy::MidiUsbTransport::Init(daisy::MidiUsbTransport::Config)
 .text._ZN5daisy16MidiUsbTransport2TxEPhj
                0x00000000080016c0        0x8 ../../libDaisy/build/libdaisy.a(usb_midi.o)
                0x00000000080016c0                daisy::MidiUsbTransport::Tx(unsigned char*, unsigned int)
 .text.startup._GLOBAL__sub_I__Z15ReceiveCallbackPhPm
                0x00000000080016c8       0x60 ../../libDaisy/build/libdaisy.a(usb_midi.o)
 .text._ZN5daisy4GPIO4InitENS_3PinENS0_4ModeENS0_4PullENS0_5SpeedE
                0x0000000008001728      0x1cc ../../libDaisy/build/libdaisy.a(gpio.o)
                0x0000000008001728                daisy::GPIO::Init(daisy::Pin, daisy::GPIO::Mode, daisy::GPIO::Pull, daisy::GPIO::Speed)
 .text._ZN5daisy4GPIO4ReadEv
                0x00000000080018f4       0x18 ../../libDaisy/build/libdaisy.a(gpio.o)
                0x00000000080018f4                daisy::GPIO::Read()
 .text._ZN5daisy4GPIO5WriteEb
                0x000000000800190c       0x14 ../../libDaisy/build/libdaisy.a(gpio.o)
                0x000000000800190c                daisy::GPIO::Write(bool)
 .text.dsy_gpio_init
                0x0000000008001920      0x1b8 ../../libDaisy/build/libdaisy.a(gpio.o)
                0x0000000008001920                dsy_gpio_init
 .text.dsy_gpio_write
                0x0000000008001ad8       0x24 ../../libDaisy/build/libdaisy.a(gpio.o)
                0x0000000008001ad8                dsy_gpio_write
 .text._ZN5daisy9I2CHandle4Impl8InitPinsEv
                0x0000000008001afc       0x58 ../../libDaisy/build/libdaisy.a(i2c.o)
                0x0000000008001afc                daisy::I2CHandle::Impl::InitPins()
 .text.HAL_I2C_MspInit
                0x0000000008001b54      0x1b4 ../../libDaisy/build/libdaisy.a(i2c.o)
                0x0000000008001b54                HAL_I2C_MspInit
 .text.dsy_i2c_global_init
                0x0000000008001d08       0x78 ../../libDaisy/build/libdaisy.a(i2c.o)
                0x0000000008001d08                dsy_i2c_global_init
 .text.DMA1_Stream6_IRQHandler
                0x0000000008001d80       0x34 ../../libDaisy/build/libdaisy.a(i2c.o)
                0x0000000008001d80                DMA1_Stream6_IRQHandler
 .text.I2C1_EV_IRQHandler
                0x0000000008001db4        0xc ../../libDaisy/build/libdaisy.a(i2c.o)
                0x0000000008001db4                I2C1_EV_IRQHandler
 .text.I2C2_EV_IRQHandler
                0x0000000008001dc0        0xc ../../libDaisy/build/libdaisy.a(i2c.o)
                0x0000000008001dc0                I2C2_EV_IRQHandler
 .text.I2C3_EV_IRQHandler
                0x0000000008001dcc        0xc ../../libDaisy/build/libdaisy.a(i2c.o)
                0x0000000008001dcc                I2C3_EV_IRQHandler
 .text._ZN5daisy9I2CHandle4InitERKNS0_6ConfigE
                0x0000000008001dd8      0x12c ../../libDaisy/build/libdaisy.a(i2c.o)
                0x0000000008001dd8                daisy::I2CHandle::Init(daisy::I2CHandle::Config const&)
 .text._ZN5daisy9I2CHandle16TransmitBlockingEtPhtm
                0x0000000008001f04       0x50 ../../libDaisy/build/libdaisy.a(i2c.o)
                0x0000000008001f04                daisy::I2CHandle::TransmitBlocking(unsigned short, unsigned char*, unsigned short, unsigned long)
 .text.startup._GLOBAL__sub_I__ZN5daisy9I2CHandle4Impl10GlobalInitEv
                0x0000000008001f54       0x18 ../../libDaisy/build/libdaisy.a(i2c.o)
 .text._ZN5daisy10QSPIHandle4Impl11WriteEnableEv
                0x0000000008001f6c       0x8c ../../libDaisy/build/libdaisy.a(qspi.o)
                0x0000000008001f6c                daisy::QSPIHandle::Impl::WriteEnable()
 .text._ZN5daisy10QSPIHandle4Impl17DummyCyclesConfigENS0_6Config6DeviceE
                0x0000000008001ff8      0x118 ../../libDaisy/build/libdaisy.a(qspi.o)
                0x0000000008001ff8                daisy::QSPIHandle::Impl::DummyCyclesConfig(daisy::QSPIHandle::Config::Device)
 .text._ZN5daisy10QSPIHandle4Impl10QuadEnableEv
                0x0000000008002110      0x158 ../../libDaisy/build/libdaisy.a(qspi.o)
                0x0000000008002110                daisy::QSPIHandle::Impl::QuadEnable()
 .text._ZN5daisy10QSPIHandle4InitERKNS0_6ConfigE
                0x0000000008002268      0x198 ../../libDaisy/build/libdaisy.a(qspi.o)
                0x0000000008002268                daisy::QSPIHandle::Init(daisy::QSPIHandle::Config const&)
 .text.HAL_QSPI_MspInit
                0x0000000008002400      0x11c ../../libDaisy/build/libdaisy.a(qspi.o)
                0x0000000008002400                HAL_QSPI_MspInit
 .text.HAL_QSPI_MspDeInit
                0x000000000800251c       0x54 ../../libDaisy/build/libdaisy.a(qspi.o)
                0x000000000800251c                HAL_QSPI_MspDeInit
 .text.QUADSPI_IRQHandler
                0x0000000008002570        0xc ../../libDaisy/build/libdaisy.a(qspi.o)
                0x0000000008002570                QUADSPI_IRQHandler
 .text.startup._GLOBAL__sub_I__ZN5daisy10QSPIHandle4Impl4InitERKNS0_6ConfigE
                0x000000000800257c       0x28 ../../libDaisy/build/libdaisy.a(qspi.o)
 .text._ZN5daisy9SaiHandle4Impl7InitDmaENS1_15PeripheralBlockE
                0x00000000080025a4       0xa0 ../../libDaisy/build/libdaisy.a(sai.o)
                0x00000000080025a4                daisy::SaiHandle::Impl::InitDma(daisy::SaiHandle::Impl::PeripheralBlock)
 .text._ZN5daisy9SaiHandle4Impl8InitPinsEv
                0x0000000008002644       0xa8 ../../libDaisy/build/libdaisy.a(sai.o)
                0x0000000008002644                daisy::SaiHandle::Impl::InitPins()
 .text.HAL_SAI_MspInit
                0x00000000080026ec      0x164 ../../libDaisy/build/libdaisy.a(sai.o)
                0x00000000080026ec                HAL_SAI_MspInit
 .text.DMA1_Stream0_IRQHandler
                0x0000000008002850        0xc ../../libDaisy/build/libdaisy.a(sai.o)
                0x0000000008002850                DMA1_Stream0_IRQHandler
 .text.DMA1_Stream1_IRQHandler
                0x000000000800285c        0xc ../../libDaisy/build/libdaisy.a(sai.o)
                0x000000000800285c                DMA1_Stream1_IRQHandler
 .text.DMA1_Stream3_IRQHandler
                0x0000000008002868        0xc ../../libDaisy/build/libdaisy.a(sai.o)
                0x0000000008002868                DMA1_Stream3_IRQHandler
 .text.DMA1_Stream4_IRQHandler
                0x0000000008002874        0xc ../../libDaisy/build/libdaisy.a(sai.o)
                0x0000000008002874                DMA1_Stream4_IRQHandler
 .text._ZN5daisy9SaiHandle4InitERKNS0_6ConfigE
                0x0000000008002880      0x1f0 ../../libDaisy/build/libdaisy.a(sai.o)
                0x0000000008002880                daisy::SaiHandle::Init(daisy::SaiHandle::Config const&)
 .text._ZNK5daisy9SaiHandle9GetConfigEv
                0x0000000008002a70        0x4 ../../libDaisy/build/libdaisy.a(sai.o)
                0x0000000008002a70                daisy::SaiHandle::GetConfig() const
 .text._ZN5daisy9SaiHandle13GetSampleRateEv
                0x0000000008002a74       0x24 ../../libDaisy/build/libdaisy.a(sai.o)
                0x0000000008002a74                daisy::SaiHandle::GetSampleRate()
 .text._ZN5daisy11TimerHandleD2Ev
                0x0000000008002a98        0x4 ../../libDaisy/build/libdaisy.a(system.o)
                0x0000000008002a98                daisy::TimerHandle::~TimerHandle()
                0x0000000008002a98                daisy::TimerHandle::~TimerHandle()
 .text.SysTick_Handler
                0x0000000008002a9c       0x10 ../../libDaisy/build/libdaisy.a(system.o)
                0x0000000008002a9c                SysTick_Handler
 .text.OTG_HS_EP1_OUT_IRQHandler
                0x0000000008002aac       0x24 ../../libDaisy/build/libdaisy.a(system.o)
                0x0000000008002aac                OTG_HS_EP1_OUT_IRQHandler
 .text.OTG_HS_EP1_IN_IRQHandler
                0x0000000008002ad0       0x24 ../../libDaisy/build/libdaisy.a(system.o)
                0x0000000008002ad0                OTG_HS_EP1_IN_IRQHandler
 .text.OTG_HS_IRQHandler
                0x0000000008002af4       0x24 ../../libDaisy/build/libdaisy.a(system.o)
                0x0000000008002af4                OTG_HS_IRQHandler
 .text.HardFault_Handler
                0x0000000008002b18       0xe0 ../../libDaisy/build/libdaisy.a(system.o)
                0x0000000008002b18                HardFault_Handler
 .text._ZN5daisy6System5DelayEm
                0x0000000008002bf8        0x4 ../../libDaisy/build/libdaisy.a(system.o)
                0x0000000008002bf8                daisy::System::Delay(unsigned long)
 .text._ZN5daisy6System7DelayUsEm
                0x0000000008002bfc        0xc ../../libDaisy/build/libdaisy.a(system.o)
                0x0000000008002bfc                daisy::System::DelayUs(unsigned long)
 .text._ZN5daisy6System20GetBootloaderVersionEv
                0x0000000008002c08       0x34 ../../libDaisy/build/libdaisy.a(system.o)
                0x0000000008002c08                daisy::System::GetBootloaderVersion()
 .text._ZN5daisy6System15ConfigureClocksEv
                0x0000000008002c3c      0x194 ../../libDaisy/build/libdaisy.a(system.o)
                0x0000000008002c3c                daisy::System::ConfigureClocks()
 .text._ZN5daisy6System12ConfigureMpuEv
                0x0000000008002dd0       0x7c ../../libDaisy/build/libdaisy.a(system.o)
                0x0000000008002dd0                daisy::System::ConfigureMpu()
 .text._ZN5daisy6System4InitERKNS0_6ConfigE
                0x0000000008002e4c       0xec ../../libDaisy/build/libdaisy.a(system.o)
                0x0000000008002e4c                daisy::System::Init(daisy::System::Config const&)
 .text._ZN5daisy6System12GetPClk1FreqEv
                0x0000000008002f38        0x4 ../../libDaisy/build/libdaisy.a(system.o)
                0x0000000008002f38                daisy::System::GetPClk1Freq()
 .text._ZN5daisy6System22GetProgramMemoryRegionEv
                0x0000000008002f3c       0x78 ../../libDaisy/build/libdaisy.a(system.o)
                0x0000000008002f3c                daisy::System::GetProgramMemoryRegion()
 .text.startup._GLOBAL__sub_I__ZN5daisy9boot_infoE
                0x0000000008002fb4       0x1c ../../libDaisy/build/libdaisy.a(system.o)
 .text.SystemInit
                0x0000000008002fd0       0x9c ../../libDaisy/build/libdaisy.a(system_stm32h7xx.o)
                0x0000000008002fd0                SystemInit
 .text.dummy_rx_callback
                0x000000000800306c        0x4 ../../libDaisy/build/libdaisy.a(usbd_cdc_if.o)
                0x000000000800306c                dummy_rx_callback
 .text.CDC_DeInit_FS
                0x0000000008003070        0x4 ../../libDaisy/build/libdaisy.a(usbd_cdc_if.o)
 .text.CDC_Receive_FS
                0x0000000008003074       0x2c ../../libDaisy/build/libdaisy.a(usbd_cdc_if.o)
 .text.CDC_Receive_HS
                0x00000000080030a0       0x2c ../../libDaisy/build/libdaisy.a(usbd_cdc_if.o)
 .text.CDC_Init_FS
                0x00000000080030cc       0x3c ../../libDaisy/build/libdaisy.a(usbd_cdc_if.o)
 .text.CDC_Init_HS
                0x0000000008003108       0x3c ../../libDaisy/build/libdaisy.a(usbd_cdc_if.o)
 .text.CDC_Control_FS
                0x0000000008003144       0x34 ../../libDaisy/build/libdaisy.a(usbd_cdc_if.o)
 .text.CDC_Control_HS
                0x0000000008003178       0x34 ../../libDaisy/build/libdaisy.a(usbd_cdc_if.o)
 .text.CDC_DeInit_HS
                0x00000000080031ac        0x4 ../../libDaisy/build/libdaisy.a(usbd_cdc_if.o)
 .text.CDC_Transmit_FS
                0x00000000080031b0       0x2c ../../libDaisy/build/libdaisy.a(usbd_cdc_if.o)
                0x00000000080031b0                CDC_Transmit_FS
 .text.CDC_Transmit_HS
                0x00000000080031dc       0x2c ../../libDaisy/build/libdaisy.a(usbd_cdc_if.o)
                0x00000000080031dc                CDC_Transmit_HS
 .text.CDC_Set_Rx_Callback_FS
                0x0000000008003208        0xc ../../libDaisy/build/libdaisy.a(usbd_cdc_if.o)
                0x0000000008003208                CDC_Set_Rx_Callback_FS
 .text.CDC_Set_Rx_Callback_HS
                0x0000000008003214        0xc ../../libDaisy/build/libdaisy.a(usbd_cdc_if.o)
                0x0000000008003214                CDC_Set_Rx_Callback_HS
 .text.HAL_PCD_MspInit
                0x0000000008003220      0x144 ../../libDaisy/build/libdaisy.a(usbd_conf.o)
                0x0000000008003220                HAL_PCD_MspInit
 .text.HAL_PCD_SetupStageCallback
                0x0000000008003364        0xc ../../libDaisy/build/libdaisy.a(usbd_conf.o)
                0x0000000008003364                HAL_PCD_SetupStageCallback
 .text.HAL_PCD_DataOutStageCallback
                0x0000000008003370       0x14 ../../libDaisy/build/libdaisy.a(usbd_conf.o)
                0x0000000008003370                HAL_PCD_DataOutStageCallback
 .text.HAL_PCD_DataInStageCallback
                0x0000000008003384       0x14 ../../libDaisy/build/libdaisy.a(usbd_conf.o)
                0x0000000008003384                HAL_PCD_DataInStageCallback
 .text.HAL_PCD_SOFCallback
                0x0000000008003398        0x8 ../../libDaisy/build/libdaisy.a(usbd_conf.o)
                0x0000000008003398                HAL_PCD_SOFCallback
 .text.HAL_PCD_ResetCallback
                0x00000000080033a0       0x24 ../../libDaisy/build/libdaisy.a(usbd_conf.o)
                0x00000000080033a0                HAL_PCD_ResetCallback
 .text.HAL_PCD_SuspendCallback
                0x00000000080033c4       0x30 ../../libDaisy/build/libdaisy.a(usbd_conf.o)
                0x00000000080033c4                HAL_PCD_SuspendCallback
 .text.HAL_PCD_ResumeCallback
                0x00000000080033f4        0x8 ../../libDaisy/build/libdaisy.a(usbd_conf.o)
                0x00000000080033f4                HAL_PCD_ResumeCallback
 .text.HAL_PCD_ISOOUTIncompleteCallback
                0x00000000080033fc        0x8 ../../libDaisy/build/libdaisy.a(usbd_conf.o)
                0x00000000080033fc                HAL_PCD_ISOOUTIncompleteCallback
 .text.HAL_PCD_ISOINIncompleteCallback
                0x0000000008003404        0x8 ../../libDaisy/build/libdaisy.a(usbd_conf.o)
                0x0000000008003404                HAL_PCD_ISOINIncompleteCallback
 .text.HAL_PCD_ConnectCallback
                0x000000000800340c        0x8 ../../libDaisy/build/libdaisy.a(usbd_conf.o)
                0x000000000800340c                HAL_PCD_ConnectCallback
 .text.HAL_PCD_DisconnectCallback
                0x0000000008003414        0x8 ../../libDaisy/build/libdaisy.a(usbd_conf.o)
                0x0000000008003414                HAL_PCD_DisconnectCallback
 .text.USBD_LL_Init
                0x000000000800341c       0xe4 ../../libDaisy/build/libdaisy.a(usbd_conf.o)
                0x000000000800341c                USBD_LL_Init
 .text.USBD_LL_Start
                0x0000000008003500       0x1c ../../libDaisy/build/libdaisy.a(usbd_conf.o)
                0x0000000008003500                USBD_LL_Start
 .text.USBD_LL_OpenEP
                0x000000000800351c       0x24 ../../libDaisy/build/libdaisy.a(usbd_conf.o)
                0x000000000800351c                USBD_LL_OpenEP
 .text.USBD_LL_CloseEP
                0x0000000008003540       0x1c ../../libDaisy/build/libdaisy.a(usbd_conf.o)
                0x0000000008003540                USBD_LL_CloseEP
 .text.USBD_LL_StallEP
                0x000000000800355c       0x1c ../../libDaisy/build/libdaisy.a(usbd_conf.o)
                0x000000000800355c                USBD_LL_StallEP
 .text.USBD_LL_ClearStallEP
                0x0000000008003578       0x1c ../../libDaisy/build/libdaisy.a(usbd_conf.o)
                0x0000000008003578                USBD_LL_ClearStallEP
 .text.USBD_LL_IsStallEP
                0x0000000008003594       0x28 ../../libDaisy/build/libdaisy.a(usbd_conf.o)
                0x0000000008003594                USBD_LL_IsStallEP
 .text.USBD_LL_SetUSBAddress
                0x00000000080035bc       0x1c ../../libDaisy/build/libdaisy.a(usbd_conf.o)
                0x00000000080035bc                USBD_LL_SetUSBAddress
 .text.USBD_LL_Transmit
                0x00000000080035d8       0x1c ../../libDaisy/build/libdaisy.a(usbd_conf.o)
                0x00000000080035d8                USBD_LL_Transmit
 .text.USBD_LL_PrepareReceive
                0x00000000080035f4       0x1c ../../libDaisy/build/libdaisy.a(usbd_conf.o)
                0x00000000080035f4                USBD_LL_PrepareReceive
 .text.USBD_LL_GetRxDataSize
                0x0000000008003610        0x8 ../../libDaisy/build/libdaisy.a(usbd_conf.o)
                0x0000000008003610                USBD_LL_GetRxDataSize
 .text.USBD_HS_DeviceDescriptor
                0x0000000008003618        0xc ../../libDaisy/build/libdaisy.a(usbd_desc.o)
                0x0000000008003618                USBD_HS_DeviceDescriptor
 .text.USBD_FS_DeviceDescriptor
                0x0000000008003624        0xc ../../libDaisy/build/libdaisy.a(usbd_desc.o)
                0x0000000008003624                USBD_FS_DeviceDescriptor
 .text.USBD_FS_LangIDStrDescriptor
                0x0000000008003630        0xc ../../libDaisy/build/libdaisy.a(usbd_desc.o)
                0x0000000008003630                USBD_FS_LangIDStrDescriptor
 .text.USBD_FS_ManufacturerStrDescriptor
                0x000000000800363c       0x1c ../../libDaisy/build/libdaisy.a(usbd_desc.o)
                0x000000000800363c                USBD_FS_ManufacturerStrDescriptor
 .text.USBD_HS_ProductStrDescriptor
                0x0000000008003658       0x1c ../../libDaisy/build/libdaisy.a(usbd_desc.o)
                0x0000000008003658                USBD_HS_ProductStrDescriptor
 .text.USBD_FS_ConfigStrDescriptor
                0x0000000008003674       0x1c ../../libDaisy/build/libdaisy.a(usbd_desc.o)
                0x0000000008003674                USBD_FS_ConfigStrDescriptor
 .text.USBD_FS_InterfaceStrDescriptor
                0x0000000008003690       0x1c ../../libDaisy/build/libdaisy.a(usbd_desc.o)
                0x0000000008003690                USBD_FS_InterfaceStrDescriptor
 .text.USBD_FS_ProductStrDescriptor
                0x00000000080036ac       0x1c ../../libDaisy/build/libdaisy.a(usbd_desc.o)
                0x00000000080036ac                USBD_FS_ProductStrDescriptor
 .text.USBD_HS_LangIDStrDescriptor
                0x00000000080036c8        0xc ../../libDaisy/build/libdaisy.a(usbd_desc.o)
                0x00000000080036c8                USBD_HS_LangIDStrDescriptor
 .text.USBD_HS_ManufacturerStrDescriptor
                0x00000000080036d4       0x1c ../../libDaisy/build/libdaisy.a(usbd_desc.o)
                0x00000000080036d4                USBD_HS_ManufacturerStrDescriptor
 .text.USBD_FS_SerialStrDescriptor
                0x00000000080036f0      0x124 ../../libDaisy/build/libdaisy.a(usbd_desc.o)
                0x00000000080036f0                USBD_FS_SerialStrDescriptor
 .text.USBD_HS_SerialStrDescriptor
                0x0000000008003814      0x124 ../../libDaisy/build/libdaisy.a(usbd_desc.o)
                0x0000000008003814                USBD_HS_SerialStrDescriptor
 .text.USBD_HS_InterfaceStrDescriptor
                0x0000000008003938       0x1c ../../libDaisy/build/libdaisy.a(usbd_desc.o)
                0x0000000008003938                USBD_HS_InterfaceStrDescriptor
 .text.USBD_HS_ConfigStrDescriptor
                0x0000000008003954       0x1c ../../libDaisy/build/libdaisy.a(usbd_desc.o)
                0x0000000008003954                USBD_HS_ConfigStrDescriptor
 .text.HAL_HCD_SOF_Callback
                0x0000000008003970        0x8 ../../libDaisy/build/libdaisy.a(usbh_conf.o)
                0x0000000008003970                HAL_HCD_SOF_Callback
 .text.HAL_HCD_Connect_Callback
                0x0000000008003978        0x8 ../../libDaisy/build/libdaisy.a(usbh_conf.o)
                0x0000000008003978                HAL_HCD_Connect_Callback
 .text.HAL_HCD_Disconnect_Callback
                0x0000000008003980        0x8 ../../libDaisy/build/libdaisy.a(usbh_conf.o)
                0x0000000008003980                HAL_HCD_Disconnect_Callback
 .text.HAL_HCD_HC_NotifyURBChange_Callback
                0x0000000008003988        0x4 ../../libDaisy/build/libdaisy.a(usbh_conf.o)
                0x0000000008003988                HAL_HCD_HC_NotifyURBChange_Callback
 .text.HAL_HCD_PortEnabled_Callback
                0x000000000800398c        0x8 ../../libDaisy/build/libdaisy.a(usbh_conf.o)
                0x000000000800398c                HAL_HCD_PortEnabled_Callback
 .text.HAL_HCD_PortDisabled_Callback
                0x0000000008003994        0x8 ../../libDaisy/build/libdaisy.a(usbh_conf.o)
                0x0000000008003994                HAL_HCD_PortDisabled_Callback
 .text.USBH_LL_Stop
                0x000000000800399c       0x1c ../../libDaisy/build/libdaisy.a(usbh_conf.o)
                0x000000000800399c                USBH_LL_Stop
 .text.dsy_hal_map_get_port
                0x00000000080039b8       0x10 ../../libDaisy/build/libdaisy.a(hal_map.o)
                0x00000000080039b8                dsy_hal_map_get_port
 .text.dsy_hal_map_get_pin
                0x00000000080039c8       0x10 ../../libDaisy/build/libdaisy.a(hal_map.o)
                0x00000000080039c8                dsy_hal_map_get_pin
 .text.dsy_hal_map_gpio_clk_enable
                0x00000000080039d8      0x150 ../../libDaisy/build/libdaisy.a(hal_map.o)
                0x00000000080039d8                dsy_hal_map_gpio_clk_enable
 .text.HAL_MspInit
                0x0000000008003b28        0x4 ../../libDaisy/build/libdaisy.a(stm32h7xx_hal.o)
                0x0000000008003b28                HAL_MspInit
 .text.HAL_InitTick
                0x0000000008003b2c       0x4c ../../libDaisy/build/libdaisy.a(stm32h7xx_hal.o)
                0x0000000008003b2c                HAL_InitTick
 .text.HAL_Init
                0x0000000008003b78       0x60 ../../libDaisy/build/libdaisy.a(stm32h7xx_hal.o)
                0x0000000008003b78                HAL_Init
 .text.HAL_IncTick
                0x0000000008003bd8       0x18 ../../libDaisy/build/libdaisy.a(stm32h7xx_hal.o)
                0x0000000008003bd8                HAL_IncTick
 .text.HAL_GetTick
                0x0000000008003bf0        0xc ../../libDaisy/build/libdaisy.a(stm32h7xx_hal.o)
                0x0000000008003bf0                HAL_GetTick
 .text.HAL_Delay
                0x0000000008003bfc       0x24 ../../libDaisy/build/libdaisy.a(stm32h7xx_hal.o)
                0x0000000008003bfc                HAL_Delay
 .text.HAL_GetREVID
                0x0000000008003c20        0xc ../../libDaisy/build/libdaisy.a(stm32h7xx_hal.o)
                0x0000000008003c20                HAL_GetREVID
 .text.HAL_NVIC_SetPriorityGrouping
                0x0000000008003c2c       0x24 ../../libDaisy/build/libdaisy.a(stm32h7xx_hal_cortex.o)
                0x0000000008003c2c                HAL_NVIC_SetPriorityGrouping
 .text.HAL_NVIC_SetPriority
                0x0000000008003c50       0x7c ../../libDaisy/build/libdaisy.a(stm32h7xx_hal_cortex.o)
                0x0000000008003c50                HAL_NVIC_SetPriority
 .text.HAL_NVIC_EnableIRQ
                0x0000000008003ccc       0x1c ../../libDaisy/build/libdaisy.a(stm32h7xx_hal_cortex.o)
                0x0000000008003ccc                HAL_NVIC_EnableIRQ
 .text.HAL_NVIC_DisableIRQ
                0x0000000008003ce8       0x28 ../../libDaisy/build/libdaisy.a(stm32h7xx_hal_cortex.o)
                0x0000000008003ce8                HAL_NVIC_DisableIRQ
 .text.HAL_SYSTICK_Config
                0x0000000008003d10       0x2c ../../libDaisy/build/libdaisy.a(stm32h7xx_hal_cortex.o)
                0x0000000008003d10                HAL_SYSTICK_Config
 .text.HAL_MPU_Disable
                0x0000000008003d3c       0x1c ../../libDaisy/build/libdaisy.a(stm32h7xx_hal_cortex.o)
                0x0000000008003d3c                HAL_MPU_Disable
 .text.HAL_MPU_Enable
                0x0000000008003d58       0x20 ../../libDaisy/build/libdaisy.a(stm32h7xx_hal_cortex.o)
                0x0000000008003d58                HAL_MPU_Enable
 .text.HAL_MPU_ConfigRegion
                0x0000000008003d78       0x64 ../../libDaisy/build/libdaisy.a(stm32h7xx_hal_cortex.o)
                0x0000000008003d78                HAL_MPU_ConfigRegion
 .text.HAL_SYSTICK_Callback
                0x0000000008003ddc        0x4 ../../libDaisy/build/libdaisy.a(stm32h7xx_hal_cortex.o)
                0x0000000008003ddc                HAL_SYSTICK_Callback
 .text.HAL_SYSTICK_IRQHandler
                0x0000000008003de0        0x8 ../../libDaisy/build/libdaisy.a(stm32h7xx_hal_cortex.o)
                0x0000000008003de0                HAL_SYSTICK_IRQHandler
 .text.DMA_CalcBaseAndBitshift
                0x0000000008003de8       0xf4 ../../libDaisy/build/libdaisy.a(stm32h7xx_hal_dma.o)
 .text.DMA_CalcDMAMUXChannelBaseAndMask
                0x0000000008003edc       0xd8 ../../libDaisy/build/libdaisy.a(stm32h7xx_hal_dma.o)
 .text.HAL_DMA_Init
                0x0000000008003fb4      0x37c ../../libDaisy/build/libdaisy.a(stm32h7xx_hal_dma.o)
                0x0000000008003fb4                HAL_DMA_Init
 .text.HAL_DMA_Start_IT
                0x0000000008004330      0x240 ../../libDaisy/build/libdaisy.a(stm32h7xx_hal_dma.o)
                0x0000000008004330                HAL_DMA_Start_IT
 .text.HAL_DMA_Abort_IT
                0x0000000008004570      0x134 ../../libDaisy/build/libdaisy.a(stm32h7xx_hal_dma.o)
                0x0000000008004570                HAL_DMA_Abort_IT
 .text.HAL_DMA_IRQHandler
                0x00000000080046a4      0x6a0 ../../libDaisy/build/libdaisy.a(stm32h7xx_hal_dma.o)
                0x00000000080046a4                HAL_DMA_IRQHandler
 .text.HAL_DMA_GetError
                0x0000000008004d44        0x4 ../../libDaisy/build/libdaisy.a(stm32h7xx_hal_dma.o)
                0x0000000008004d44                HAL_DMA_GetError
 .text.HAL_GPIO_Init
                0x0000000008004d48      0x280 ../../libDaisy/build/libdaisy.a(stm32h7xx_hal_gpio.o)
                0x0000000008004d48                HAL_GPIO_Init
 .text.HAL_GPIO_DeInit
                0x0000000008004fc8      0x190 ../../libDaisy/build/libdaisy.a(stm32h7xx_hal_gpio.o)
                0x0000000008004fc8                HAL_GPIO_DeInit
 .text.HAL_GPIO_ReadPin
                0x0000000008005158        0xc ../../libDaisy/build/libdaisy.a(stm32h7xx_hal_gpio.o)
                0x0000000008005158                HAL_GPIO_ReadPin
 .text.HAL_GPIO_WritePin
                0x0000000008005164        0x8 ../../libDaisy/build/libdaisy.a(stm32h7xx_hal_gpio.o)
                0x0000000008005164                HAL_GPIO_WritePin
 .text.HAL_HCD_IRQHandler
                0x000000000800516c      0x780 ../../libDaisy/build/libdaisy.a(stm32h7xx_hal_hcd.o)
                0x000000000800516c                HAL_HCD_IRQHandler
 .text.HAL_HCD_Stop
                0x00000000080058ec       0x28 ../../libDaisy/build/libdaisy.a(stm32h7xx_hal_hcd.o)
                0x00000000080058ec                HAL_HCD_Stop
 .text.I2C_WaitOnTXISFlagUntilTimeout
                0x0000000008005914       0xb8 ../../libDaisy/build/libdaisy.a(stm32h7xx_hal_i2c.o)
 .text.I2C_WaitOnSTOPFlagUntilTimeout
                0x00000000080059cc       0xac ../../libDaisy/build/libdaisy.a(stm32h7xx_hal_i2c.o)
 .text.HAL_I2C_Init
                0x0000000008005a78       0xac ../../libDaisy/build/libdaisy.a(stm32h7xx_hal_i2c.o)
                0x0000000008005a78                HAL_I2C_Init
 .text.HAL_I2C_Master_Transmit
                0x0000000008005b24      0x1a8 ../../libDaisy/build/libdaisy.a(stm32h7xx_hal_i2c.o)
                0x0000000008005b24                HAL_I2C_Master_Transmit
 .text.HAL_I2C_Slave_Transmit
                0x0000000008005ccc      0x1c8 ../../libDaisy/build/libdaisy.a(stm32h7xx_hal_i2c.o)
                0x0000000008005ccc                HAL_I2C_Slave_Transmit
 .text.HAL_I2C_EV_IRQHandler
                0x0000000008005e94       0x10 ../../libDaisy/build/libdaisy.a(stm32h7xx_hal_i2c.o)
                0x0000000008005e94                HAL_I2C_EV_IRQHandler
 .text.HAL_I2C_GetState
                0x0000000008005ea4        0x8 ../../libDaisy/build/libdaisy.a(stm32h7xx_hal_i2c.o)
                0x0000000008005ea4                HAL_I2C_GetState
 .text.HAL_I2CEx_ConfigAnalogFilter
                0x0000000008005eac       0x54 ../../libDaisy/build/libdaisy.a(stm32h7xx_hal_i2c_ex.o)
                0x0000000008005eac                HAL_I2CEx_ConfigAnalogFilter
 .text.HAL_I2CEx_ConfigDigitalFilter
                0x0000000008005f00       0x58 ../../libDaisy/build/libdaisy.a(stm32h7xx_hal_i2c_ex.o)
                0x0000000008005f00                HAL_I2CEx_ConfigDigitalFilter
 .text.HAL_PCD_Init
                0x0000000008005f58      0x12c ../../libDaisy/build/libdaisy.a(stm32h7xx_hal_pcd.o)
                0x0000000008005f58                HAL_PCD_Init
 .text.HAL_PCD_Start
                0x0000000008006084       0x44 ../../libDaisy/build/libdaisy.a(stm32h7xx_hal_pcd.o)
                0x0000000008006084                HAL_PCD_Start
 .text.HAL_PCD_IRQHandler
                0x00000000080060c8      0x69c ../../libDaisy/build/libdaisy.a(stm32h7xx_hal_pcd.o)
                0x00000000080060c8                HAL_PCD_IRQHandler
 .text.HAL_PCD_SetAddress
                0x0000000008006764       0x2c ../../libDaisy/build/libdaisy.a(stm32h7xx_hal_pcd.o)
                0x0000000008006764                HAL_PCD_SetAddress
 .text.HAL_PCD_EP_Open
                0x0000000008006790       0x7c ../../libDaisy/build/libdaisy.a(stm32h7xx_hal_pcd.o)
                0x0000000008006790                HAL_PCD_EP_Open
 .text.HAL_PCD_EP_Close
                0x000000000800680c       0x6c ../../libDaisy/build/libdaisy.a(stm32h7xx_hal_pcd.o)
                0x000000000800680c                HAL_PCD_EP_Close
 .text.HAL_PCD_EP_Receive
                0x0000000008006878       0x50 ../../libDaisy/build/libdaisy.a(stm32h7xx_hal_pcd.o)
                0x0000000008006878                HAL_PCD_EP_Receive
 .text.HAL_PCD_EP_GetRxCount
                0x00000000080068c8       0x14 ../../libDaisy/build/libdaisy.a(stm32h7xx_hal_pcd.o)
                0x00000000080068c8                HAL_PCD_EP_GetRxCount
 .text.HAL_PCD_EP_Transmit
                0x00000000080068dc       0x50 ../../libDaisy/build/libdaisy.a(stm32h7xx_hal_pcd.o)
                0x00000000080068dc                HAL_PCD_EP_Transmit
 .text.HAL_PCD_EP_SetStall
                0x000000000800692c       0x88 ../../libDaisy/build/libdaisy.a(stm32h7xx_hal_pcd.o)
                0x000000000800692c                HAL_PCD_EP_SetStall
 .text.HAL_PCD_EP_ClrStall
                0x00000000080069b4       0x78 ../../libDaisy/build/libdaisy.a(stm32h7xx_hal_pcd.o)
                0x00000000080069b4                HAL_PCD_EP_ClrStall
 .text.HAL_PCDEx_SetTxFiFo
                0x0000000008006a2c       0x54 ../../libDaisy/build/libdaisy.a(stm32h7xx_hal_pcd_ex.o)
                0x0000000008006a2c                HAL_PCDEx_SetTxFiFo
 .text.HAL_PCDEx_SetRxFiFo
                0x0000000008006a80        0xc ../../libDaisy/build/libdaisy.a(stm32h7xx_hal_pcd_ex.o)
                0x0000000008006a80                HAL_PCDEx_SetRxFiFo
 .text.HAL_PCDEx_ActivateLPM
                0x0000000008006a8c       0x30 ../../libDaisy/build/libdaisy.a(stm32h7xx_hal_pcd_ex.o)
                0x0000000008006a8c                HAL_PCDEx_ActivateLPM
 .text.HAL_PCDEx_LPM_Callback
                0x0000000008006abc        0x4 ../../libDaisy/build/libdaisy.a(stm32h7xx_hal_pcd_ex.o)
                0x0000000008006abc                HAL_PCDEx_LPM_Callback
 .text.HAL_PWREx_ConfigSupply
                0x0000000008006ac0       0x4c ../../libDaisy/build/libdaisy.a(stm32h7xx_hal_pwr_ex.o)
                0x0000000008006ac0                HAL_PWREx_ConfigSupply
 .text.HAL_PWREx_EnableUSBVoltageDetector
                0x0000000008006b0c       0x10 ../../libDaisy/build/libdaisy.a(stm32h7xx_hal_pwr_ex.o)
                0x0000000008006b0c                HAL_PWREx_EnableUSBVoltageDetector
 .text.QSPI_Config
                0x0000000008006b1c      0x174 ../../libDaisy/build/libdaisy.a(stm32h7xx_hal_qspi.o)
 .text.HAL_QSPI_Init
                0x0000000008006c90       0xd8 ../../libDaisy/build/libdaisy.a(stm32h7xx_hal_qspi.o)
                0x0000000008006c90                HAL_QSPI_Init
 .text.HAL_QSPI_DeInit
                0x0000000008006d68       0x3c ../../libDaisy/build/libdaisy.a(stm32h7xx_hal_qspi.o)
                0x0000000008006d68                HAL_QSPI_DeInit
 .text.HAL_QSPI_Command
                0x0000000008006da4       0xd4 ../../libDaisy/build/libdaisy.a(stm32h7xx_hal_qspi.o)
                0x0000000008006da4                HAL_QSPI_Command
 .text.HAL_QSPI_Transmit
                0x0000000008006e78       0xfc ../../libDaisy/build/libdaisy.a(stm32h7xx_hal_qspi.o)
                0x0000000008006e78                HAL_QSPI_Transmit
 .text.HAL_QSPI_Receive
                0x0000000008006f74      0x108 ../../libDaisy/build/libdaisy.a(stm32h7xx_hal_qspi.o)
                0x0000000008006f74                HAL_QSPI_Receive
 .text.HAL_QSPI_AutoPolling
                0x000000000800707c       0xf0 ../../libDaisy/build/libdaisy.a(stm32h7xx_hal_qspi.o)
                0x000000000800707c                HAL_QSPI_AutoPolling
 .text.HAL_QSPI_MemoryMapped
                0x000000000800716c       0xc0 ../../libDaisy/build/libdaisy.a(stm32h7xx_hal_qspi.o)
                0x000000000800716c                HAL_QSPI_MemoryMapped
 .text.HAL_QSPI_ErrorCallback
                0x000000000800722c        0x4 ../../libDaisy/build/libdaisy.a(stm32h7xx_hal_qspi.o)
                0x000000000800722c                HAL_QSPI_ErrorCallback
 .text.QSPI_DMAAbortCplt
                0x0000000008007230       0x38 ../../libDaisy/build/libdaisy.a(stm32h7xx_hal_qspi.o)
 .text.HAL_QSPI_AbortCpltCallback
                0x0000000008007268        0x4 ../../libDaisy/build/libdaisy.a(stm32h7xx_hal_qspi.o)
                0x0000000008007268                HAL_QSPI_AbortCpltCallback
 .text.HAL_QSPI_CmdCpltCallback
                0x000000000800726c        0x4 ../../libDaisy/build/libdaisy.a(stm32h7xx_hal_qspi.o)
                0x000000000800726c                HAL_QSPI_CmdCpltCallback
 .text.HAL_QSPI_RxCpltCallback
                0x0000000008007270        0x4 ../../libDaisy/build/libdaisy.a(stm32h7xx_hal_qspi.o)
                0x0000000008007270                HAL_QSPI_RxCpltCallback
 .text.HAL_QSPI_TxCpltCallback
                0x0000000008007274        0x4 ../../libDaisy/build/libdaisy.a(stm32h7xx_hal_qspi.o)
                0x0000000008007274                HAL_QSPI_TxCpltCallback
 .text.HAL_QSPI_FifoThresholdCallback
                0x0000000008007278        0x4 ../../libDaisy/build/libdaisy.a(stm32h7xx_hal_qspi.o)
                0x0000000008007278                HAL_QSPI_FifoThresholdCallback
 .text.HAL_QSPI_StatusMatchCallback
                0x000000000800727c        0x4 ../../libDaisy/build/libdaisy.a(stm32h7xx_hal_qspi.o)
                0x000000000800727c                HAL_QSPI_StatusMatchCallback
 .text.HAL_QSPI_TimeOutCallback
                0x0000000008007280        0x4 ../../libDaisy/build/libdaisy.a(stm32h7xx_hal_qspi.o)
                0x0000000008007280                HAL_QSPI_TimeOutCallback
 .text.HAL_QSPI_IRQHandler
                0x0000000008007284      0x210 ../../libDaisy/build/libdaisy.a(stm32h7xx_hal_qspi.o)
                0x0000000008007284                HAL_QSPI_IRQHandler
 .text.HAL_RCC_OscConfig
                0x0000000008007494      0x51c ../../libDaisy/build/libdaisy.a(stm32h7xx_hal_rcc.o)
                0x0000000008007494                HAL_RCC_OscConfig
 .text.HAL_RCC_GetSysClockFreq
                0x00000000080079b0      0x140 ../../libDaisy/build/libdaisy.a(stm32h7xx_hal_rcc.o)
                0x00000000080079b0                HAL_RCC_GetSysClockFreq
 .text.HAL_RCC_ClockConfig
                0x0000000008007af0      0x234 ../../libDaisy/build/libdaisy.a(stm32h7xx_hal_rcc.o)
                0x0000000008007af0                HAL_RCC_ClockConfig
 .text.HAL_RCC_GetHCLKFreq
                0x0000000008007d24       0x2c ../../libDaisy/build/libdaisy.a(stm32h7xx_hal_rcc.o)
                0x0000000008007d24                HAL_RCC_GetHCLKFreq
 .text.HAL_RCC_GetPCLK1Freq
                0x0000000008007d50       0x38 ../../libDaisy/build/libdaisy.a(stm32h7xx_hal_rcc.o)
                0x0000000008007d50                HAL_RCC_GetPCLK1Freq
 .text.HAL_RCC_GetPCLK2Freq
                0x0000000008007d88       0x38 ../../libDaisy/build/libdaisy.a(stm32h7xx_hal_rcc.o)
                0x0000000008007d88                HAL_RCC_GetPCLK2Freq
 .text.RCCEx_PLL2_Config
                0x0000000008007dc0       0xf4 ../../libDaisy/build/libdaisy.a(stm32h7xx_hal_rcc_ex.o)
 .text.RCCEx_PLL3_Config
                0x0000000008007eb4       0xf4 ../../libDaisy/build/libdaisy.a(stm32h7xx_hal_rcc_ex.o)
 .text.HAL_RCCEx_PeriphCLKConfig
                0x0000000008007fa8      0xa7c ../../libDaisy/build/libdaisy.a(stm32h7xx_hal_rcc_ex.o)
                0x0000000008007fa8                HAL_RCCEx_PeriphCLKConfig
 .text.HAL_RCCEx_GetD3PCLK1Freq
                0x0000000008008a24       0x24 ../../libDaisy/build/libdaisy.a(stm32h7xx_hal_rcc_ex.o)
                0x0000000008008a24                HAL_RCCEx_GetD3PCLK1Freq
 .text.HAL_RCCEx_GetPLL2ClockFreq
                0x0000000008008a48      0x17c ../../libDaisy/build/libdaisy.a(stm32h7xx_hal_rcc_ex.o)
                0x0000000008008a48                HAL_RCCEx_GetPLL2ClockFreq
 .text.HAL_RCCEx_GetPLL3ClockFreq
                0x0000000008008bc4      0x17c ../../libDaisy/build/libdaisy.a(stm32h7xx_hal_rcc_ex.o)
                0x0000000008008bc4                HAL_RCCEx_GetPLL3ClockFreq
 .text.HAL_RCCEx_GetPLL1ClockFreq
                0x0000000008008d40      0x17c ../../libDaisy/build/libdaisy.a(stm32h7xx_hal_rcc_ex.o)
                0x0000000008008d40                HAL_RCCEx_GetPLL1ClockFreq
 .text.HAL_RCCEx_GetPeriphCLKFreq
                0x0000000008008ebc      0x198 ../../libDaisy/build/libdaisy.a(stm32h7xx_hal_rcc_ex.o)
                0x0000000008008ebc                HAL_RCCEx_GetPeriphCLKFreq
 .text.HAL_RCCEx_GetD1SysClockFreq
                0x0000000008009054       0x2c ../../libDaisy/build/libdaisy.a(stm32h7xx_hal_rcc_ex.o)
                0x0000000008009054                HAL_RCCEx_GetD1SysClockFreq
 .text.HAL_SAI_Init.part.0
                0x0000000008009080      0x348 ../../libDaisy/build/libdaisy.a(stm32h7xx_hal_sai.o)
 .text.HAL_SAI_InitProtocol
                0x00000000080093c8      0x178 ../../libDaisy/build/libdaisy.a(stm32h7xx_hal_sai.o)
                0x00000000080093c8                HAL_SAI_InitProtocol
 .text.HAL_SDRAM_Init
                0x0000000008009540       0x54 ../../libDaisy/build/libdaisy.a(stm32h7xx_hal_sdram.o)
                0x0000000008009540                HAL_SDRAM_Init
 .text.HAL_SDRAM_SendCommand
                0x0000000008009594       0x40 ../../libDaisy/build/libdaisy.a(stm32h7xx_hal_sdram.o)
                0x0000000008009594                HAL_SDRAM_SendCommand
 .text.HAL_SDRAM_ProgramRefreshRate
                0x00000000080095d4       0x30 ../../libDaisy/build/libdaisy.a(stm32h7xx_hal_sdram.o)
                0x00000000080095d4                HAL_SDRAM_ProgramRefreshRate
 .text.FMC_SDRAM_Init
                0x0000000008009604       0x7c ../../libDaisy/build/libdaisy.a(stm32h7xx_ll_fmc.o)
                0x0000000008009604                FMC_SDRAM_Init
 .text.FMC_SDRAM_Timing_Init
                0x0000000008009680       0x98 ../../libDaisy/build/libdaisy.a(stm32h7xx_ll_fmc.o)
                0x0000000008009680                FMC_SDRAM_Timing_Init
 .text.FMC_SDRAM_SendCommand
                0x0000000008009718       0x28 ../../libDaisy/build/libdaisy.a(stm32h7xx_ll_fmc.o)
                0x0000000008009718                FMC_SDRAM_SendCommand
 .text.FMC_SDRAM_ProgramRefreshRate
                0x0000000008009740       0x1c ../../libDaisy/build/libdaisy.a(stm32h7xx_ll_fmc.o)
                0x0000000008009740                FMC_SDRAM_ProgramRefreshRate
 .text.USB_CoreInit
                0x000000000800975c      0x124 ../../libDaisy/build/libdaisy.a(stm32h7xx_ll_usb.o)
                0x000000000800975c                USB_CoreInit
 .text.USB_SetTurnaroundTime
                0x0000000008009880      0x104 ../../libDaisy/build/libdaisy.a(stm32h7xx_ll_usb.o)
                0x0000000008009880                USB_SetTurnaroundTime
 .text.USB_EnableGlobalInt
                0x0000000008009984       0x10 ../../libDaisy/build/libdaisy.a(stm32h7xx_ll_usb.o)
                0x0000000008009984                USB_EnableGlobalInt
 .text.USB_DisableGlobalInt
                0x0000000008009994       0x10 ../../libDaisy/build/libdaisy.a(stm32h7xx_ll_usb.o)
                0x0000000008009994                USB_DisableGlobalInt
 .text.USB_SetCurrentMode
                0x00000000080099a4       0x30 ../../libDaisy/build/libdaisy.a(stm32h7xx_ll_usb.o)
                0x00000000080099a4                USB_SetCurrentMode
 .text.USB_DevInit
                0x00000000080099d4      0x20c ../../libDaisy/build/libdaisy.a(stm32h7xx_ll_usb.o)
                0x00000000080099d4                USB_DevInit
 .text.USB_FlushTxFifo
                0x0000000008009be0       0x34 ../../libDaisy/build/libdaisy.a(stm32h7xx_ll_usb.o)
                0x0000000008009be0                USB_FlushTxFifo
 .text.USB_GetDevSpeed
                0x0000000008009c14       0x24 ../../libDaisy/build/libdaisy.a(stm32h7xx_ll_usb.o)
                0x0000000008009c14                USB_GetDevSpeed
 .text.USB_ActivateEndpoint
                0x0000000008009c38       0x90 ../../libDaisy/build/libdaisy.a(stm32h7xx_ll_usb.o)
                0x0000000008009c38                USB_ActivateEndpoint
 .text.USB_DeactivateEndpoint
                0x0000000008009cc8       0x84 ../../libDaisy/build/libdaisy.a(stm32h7xx_ll_usb.o)
                0x0000000008009cc8                USB_DeactivateEndpoint
 .text.USB_EPStartXfer
                0x0000000008009d4c      0x230 ../../libDaisy/build/libdaisy.a(stm32h7xx_ll_usb.o)
                0x0000000008009d4c                USB_EPStartXfer
 .text.USB_EP0StartXfer
                0x0000000008009f7c      0x174 ../../libDaisy/build/libdaisy.a(stm32h7xx_ll_usb.o)
                0x0000000008009f7c                USB_EP0StartXfer
 .text.USB_WritePacket
                0x000000000800a0f0       0x2c ../../libDaisy/build/libdaisy.a(stm32h7xx_ll_usb.o)
                0x000000000800a0f0                USB_WritePacket
 .text.USB_ReadPacket
                0x000000000800a11c       0x20 ../../libDaisy/build/libdaisy.a(stm32h7xx_ll_usb.o)
                0x000000000800a11c                USB_ReadPacket
 .text.USB_EPSetStall
                0x000000000800a13c       0x68 ../../libDaisy/build/libdaisy.a(stm32h7xx_ll_usb.o)
                0x000000000800a13c                USB_EPSetStall
 .text.USB_EPClearStall
                0x000000000800a1a4       0x58 ../../libDaisy/build/libdaisy.a(stm32h7xx_ll_usb.o)
                0x000000000800a1a4                USB_EPClearStall
 .text.USB_SetDevAddress
                0x000000000800a1fc       0x24 ../../libDaisy/build/libdaisy.a(stm32h7xx_ll_usb.o)
                0x000000000800a1fc                USB_SetDevAddress
 .text.USB_DevConnect
                0x000000000800a220       0x1c ../../libDaisy/build/libdaisy.a(stm32h7xx_ll_usb.o)
                0x000000000800a220                USB_DevConnect
 .text.USB_DevDisconnect
                0x000000000800a23c       0x1c ../../libDaisy/build/libdaisy.a(stm32h7xx_ll_usb.o)
                0x000000000800a23c                USB_DevDisconnect
 .text.USB_ReadInterrupts
                0x000000000800a258       0x14 ../../libDaisy/build/libdaisy.a(stm32h7xx_ll_usb.o)
                0x000000000800a258                USB_ReadInterrupts
 .text.USB_ReadDevAllOutEpInterrupt
                0x000000000800a26c       0x1c ../../libDaisy/build/libdaisy.a(stm32h7xx_ll_usb.o)
                0x000000000800a26c                USB_ReadDevAllOutEpInterrupt
 .text.USB_ReadDevAllInEpInterrupt
                0x000000000800a288       0x1c ../../libDaisy/build/libdaisy.a(stm32h7xx_ll_usb.o)
                0x000000000800a288                USB_ReadDevAllInEpInterrupt
 .text.USB_ReadDevOutEPInterrupt
                0x000000000800a2a4       0x1c ../../libDaisy/build/libdaisy.a(stm32h7xx_ll_usb.o)
                0x000000000800a2a4                USB_ReadDevOutEPInterrupt
 .text.USB_ReadDevInEPInterrupt
                0x000000000800a2c0       0x38 ../../libDaisy/build/libdaisy.a(stm32h7xx_ll_usb.o)
                0x000000000800a2c0                USB_ReadDevInEPInterrupt
 .text.USB_GetMode
                0x000000000800a2f8        0x8 ../../libDaisy/build/libdaisy.a(stm32h7xx_ll_usb.o)
                0x000000000800a2f8                USB_GetMode
 .text.USB_ActivateSetup
                0x000000000800a300       0x38 ../../libDaisy/build/libdaisy.a(stm32h7xx_ll_usb.o)
                0x000000000800a300                USB_ActivateSetup
 .text.USB_EP0_OutStart
                0x000000000800a338       0x58 ../../libDaisy/build/libdaisy.a(stm32h7xx_ll_usb.o)
                0x000000000800a338                USB_EP0_OutStart
 .text.USB_InitFSLSPClkSel
                0x000000000800a390       0x44 ../../libDaisy/build/libdaisy.a(stm32h7xx_ll_usb.o)
                0x000000000800a390                USB_InitFSLSPClkSel
 .text.USB_HC_ReadInterrupt
                0x000000000800a3d4        0x8 ../../libDaisy/build/libdaisy.a(stm32h7xx_ll_usb.o)
                0x000000000800a3d4                USB_HC_ReadInterrupt
 .text.USB_HC_Halt
                0x000000000800a3dc       0xc0 ../../libDaisy/build/libdaisy.a(stm32h7xx_ll_usb.o)
                0x000000000800a3dc                USB_HC_Halt
 .text.USB_StopHost
                0x000000000800a49c      0x2ec ../../libDaisy/build/libdaisy.a(stm32h7xx_ll_usb.o)
                0x000000000800a49c                USB_StopHost
 .text.USBD_CDC_EP0_RxReady
                0x000000000800a788       0x2c ../../libDaisy/build/libdaisy.a(usbd_cdc.o)
 .text.USBD_CDC_GetFSCfgDesc
                0x000000000800a7b4       0x24 ../../libDaisy/build/libdaisy.a(usbd_cdc.o)
 .text.USBD_CDC_GetHSCfgDesc
                0x000000000800a7d8       0x24 ../../libDaisy/build/libdaisy.a(usbd_cdc.o)
 .text.USBD_CDC_GetOtherSpeedCfgDesc
                0x000000000800a7fc       0x24 ../../libDaisy/build/libdaisy.a(usbd_cdc.o)
 .text.USBD_CDC_GetDeviceQualifierDescriptor
                0x000000000800a820       0x10 ../../libDaisy/build/libdaisy.a(usbd_cdc.o)
                0x000000000800a820                USBD_CDC_GetDeviceQualifierDescriptor
 .text.USBD_CDC_DataOut
                0x000000000800a830       0x30 ../../libDaisy/build/libdaisy.a(usbd_cdc.o)
 .text.USBD_CDC_DataIn
                0x000000000800a860       0x50 ../../libDaisy/build/libdaisy.a(usbd_cdc.o)
 .text.USBD_CDC_Setup
                0x000000000800a8b0       0xcc ../../libDaisy/build/libdaisy.a(usbd_cdc.o)
 .text.USBD_CDC_DeInit
                0x000000000800a97c       0x44 ../../libDaisy/build/libdaisy.a(usbd_cdc.o)
 .text.USBD_CDC_Init
                0x000000000800a9c0       0x94 ../../libDaisy/build/libdaisy.a(usbd_cdc.o)
 .text.USBD_CDC_RegisterInterface
                0x000000000800aa54       0x10 ../../libDaisy/build/libdaisy.a(usbd_cdc.o)
                0x000000000800aa54                USBD_CDC_RegisterInterface
 .text.USBD_CDC_SetTxBuffer
                0x000000000800aa64       0x14 ../../libDaisy/build/libdaisy.a(usbd_cdc.o)
                0x000000000800aa64                USBD_CDC_SetTxBuffer
 .text.USBD_CDC_SetRxBuffer
                0x000000000800aa78       0x10 ../../libDaisy/build/libdaisy.a(usbd_cdc.o)
                0x000000000800aa78                USBD_CDC_SetRxBuffer
 .text.USBD_CDC_TransmitPacket
                0x000000000800aa88       0x34 ../../libDaisy/build/libdaisy.a(usbd_cdc.o)
                0x000000000800aa88                USBD_CDC_TransmitPacket
 .text.USBD_CDC_ReceivePacket
                0x000000000800aabc       0x38 ../../libDaisy/build/libdaisy.a(usbd_cdc.o)
                0x000000000800aabc                USBD_CDC_ReceivePacket
 .text.USBD_Init
                0x000000000800aaf4       0x44 ../../libDaisy/build/libdaisy.a(usbd_core.o)
                0x000000000800aaf4                USBD_Init
 .text.USBD_RegisterClass
                0x000000000800ab38       0x2c ../../libDaisy/build/libdaisy.a(usbd_core.o)
                0x000000000800ab38                USBD_RegisterClass
 .text.USBD_Start
                0x000000000800ab64        0xc ../../libDaisy/build/libdaisy.a(usbd_core.o)
                0x000000000800ab64                USBD_Start
 .text.USBD_SetClassConfig
                0x000000000800ab70       0x14 ../../libDaisy/build/libdaisy.a(usbd_core.o)
                0x000000000800ab70                USBD_SetClassConfig
 .text.USBD_ClrClassConfig
                0x000000000800ab84       0x10 ../../libDaisy/build/libdaisy.a(usbd_core.o)
                0x000000000800ab84                USBD_ClrClassConfig
 .text.USBD_LL_SetupStage
                0x000000000800ab94       0x5c ../../libDaisy/build/libdaisy.a(usbd_core.o)
                0x000000000800ab94                USBD_LL_SetupStage
 .text.USBD_LL_DataOutStage
                0x000000000800abf0       0x7c ../../libDaisy/build/libdaisy.a(usbd_core.o)
                0x000000000800abf0                USBD_LL_DataOutStage
 .text.USBD_LL_DataInStage
                0x000000000800ac6c       0xcc ../../libDaisy/build/libdaisy.a(usbd_core.o)
                0x000000000800ac6c                USBD_LL_DataInStage
 .text.USBD_LL_Reset
                0x000000000800ad38       0x50 ../../libDaisy/build/libdaisy.a(usbd_core.o)
                0x000000000800ad38                USBD_LL_Reset
 .text.USBD_LL_SetSpeed
                0x000000000800ad88        0x8 ../../libDaisy/build/libdaisy.a(usbd_core.o)
                0x000000000800ad88                USBD_LL_SetSpeed
 .text.USBD_LL_Suspend
                0x000000000800ad90       0x14 ../../libDaisy/build/libdaisy.a(usbd_core.o)
                0x000000000800ad90                USBD_LL_Suspend
 .text.USBD_LL_Resume
                0x000000000800ada4       0x10 ../../libDaisy/build/libdaisy.a(usbd_core.o)
                0x000000000800ada4                USBD_LL_Resume
 .text.USBD_LL_SOF
                0x000000000800adb4       0x1c ../../libDaisy/build/libdaisy.a(usbd_core.o)
                0x000000000800adb4                USBD_LL_SOF
 .text.USBD_LL_IsoINIncomplete
                0x000000000800add0        0x4 ../../libDaisy/build/libdaisy.a(usbd_core.o)
                0x000000000800add0                USBD_LL_IsoINIncomplete
 .text.USBD_LL_IsoOUTIncomplete
                0x000000000800add4        0x4 ../../libDaisy/build/libdaisy.a(usbd_core.o)
                0x000000000800add4                USBD_LL_IsoOUTIncomplete
 .text.USBD_LL_DevConnected
                0x000000000800add8        0x4 ../../libDaisy/build/libdaisy.a(usbd_core.o)
                0x000000000800add8                USBD_LL_DevConnected
 .text.USBD_LL_DevDisconnected
                0x000000000800addc       0x18 ../../libDaisy/build/libdaisy.a(usbd_core.o)
                0x000000000800addc                USBD_LL_DevDisconnected
 .text.USBD_StdDevReq
                0x000000000800adf4      0x304 ../../libDaisy/build/libdaisy.a(usbd_ctlreq.o)
                0x000000000800adf4                USBD_StdDevReq
 .text.USBD_StdItfReq
                0x000000000800b0f8       0x68 ../../libDaisy/build/libdaisy.a(usbd_ctlreq.o)
                0x000000000800b0f8                USBD_StdItfReq
 .text.USBD_StdEPReq
                0x000000000800b160      0x13c ../../libDaisy/build/libdaisy.a(usbd_ctlreq.o)
                0x000000000800b160                USBD_StdEPReq
 .text.USBD_ParseSetupRequest
                0x000000000800b29c       0x28 ../../libDaisy/build/libdaisy.a(usbd_ctlreq.o)
                0x000000000800b29c                USBD_ParseSetupRequest
 .text.USBD_CtlError
                0x000000000800b2c4       0x18 ../../libDaisy/build/libdaisy.a(usbd_ctlreq.o)
                0x000000000800b2c4                USBD_CtlError
 .text.USBD_GetString
                0x000000000800b2dc       0x54 ../../libDaisy/build/libdaisy.a(usbd_ctlreq.o)
                0x000000000800b2dc                USBD_GetString
 .text.USBD_CtlSendData
                0x000000000800b330       0x1c ../../libDaisy/build/libdaisy.a(usbd_ioreq.o)
                0x000000000800b330                USBD_CtlSendData
 .text.USBD_CtlContinueSendData
                0x000000000800b34c       0x14 ../../libDaisy/build/libdaisy.a(usbd_ioreq.o)
                0x000000000800b34c                USBD_CtlContinueSendData
 .text.USBD_CtlPrepareRx
                0x000000000800b360       0x1c ../../libDaisy/build/libdaisy.a(usbd_ioreq.o)
                0x000000000800b360                USBD_CtlPrepareRx
 .text.USBD_CtlContinueRx
                0x000000000800b37c       0x14 ../../libDaisy/build/libdaisy.a(usbd_ioreq.o)
                0x000000000800b37c                USBD_CtlContinueRx
 .text.USBD_CtlSendStatus
                0x000000000800b390       0x18 ../../libDaisy/build/libdaisy.a(usbd_ioreq.o)
                0x000000000800b390                USBD_CtlSendStatus
 .text.USBD_CtlReceiveStatus
                0x000000000800b3a8       0x18 ../../libDaisy/build/libdaisy.a(usbd_ioreq.o)
                0x000000000800b3a8                USBD_CtlReceiveStatus
 .text.USBH_LL_IncTimer
                0x000000000800b3c0       0x20 ../../libDaisy/build/libdaisy.a(usbh_core.o)
                0x000000000800b3c0                USBH_LL_IncTimer
 .text.USBH_LL_PortEnabled
                0x000000000800b3e0        0x8 ../../libDaisy/build/libdaisy.a(usbh_core.o)
                0x000000000800b3e0                USBH_LL_PortEnabled
 .text.USBH_LL_PortDisabled
                0x000000000800b3e8        0x8 ../../libDaisy/build/libdaisy.a(usbh_core.o)
                0x000000000800b3e8                USBH_LL_PortDisabled
 .text.USBH_LL_Connect
                0x000000000800b3f0       0x18 ../../libDaisy/build/libdaisy.a(usbh_core.o)
                0x000000000800b3f0                USBH_LL_Connect
 .text.USBH_LL_Disconnect
                0x000000000800b408       0x2c ../../libDaisy/build/libdaisy.a(usbh_core.o)
                0x000000000800b408                USBH_LL_Disconnect
 .text.USBH_FreePipe
                0x000000000800b434       0x18 ../../libDaisy/build/libdaisy.a(usbh_pipes.o)
                0x000000000800b434                USBH_FreePipe
 .text._ZN5daisy6Random4InitEv
                0x000000000800b44c       0x3c ../../libDaisy/build/libdaisy.a(rng.o)
                0x000000000800b44c                daisy::Random::Init()
 .text._ZN5daisy9SpiHandle4Impl7InitDmaEv
                0x000000000800b488       0xec ../../libDaisy/build/libdaisy.a(spi.o)
                0x000000000800b488                daisy::SpiHandle::Impl::InitDma()
 .text._ZN5daisy9SpiHandle4Impl10StartDmaTxEPhjPFvPvEPFvS3_NS0_6ResultEES3_
                0x000000000800b574       0xc8 ../../libDaisy/build/libdaisy.a(spi.o)
                0x000000000800b574                daisy::SpiHandle::Impl::StartDmaTx(unsigned char*, unsigned int, void (*)(void*), void (*)(void*, daisy::SpiHandle::Result), void*)
 .text._ZN5daisy9SpiHandle4Impl10StartDmaRxEPhjPFvPvEPFvS3_NS0_6ResultEES3_
                0x000000000800b63c       0xc8 ../../libDaisy/build/libdaisy.a(spi.o)
                0x000000000800b63c                daisy::SpiHandle::Impl::StartDmaRx(unsigned char*, unsigned int, void (*)(void*), void (*)(void*, daisy::SpiHandle::Result), void*)
 .text._ZN5daisy9SpiHandle4Impl12StartDmaRxTxEPhS2_jPFvPvEPFvS3_NS0_6ResultEES3_
                0x000000000800b704       0xcc ../../libDaisy/build/libdaisy.a(spi.o)
                0x000000000800b704                daisy::SpiHandle::Impl::StartDmaRxTx(unsigned char*, unsigned char*, unsigned int, void (*)(void*), void (*)(void*, daisy::SpiHandle::Result), void*)
 .text._ZN5daisy9SpiHandle4Impl8InitPinsEv
                0x000000000800b7d0      0x274 ../../libDaisy/build/libdaisy.a(spi.o)
                0x000000000800b7d0                daisy::SpiHandle::Impl::InitPins()
 .text.HAL_SPI_MspInit
                0x000000000800ba44      0x1a8 ../../libDaisy/build/libdaisy.a(spi.o)
                0x000000000800ba44                HAL_SPI_MspInit
 .text.dsy_spi_global_init
                0x000000000800bbec       0x80 ../../libDaisy/build/libdaisy.a(spi.o)
                0x000000000800bbec                dsy_spi_global_init
 .text.SPI1_IRQHandler
                0x000000000800bc6c        0xc ../../libDaisy/build/libdaisy.a(spi.o)
                0x000000000800bc6c                SPI1_IRQHandler
 .text.SPI2_IRQHandler
                0x000000000800bc78        0xc ../../libDaisy/build/libdaisy.a(spi.o)
                0x000000000800bc78                SPI2_IRQHandler
 .text.SPI3_IRQHandler
                0x000000000800bc84        0xc ../../libDaisy/build/libdaisy.a(spi.o)
                0x000000000800bc84                SPI3_IRQHandler
 .text.SPI4_IRQHandler
                0x000000000800bc90        0xc ../../libDaisy/build/libdaisy.a(spi.o)
                0x000000000800bc90                SPI4_IRQHandler
 .text.SPI5_IRQHandler
                0x000000000800bc9c        0xc ../../libDaisy/build/libdaisy.a(spi.o)
                0x000000000800bc9c                SPI5_IRQHandler
 .text.DMA2_Stream2_IRQHandler
                0x000000000800bca8       0x34 ../../libDaisy/build/libdaisy.a(spi.o)
                0x000000000800bca8                DMA2_Stream2_IRQHandler
 .text.DMA2_Stream3_IRQHandler
                0x000000000800bcdc       0x38 ../../libDaisy/build/libdaisy.a(spi.o)
                0x000000000800bcdc                DMA2_Stream3_IRQHandler
 .text.HAL_SPI_TxCpltCallback
                0x000000000800bd14       0xc4 ../../libDaisy/build/libdaisy.a(spi.o)
                0x000000000800bd14                HAL_SPI_TxCpltCallback
 .text.HAL_SPI_RxCpltCallback
                0x000000000800bdd8       0xc4 ../../libDaisy/build/libdaisy.a(spi.o)
                0x000000000800bdd8                HAL_SPI_RxCpltCallback
 .text.HAL_SPI_TxRxCpltCallback
                0x000000000800be9c       0xc4 ../../libDaisy/build/libdaisy.a(spi.o)
                0x000000000800be9c                HAL_SPI_TxRxCpltCallback
 .text.HAL_SPI_ErrorCallback
                0x000000000800bf60       0xc8 ../../libDaisy/build/libdaisy.a(spi.o)
                0x000000000800bf60                HAL_SPI_ErrorCallback
 .text.startup._GLOBAL__sub_I__Z19MapInstanceToHandleP11SPI_TypeDef
                0x000000000800c028      0x1b0 ../../libDaisy/build/libdaisy.a(spi.o)
 .text.HAL_TIM_Base_MspInit
                0x000000000800c1d8      0x1e0 ../../libDaisy/build/libdaisy.a(tim.o)
                0x000000000800c1d8                HAL_TIM_Base_MspInit
 .text.HAL_TIM_PeriodElapsedCallback
                0x000000000800c3b8       0x44 ../../libDaisy/build/libdaisy.a(tim.o)
                0x000000000800c3b8                HAL_TIM_PeriodElapsedCallback
 .text.TIM2_IRQHandler
                0x000000000800c3fc        0xc ../../libDaisy/build/libdaisy.a(tim.o)
                0x000000000800c3fc                TIM2_IRQHandler
 .text.TIM3_IRQHandler
                0x000000000800c408        0xc ../../libDaisy/build/libdaisy.a(tim.o)
                0x000000000800c408                TIM3_IRQHandler
 .text.TIM4_IRQHandler
                0x000000000800c414        0xc ../../libDaisy/build/libdaisy.a(tim.o)
                0x000000000800c414                TIM4_IRQHandler
 .text.TIM5_IRQHandler
                0x000000000800c420        0xc ../../libDaisy/build/libdaisy.a(tim.o)
                0x000000000800c420                TIM5_IRQHandler
 .text._ZN5daisy11TimerHandle4InitERKNS0_6ConfigE
                0x000000000800c42c       0xd0 ../../libDaisy/build/libdaisy.a(tim.o)
                0x000000000800c42c                daisy::TimerHandle::Init(daisy::TimerHandle::Config const&)
 .text._ZN5daisy11TimerHandle5StartEv
                0x000000000800c4fc       0x24 ../../libDaisy/build/libdaisy.a(tim.o)
                0x000000000800c4fc                daisy::TimerHandle::Start()
 .text._ZN5daisy11TimerHandle7DelayUsEm
                0x000000000800c520       0x34 ../../libDaisy/build/libdaisy.a(tim.o)
                0x000000000800c520                daisy::TimerHandle::DelayUs(unsigned long)
 .text.startup._GLOBAL__sub_I__ZN5daisy11TimerHandle4Impl4InitERKNS0_6ConfigE
                0x000000000800c554       0x38 ../../libDaisy/build/libdaisy.a(tim.o)
 .text._ZL20UART_CheckRxListenerPN5daisy11UartHandler4ImplE
                0x000000000800c58c       0x84 ../../libDaisy/build/libdaisy.a(uart.o)
 .text._ZN5daisy11UartHandler4Impl10StartDmaTxEPhjPFvPvEPFvS3_NS0_6ResultEES3_
                0x000000000800c610      0x184 ../../libDaisy/build/libdaisy.a(uart.o)
                0x000000000800c610                daisy::UartHandler::Impl::StartDmaTx(unsigned char*, unsigned int, void (*)(void*), void (*)(void*, daisy::UartHandler::Result), void*)
 .text._ZN5daisy11UartHandler4Impl10StartDmaRxEPhjPFvPvEPFvS3_NS0_6ResultEES3_
                0x000000000800c794      0x184 ../../libDaisy/build/libdaisy.a(uart.o)
                0x000000000800c794                daisy::UartHandler::Impl::StartDmaRx(unsigned char*, unsigned int, void (*)(void*), void (*)(void*, daisy::UartHandler::Result), void*)
 .text._ZN5daisy11UartHandler4Impl19DmaTransferFinishedEP20__UART_HandleTypeDefNS0_6ResultE
                0x000000000800c918       0xc0 ../../libDaisy/build/libdaisy.a(uart.o)
                0x000000000800c918                daisy::UartHandler::Impl::DmaTransferFinished(__UART_HandleTypeDef*, daisy::UartHandler::Result)
 .text._ZN5daisy11UartHandler4Impl8InitPinsEv
                0x000000000800c9d8      0x154 ../../libDaisy/build/libdaisy.a(uart.o)
                0x000000000800c9d8                daisy::UartHandler::Impl::InitPins()
 .text.HAL_UART_MspInit
                0x000000000800cb2c      0x210 ../../libDaisy/build/libdaisy.a(uart.o)
                0x000000000800cb2c                HAL_UART_MspInit
 .text.dsy_uart_global_init
                0x000000000800cd3c       0xfc ../../libDaisy/build/libdaisy.a(uart.o)
                0x000000000800cd3c                dsy_uart_global_init
 .text.USART1_IRQHandler
                0x000000000800ce38       0x2c ../../libDaisy/build/libdaisy.a(uart.o)
                0x000000000800ce38                USART1_IRQHandler
 .text.USART2_IRQHandler
                0x000000000800ce64       0x34 ../../libDaisy/build/libdaisy.a(uart.o)
                0x000000000800ce64                USART2_IRQHandler
 .text.USART3_IRQHandler
                0x000000000800ce98       0x34 ../../libDaisy/build/libdaisy.a(uart.o)
                0x000000000800ce98                USART3_IRQHandler
 .text.UART4_IRQHandler
                0x000000000800cecc       0x34 ../../libDaisy/build/libdaisy.a(uart.o)
                0x000000000800cecc                UART4_IRQHandler
 .text.UART5_IRQHandler
                0x000000000800cf00       0x34 ../../libDaisy/build/libdaisy.a(uart.o)
                0x000000000800cf00                UART5_IRQHandler
 .text.USART6_IRQHandler
                0x000000000800cf34       0x34 ../../libDaisy/build/libdaisy.a(uart.o)
                0x000000000800cf34                USART6_IRQHandler
 .text.UART7_IRQHandler
                0x000000000800cf68       0x34 ../../libDaisy/build/libdaisy.a(uart.o)
                0x000000000800cf68                UART7_IRQHandler
 .text.UART8_IRQHandler
                0x000000000800cf9c       0x34 ../../libDaisy/build/libdaisy.a(uart.o)
                0x000000000800cf9c                UART8_IRQHandler
 .text.LPUART1_IRQHandler
                0x000000000800cfd0       0x34 ../../libDaisy/build/libdaisy.a(uart.o)
                0x000000000800cfd0                LPUART1_IRQHandler
 .text.DMA1_Stream5_IRQHandler
                0x000000000800d004       0x34 ../../libDaisy/build/libdaisy.a(uart.o)
                0x000000000800d004                DMA1_Stream5_IRQHandler
 .text.DMA2_Stream4_IRQHandler
                0x000000000800d038       0x38 ../../libDaisy/build/libdaisy.a(uart.o)
                0x000000000800d038                DMA2_Stream4_IRQHandler
 .text.HAL_UART_TxCpltCallback
                0x000000000800d070        0x8 ../../libDaisy/build/libdaisy.a(uart.o)
                0x000000000800d070                HAL_UART_TxCpltCallback
 .text.HAL_UART_RxCpltCallback
                0x000000000800d078       0x94 ../../libDaisy/build/libdaisy.a(uart.o)
                0x000000000800d078                HAL_UART_RxCpltCallback
 .text.HAL_UART_RxHalfCpltCallback
                0x000000000800d10c       0x90 ../../libDaisy/build/libdaisy.a(uart.o)
                0x000000000800d10c                HAL_UART_RxHalfCpltCallback
 .text.HAL_UART_ErrorCallback
                0x000000000800d19c        0x8 ../../libDaisy/build/libdaisy.a(uart.o)
                0x000000000800d19c                HAL_UART_ErrorCallback
 .text.startup._GLOBAL__sub_I__Z19MapInstanceToHandleP13USART_TypeDef
                0x000000000800d1a4      0x194 ../../libDaisy/build/libdaisy.a(uart.o)
 .text.dsy_dma_init
                0x000000000800d338      0x100 ../../libDaisy/build/libdaisy.a(dma.o)
                0x000000000800d338                dsy_dma_init
 .text.dsy_dma_invalidate_cache_for_buffer
                0x000000000800d438       0x2c ../../libDaisy/build/libdaisy.a(dma.o)
                0x000000000800d438                dsy_dma_invalidate_cache_for_buffer
 .text.HAL_MDMA_Abort_IT
                0x000000000800d464       0x2c ../../libDaisy/build/libdaisy.a(stm32h7xx_hal_mdma.o)
                0x000000000800d464                HAL_MDMA_Abort_IT
 .text.SPI_CloseTransfer
                0x000000000800d490       0xb8 ../../libDaisy/build/libdaisy.a(stm32h7xx_hal_spi.o)
 .text.HAL_SPI_Init
                0x000000000800d548      0x15c ../../libDaisy/build/libdaisy.a(stm32h7xx_hal_spi.o)
                0x000000000800d548                HAL_SPI_Init
 .text.HAL_SPI_Transmit_DMA
                0x000000000800d6a4      0x170 ../../libDaisy/build/libdaisy.a(stm32h7xx_hal_spi.o)
                0x000000000800d6a4                HAL_SPI_Transmit_DMA
 .text.HAL_SPI_TransmitReceive_DMA
                0x000000000800d814      0x218 ../../libDaisy/build/libdaisy.a(stm32h7xx_hal_spi.o)
                0x000000000800d814                HAL_SPI_TransmitReceive_DMA
 .text.HAL_SPI_Receive_DMA
                0x000000000800da2c      0x1b4 ../../libDaisy/build/libdaisy.a(stm32h7xx_hal_spi.o)
                0x000000000800da2c                HAL_SPI_Receive_DMA
 .text.SPI_DMATransmitCplt
                0x000000000800dbe0       0x28 ../../libDaisy/build/libdaisy.a(stm32h7xx_hal_spi.o)
 .text.SPI_DMAReceiveCplt
                0x000000000800dc08       0x28 ../../libDaisy/build/libdaisy.a(stm32h7xx_hal_spi.o)
 .text.SPI_DMATransmitReceiveCplt
                0x000000000800dc30       0x28 ../../libDaisy/build/libdaisy.a(stm32h7xx_hal_spi.o)
 .text.HAL_SPI_TxHalfCpltCallback
                0x000000000800dc58        0x4 ../../libDaisy/build/libdaisy.a(stm32h7xx_hal_spi.o)
                0x000000000800dc58                HAL_SPI_TxHalfCpltCallback
 .text.SPI_DMAHalfTransmitCplt
                0x000000000800dc5c        0xc ../../libDaisy/build/libdaisy.a(stm32h7xx_hal_spi.o)
 .text.HAL_SPI_RxHalfCpltCallback
                0x000000000800dc68        0x4 ../../libDaisy/build/libdaisy.a(stm32h7xx_hal_spi.o)
                0x000000000800dc68                HAL_SPI_RxHalfCpltCallback
 .text.SPI_DMAHalfReceiveCplt
                0x000000000800dc6c        0xc ../../libDaisy/build/libdaisy.a(stm32h7xx_hal_spi.o)
 .text.HAL_SPI_TxRxHalfCpltCallback
                0x000000000800dc78        0x4 ../../libDaisy/build/libdaisy.a(stm32h7xx_hal_spi.o)
                0x000000000800dc78                HAL_SPI_TxRxHalfCpltCallback
 .text.SPI_DMAHalfTransmitReceiveCplt
                0x000000000800dc7c        0xc ../../libDaisy/build/libdaisy.a(stm32h7xx_hal_spi.o)
 .text.SPI_DMAError
                0x000000000800dc88       0xd8 ../../libDaisy/build/libdaisy.a(stm32h7xx_hal_spi.o)
 .text.HAL_SPI_IRQHandler
                0x000000000800dd60      0x23c ../../libDaisy/build/libdaisy.a(stm32h7xx_hal_spi.o)
                0x000000000800dd60                HAL_SPI_IRQHandler
 .text.SPI_DMAAbortOnError
                0x000000000800df9c       0x1c ../../libDaisy/build/libdaisy.a(stm32h7xx_hal_spi.o)
 .text.HAL_SPI_GetState
                0x000000000800dfb8        0x8 ../../libDaisy/build/libdaisy.a(stm32h7xx_hal_spi.o)
                0x000000000800dfb8                HAL_SPI_GetState
 .text.HAL_TIM_Base_Init
                0x000000000800dfc0      0x140 ../../libDaisy/build/libdaisy.a(stm32h7xx_hal_tim.o)
                0x000000000800dfc0                HAL_TIM_Base_Init
 .text.HAL_TIM_Base_Start
                0x000000000800e100       0x34 ../../libDaisy/build/libdaisy.a(stm32h7xx_hal_tim.o)
                0x000000000800e100                HAL_TIM_Base_Start
 .text.HAL_TIM_Base_Start_IT
                0x000000000800e134       0x2c ../../libDaisy/build/libdaisy.a(stm32h7xx_hal_tim.o)
                0x000000000800e134                HAL_TIM_Base_Start_IT
 .text.HAL_TIM_ConfigClockSource
                0x000000000800e160      0x17c ../../libDaisy/build/libdaisy.a(stm32h7xx_hal_tim.o)
                0x000000000800e160                HAL_TIM_ConfigClockSource
 .text.HAL_TIM_OC_DelayElapsedCallback
                0x000000000800e2dc        0x4 ../../libDaisy/build/libdaisy.a(stm32h7xx_hal_tim.o)
                0x000000000800e2dc                HAL_TIM_OC_DelayElapsedCallback
 .text.HAL_TIM_IC_CaptureCallback
                0x000000000800e2e0        0x4 ../../libDaisy/build/libdaisy.a(stm32h7xx_hal_tim.o)
                0x000000000800e2e0                HAL_TIM_IC_CaptureCallback
 .text.HAL_TIM_PWM_PulseFinishedCallback
                0x000000000800e2e4        0x4 ../../libDaisy/build/libdaisy.a(stm32h7xx_hal_tim.o)
                0x000000000800e2e4                HAL_TIM_PWM_PulseFinishedCallback
 .text.HAL_TIM_TriggerCallback
                0x000000000800e2e8        0x4 ../../libDaisy/build/libdaisy.a(stm32h7xx_hal_tim.o)
                0x000000000800e2e8                HAL_TIM_TriggerCallback
 .text.HAL_TIM_IRQHandler
                0x000000000800e2ec      0x170 ../../libDaisy/build/libdaisy.a(stm32h7xx_hal_tim.o)
                0x000000000800e2ec                HAL_TIM_IRQHandler
 .text.HAL_TIMEx_MasterConfigSynchronization
                0x000000000800e45c       0x64 ../../libDaisy/build/libdaisy.a(stm32h7xx_hal_tim_ex.o)
                0x000000000800e45c                HAL_TIMEx_MasterConfigSynchronization
 .text.HAL_TIMEx_CommutCallback
                0x000000000800e4c0        0x4 ../../libDaisy/build/libdaisy.a(stm32h7xx_hal_tim_ex.o)
                0x000000000800e4c0                HAL_TIMEx_CommutCallback
 .text.HAL_TIMEx_BreakCallback
                0x000000000800e4c4        0x4 ../../libDaisy/build/libdaisy.a(stm32h7xx_hal_tim_ex.o)
                0x000000000800e4c4                HAL_TIMEx_BreakCallback
 .text.HAL_TIMEx_Break2Callback
                0x000000000800e4c8        0x4 ../../libDaisy/build/libdaisy.a(stm32h7xx_hal_tim_ex.o)
                0x000000000800e4c8                HAL_TIMEx_Break2Callback
 .text.HAL_UART_Transmit_DMA
                0x000000000800e4cc       0xa4 ../../libDaisy/build/libdaisy.a(stm32h7xx_hal_uart.o)
                0x000000000800e4cc                HAL_UART_Transmit_DMA
 .text.HAL_UART_Receive_DMA
                0x000000000800e570       0xac ../../libDaisy/build/libdaisy.a(stm32h7xx_hal_uart.o)
                0x000000000800e570                HAL_UART_Receive_DMA
 .text.UART_DMATransmitCplt
                0x000000000800e61c       0x2c ../../libDaisy/build/libdaisy.a(stm32h7xx_hal_uart.o)
 .text.HAL_UART_TxHalfCpltCallback
                0x000000000800e648        0x4 ../../libDaisy/build/libdaisy.a(stm32h7xx_hal_uart.o)
                0x000000000800e648                HAL_UART_TxHalfCpltCallback
 .text.UART_DMATxHalfCplt
                0x000000000800e64c        0xc ../../libDaisy/build/libdaisy.a(stm32h7xx_hal_uart.o)
 .text.UART_DMAReceiveCplt
                0x000000000800e658       0x38 ../../libDaisy/build/libdaisy.a(stm32h7xx_hal_uart.o)
 .text.UART_DMARxHalfCplt
                0x000000000800e690        0xc ../../libDaisy/build/libdaisy.a(stm32h7xx_hal_uart.o)
 .text.UART_DMAError
                0x000000000800e69c       0x78 ../../libDaisy/build/libdaisy.a(stm32h7xx_hal_uart.o)